Archive member included to satisfy reference by file (symbol)

/opt/st/stm32cubeide_1.16.0/plugins/com.st.stm32cube.ide.mcu.externaltools.gnu-tools-for-stm32.12.3.rel1.linux64_1.0.200.202406132123/tools/bin/../lib/gcc/arm-none-eabi/12.3.1/../../../../arm-none-eabi/lib/thumb/v7e-m+fp/hard/libc_nano.a(libc_a-exit.o)
                              /opt/st/stm32cubeide_1.16.0/plugins/com.st.stm32cube.ide.mcu.externaltools.gnu-tools-for-stm32.12.3.rel1.linux64_1.0.200.202406132123/tools/bin/../lib/gcc/arm-none-eabi/12.3.1/../../../../arm-none-eabi/lib/thumb/v7e-m+fp/hard/crt0.o (exit)
/opt/st/stm32cubeide_1.16.0/plugins/com.st.stm32cube.ide.mcu.externaltools.gnu-tools-for-stm32.12.3.rel1.linux64_1.0.200.202406132123/tools/bin/../lib/gcc/arm-none-eabi/12.3.1/../../../../arm-none-eabi/lib/thumb/v7e-m+fp/hard/libc_nano.a(libc_a-findfp.o)
                              /opt/st/stm32cubeide_1.16.0/plugins/com.st.stm32cube.ide.mcu.externaltools.gnu-tools-for-stm32.12.3.rel1.linux64_1.0.200.202406132123/tools/bin/../lib/gcc/arm-none-eabi/12.3.1/../../../../arm-none-eabi/lib/thumb/v7e-m+fp/hard/libc_nano.a(libc_a-exit.o) (__stdio_exit_handler)
/opt/st/stm32cubeide_1.16.0/plugins/com.st.stm32cube.ide.mcu.externaltools.gnu-tools-for-stm32.12.3.rel1.linux64_1.0.200.202406132123/tools/bin/../lib/gcc/arm-none-eabi/12.3.1/../../../../arm-none-eabi/lib/thumb/v7e-m+fp/hard/libc_nano.a(libc_a-fwalk.o)
                              /opt/st/stm32cubeide_1.16.0/plugins/com.st.stm32cube.ide.mcu.externaltools.gnu-tools-for-stm32.12.3.rel1.linux64_1.0.200.202406132123/tools/bin/../lib/gcc/arm-none-eabi/12.3.1/../../../../arm-none-eabi/lib/thumb/v7e-m+fp/hard/libc_nano.a(libc_a-findfp.o) (_fwalk_sglue)
/opt/st/stm32cubeide_1.16.0/plugins/com.st.stm32cube.ide.mcu.externaltools.gnu-tools-for-stm32.12.3.rel1.linux64_1.0.200.202406132123/tools/bin/../lib/gcc/arm-none-eabi/12.3.1/../../../../arm-none-eabi/lib/thumb/v7e-m+fp/hard/libc_nano.a(libc_a-printf.o)
                              ./Core/Src/ApplicationCode.o (printf)
/opt/st/stm32cubeide_1.16.0/plugins/com.st.stm32cube.ide.mcu.externaltools.gnu-tools-for-stm32.12.3.rel1.linux64_1.0.200.202406132123/tools/bin/../lib/gcc/arm-none-eabi/12.3.1/../../../../arm-none-eabi/lib/thumb/v7e-m+fp/hard/libc_nano.a(libc_a-puts.o)
                              ./Core/Src/ApplicationCode.o (puts)
/opt/st/stm32cubeide_1.16.0/plugins/com.st.stm32cube.ide.mcu.externaltools.gnu-tools-for-stm32.12.3.rel1.linux64_1.0.200.202406132123/tools/bin/../lib/gcc/arm-none-eabi/12.3.1/../../../../arm-none-eabi/lib/thumb/v7e-m+fp/hard/libc_nano.a(libc_a-stdio.o)
                              /opt/st/stm32cubeide_1.16.0/plugins/com.st.stm32cube.ide.mcu.externaltools.gnu-tools-for-stm32.12.3.rel1.linux64_1.0.200.202406132123/tools/bin/../lib/gcc/arm-none-eabi/12.3.1/../../../../arm-none-eabi/lib/thumb/v7e-m+fp/hard/libc_nano.a(libc_a-findfp.o) (__sread)
/opt/st/stm32cubeide_1.16.0/plugins/com.st.stm32cube.ide.mcu.externaltools.gnu-tools-for-stm32.12.3.rel1.linux64_1.0.200.202406132123/tools/bin/../lib/gcc/arm-none-eabi/12.3.1/../../../../arm-none-eabi/lib/thumb/v7e-m+fp/hard/libc_nano.a(libc_a-wbuf.o)
                              /opt/st/stm32cubeide_1.16.0/plugins/com.st.stm32cube.ide.mcu.externaltools.gnu-tools-for-stm32.12.3.rel1.linux64_1.0.200.202406132123/tools/bin/../lib/gcc/arm-none-eabi/12.3.1/../../../../arm-none-eabi/lib/thumb/v7e-m+fp/hard/libc_nano.a(libc_a-puts.o) (__swbuf_r)
/opt/st/stm32cubeide_1.16.0/plugins/com.st.stm32cube.ide.mcu.externaltools.gnu-tools-for-stm32.12.3.rel1.linux64_1.0.200.202406132123/tools/bin/../lib/gcc/arm-none-eabi/12.3.1/../../../../arm-none-eabi/lib/thumb/v7e-m+fp/hard/libc_nano.a(libc_a-wsetup.o)
                              /opt/st/stm32cubeide_1.16.0/plugins/com.st.stm32cube.ide.mcu.externaltools.gnu-tools-for-stm32.12.3.rel1.linux64_1.0.200.202406132123/tools/bin/../lib/gcc/arm-none-eabi/12.3.1/../../../../arm-none-eabi/lib/thumb/v7e-m+fp/hard/libc_nano.a(libc_a-puts.o) (__swsetup_r)
/opt/st/stm32cubeide_1.16.0/plugins/com.st.stm32cube.ide.mcu.externaltools.gnu-tools-for-stm32.12.3.rel1.linux64_1.0.200.202406132123/tools/bin/../lib/gcc/arm-none-eabi/12.3.1/../../../../arm-none-eabi/lib/thumb/v7e-m+fp/hard/libc_nano.a(libc_a-memset.o)
                              /opt/st/stm32cubeide_1.16.0/plugins/com.st.stm32cube.ide.mcu.externaltools.gnu-tools-for-stm32.12.3.rel1.linux64_1.0.200.202406132123/tools/bin/../lib/gcc/arm-none-eabi/12.3.1/../../../../arm-none-eabi/lib/thumb/v7e-m+fp/hard/crt0.o (memset)
/opt/st/stm32cubeide_1.16.0/plugins/com.st.stm32cube.ide.mcu.externaltools.gnu-tools-for-stm32.12.3.rel1.linux64_1.0.200.202406132123/tools/bin/../lib/gcc/arm-none-eabi/12.3.1/../../../../arm-none-eabi/lib/thumb/v7e-m+fp/hard/libc_nano.a(libc_a-closer.o)
[...]
Memory Configuration

Name             Origin             Length             Attributes
CCMRAM           0x10000000         0x00010000         xrw
RAM              0x20000000         0x00030000         xrw
FLASH            0x08000000         0x00200000         xr
*default*        0x00000000         0xffffffff

Linker script and memory map

LOAD /opt/st/stm32cubeide_1.16.0/plugins/com.st.stm32cube.ide.mcu.externaltools.gnu-tools-for-stm32.12.3.rel1.linux64_1.0.200.202406132123/tools/bin/../lib/gcc/arm-none-eabi/12.3.1/thumb/v7e-m+fp/hard/crti.o
LOAD /opt/st/stm32cubeide_1.16.0/plugins/com.st.stm32cube.ide.mcu.externaltools.gnu-tools-for-stm32.12.3.rel1.linux64_1.0.200.202406132123/tools/bin/../lib/gcc/arm-none-eabi/12.3.1/thumb/v7e-m+fp/hard/crtbegin.o
LOAD /opt/st/stm32cubeide_1.16.0/plugins/com.st.stm32cube.ide.mcu.externaltools.gnu-tools-for-stm32.12.3.rel1.linux64_1.0.200.202406132123/tools/bin/../lib/gcc/arm-none-eabi/12.3.1/../../../../arm-none-eabi/lib/thumb/v7e-m+fp/hard/crt0.o
LOAD ./Core/Src/ApplicationCode.o
LOAD ./Core/Src/Button_Driver.o
LOAD ./Core/Src/InterruptControl.o
LOAD ./Core/Src/LCD_Driver.o
LOAD ./Core/Src/Scheduler.o
LOAD ./Core/Src/Timer_Driver.o
LOAD ./Core/Src/fonts.o
LOAD ./Core/Src/ili9341.o
LOAD ./Core/Src/main.o
LOAD ./Core/Src/stm32f4xx_hal_msp.o
LOAD ./Core/Src/stm32f4xx_it.o
LOAD ./Core/Src/stmpe811.o
LOAD ./Core/Src/syscalls.o
LOAD ./Core/Src/sysmem.o
LOAD ./Core/Src/system_stm32f4xx.o
LOAD ./Core/Startup/startup_stm32f429zitx.o
LOAD ./Drivers/STM32F4xx_HAL_Driver/Src/stm32f4xx_hal.o
LOAD ./Drivers/STM32F4xx_HAL_Driver/Src/stm32f4xx_hal_cortex.o
LOAD ./Drivers/STM32F4xx_HAL_Driver/Src/stm32f4xx_hal_dma.o
LOAD ./Drivers/STM32F4xx_HAL_Driver/Src/stm32f4xx_hal_dma_ex.o
LOAD ./Drivers/STM32F4xx_HAL_Driver/Src/stm32f4xx_hal_dsi.o
LOAD ./Drivers/STM32F4xx_HAL_Driver/Src/stm32f4xx_hal_exti.o
LOAD ./Drivers/STM32F4xx_HAL_Driver/Src/stm32f4xx_hal_flash.o
LOAD ./Drivers/STM32F4xx_HAL_Driver/Src/stm32f4xx_hal_flash_ex.o
LOAD ./Drivers/STM32F4xx_HAL_Driver/Src/stm32f4xx_hal_flash_ramfunc.o
LOAD ./Drivers/STM32F4xx_HAL_Driver/Src/stm32f4xx_hal_gpio.o
LOAD ./Drivers/STM32F4xx_HAL_Driver/Src/stm32f4xx_hal_i2c.o
LOAD ./Drivers/STM32F4xx_HAL_Driver/Src/stm32f4xx_hal_i2c_ex.o
LOAD ./Drivers/STM32F4xx_HAL_Driver/Src/stm32f4xx_hal_ltdc.o
LOAD ./Drivers/STM32F4xx_HAL_Driver/Src/stm32f4xx_hal_ltdc_ex.o
LOAD ./Drivers/STM32F4xx_HAL_Driver/Src/stm32f4xx_hal_pwr.o
LOAD ./Drivers/STM32F4xx_HAL_Driver/Src/stm32f4xx_hal_pwr_ex.o
LOAD ./Drivers/STM32F4xx_HAL_Driver/Src/stm32f4xx_hal_rcc.o
LOAD ./Drivers/STM32F4xx_HAL_Driver/Src/stm32f4xx_hal_rcc_ex.o
LOAD ./Drivers/STM32F4xx_HAL_Driver/Src/stm32f4xx_hal_rng.o
LOAD ./Drivers/STM32F4xx_HAL_Driver/Src/stm32f4xx_hal_spi.o
LOAD ./Drivers/STM32F4xx_HAL_Driver/Src/stm32f4xx_hal_tim.o
LOAD ./Drivers/STM32F4xx_HAL_Driver/Src/stm32f4xx_hal_tim_ex.o
START GROUP
LOAD /opt/st/stm32cubeide_1.16.0/plugins/com.st.stm32cube.ide.mcu.externaltools.gnu-tools-for-stm32.12.3.rel1.linux64_1.0.200.202406132123/tools/bin/../lib/gcc/arm-none-eabi/12.3.1/../../../../arm-none-eabi/lib/thumb/v7e-m+fp/hard/libc_nano.a
LOAD /opt/st/stm32cubeide_1.16.0/plugins/com.st.stm32cube.ide.mcu.externaltools.gnu-tools-for-stm32.12.3.rel1.linux64_1.0.200.202406132123/tools/bin/../lib/gcc/arm-none-eabi/12.3.1/../../../../arm-none-eabi/lib/thumb/v7e-m+fp/hard/libm.a
END GROUP
START GROUP
LOAD /opt/st/stm32cubeide_1.16.0/plugins/com.st.stm32cube.ide.mcu.externaltools.gnu-tools-for-stm32.12.3.rel1.linux64_1.0.200.202406132123/tools/bin/../lib/gcc/arm-none-eabi/12.3.1/thumb/v7e-m+fp/hard/libgcc.a
LOAD /opt/st/stm32cubeide_1.16.0/plugins/com.st.stm32cube.ide.mcu.externaltools.gnu-tools-for-stm32.12.3.rel1.linux64_1.0.200.202406132123/tools/bin/../lib/gcc/arm-none-eabi/12.3.1/../../../../arm-none-eabi/lib/thumb/v7e-m+fp/hard/libc_nano.a
END GROUP
START GROUP
LOAD /opt/st/stm32cubeide_1.16.0/plugins/com.st.stm32cube.ide.mcu.externaltools.gnu-tools-for-stm32.12.3.rel1.linux64_1.0.200.202406132123/tools/bin/../lib/gcc/arm-none-eabi/12.3.1/thumb/v7e-m+fp/hard/libgcc.a
LOAD /opt/st/stm32cubeide_1.16.0/plugins/com.st.stm32cube.ide.mcu.externaltools.gnu-tools-for-stm32.12.3.rel1.linux64_1.0.200.202406132123/tools/bin/../lib/gcc/arm-none-eabi/12.3.1/../../../../arm-none-eabi/lib/thumb/v7e-m+fp/hard/libc_nano.a
LOAD /opt/st/stm32cubeide_1.16.0/plugins/com.st.stm32cube.ide.mcu.externaltools.gnu-tools-for-stm32.12.3.rel1.linux64_1.0.200.202406132123/tools/bin/../lib/gcc/arm-none-eabi/12.3.1/../../../../arm-none-eabi/lib/thumb/v7e-m+fp/hard/libnosys.a
END GROUP
START GROUP
LOAD /opt/st/stm32cubeide_1.16.0/plugins/com.st.stm32cube.ide.mcu.externaltools.gnu-tools-for-stm32.12.3.rel1.linux64_1.0.200.202406132123/tools/bin/../lib/gcc/arm-none-eabi/12.3.1/thumb/v7e-m+fp/hard/libgcc.a
LOAD /opt/st/stm32cubeide_1.16.0/plugins/com.st.stm32cube.ide.mcu.externaltools.gnu-tools-for-stm32.12.3.rel1.linux64_1.0.200.202406132123/tools/bin/../lib/gcc/arm-none-eabi/12.3.1/../../../../arm-none-eabi/lib/thumb/v7e-m+fp/hard/libc_nano.a
LOAD /opt/st/stm32cubeide_1.16.0/plugins/com.st.stm32cube.ide.mcu.externaltools.gnu-tools-for-stm32.12.3.rel1.linux64_1.0.200.202406132123/tools/bin/../lib/gcc/arm-none-eabi/12.3.1/../../../../arm-none-eabi/lib/thumb/v7e-m+fp/hard/libnosys.a
END GROUP
LOAD /opt/st/stm32cubeide_1.16.0/plugins/com.st.stm32cube.ide.mcu.externaltools.gnu-tools-for-stm32.12.3.rel1.linux64_1.0.200.202406132123/tools/bin/../lib/gcc/arm-none-eabi/12.3.1/thumb/v7e-m+fp/hard/crtend.o
LOAD /opt/st/stm32cubeide_1.16.0/plugins/com.st.stm32cube.ide.mcu.externaltools.gnu-tools-for-stm32.12.3.rel1.linux64_1.0.200.202406132123/tools/bin/../lib/gcc/arm-none-eabi/12.3.1/thumb/v7e-m+fp/hard/crtn.o
                0x20030000                        _estack = (ORIGIN (RAM) + LENGTH (RAM))
                0x00000200                        _Min_Heap_Size = 0x200
                0x00000400                        _Min_Stack_Size = 0x400

.isr_vector     0x08000000      0x1ac
                0x08000000                        . = ALIGN (0x4)
 *(.isr_vector)
 .isr_vector    0x08000000      0x1ac ./Core/Startup/startup_stm32f429zitx.o
                0x08000000                g_pfnVectors
                0x080001ac                        . = ALIGN (0x4)

.text           0x080001b0     0x687c
                0x080001b0                        . = ALIGN (0x4)
 *(.text)
 .text          0x080001b0       0x40 /opt/st/stm32cubeide_1.16.0/plugins/com.st.stm32cube.ide.mcu.externaltools.gnu-tools-for-stm32.12.3.rel1.linux64_1.0.200.202406132123/tools/bin/../lib/gcc/arm-none-eabi/12.3.1/thumb/v7e-m+fp/hard/crtbegin.o
 .text          0x080001f0       0xa0 /opt/st/stm32cubeide_1.16.0/plugins/com.st.stm32cube.ide.mcu.externaltools.gnu-tools-for-stm32.12.3.rel1.linux64_1.0.200.202406132123/tools/bin/../lib/gcc/arm-none-eabi/12.3.1/../../../../arm-none-eabi/lib/thumb/v7e-m+fp/hard/libc_nano.a(libc_a-memchr.o)
                0x080001f0                memchr
 .text          0x08000290       0x30 /opt/st/stm32cubeide_1.16.0/plugins/com.st.stm32cube.ide.mcu.externaltools.gnu-tools-for-stm32.12.3.rel1.linux64_1.0.200.202406132123/tools/bin/../lib/gcc/arm-none-eabi/12.3.1/thumb/v7e-m+fp/hard/libgcc.a(_aeabi_uldivmod.o)
                0x08000290                __aeabi_uldivmod
 .text          0x080002c0      0x2bc /opt/st/stm32cubeide_1.16.0/plugins/com.st.stm32cube.ide.mcu.externaltools.gnu-tools-for-stm32.12.3.rel1.linux64_1.0.200.202406132123/tools/bin/../lib/gcc/arm-none-eabi/12.3.1/thumb/v7e-m+fp/hard/libgcc.a(_udivmoddi4.o)
                0x080002c0                __udivmoddi4
 .text          0x0800057c        0x4 /opt/st/stm32cubeide_1.16.0/plugins/com.st.stm32cube.ide.mcu.externaltools.gnu-tools-for-stm32.12.3.rel1.linux64_1.0.200.202406132123/tools/bin/../lib/gcc/arm-none-eabi/12.3.1/thumb/v7e-m+fp/hard/libgcc.a(_dvmd_tls.o)
                0x0800057c                __aeabi_ldiv0
                0x0800057c                __aeabi_idiv0
 *(.text*)
 .text.ApplicationInit
                0x08000580       0x3c ./Core/Src/ApplicationCode.o
                0x08000580                ApplicationInit
 .text.LCDTouchScreenInterruptGPIOInit
                0x080005bc       0x74 ./Core/Src/ApplicationCode.o
                0x080005bc                LCDTouchScreenInterruptGPIOInit
 .text.EXTI15_10_IRQHandler
                0x08000630      0x17c ./Core/Src/ApplicationCode.o
                0x08000630                EXTI15_10_IRQHandler
 .text.buttonInitInterrupt
                0x080007ac        0xc ./Core/Src/ApplicationCode.o
                0x080007ac                buttonInitInterrupt
 .text.EXTI0_IRQHandler
                0x080007b8       0x2a ./Core/Src/ApplicationCode.o
                0x080007b8                EXTI0_IRQHandler
 .text.timerInit
                0x080007e2        0xc ./Core/Src/ApplicationCode.o
                0x080007e2                timerInit
 *fill*         0x080007ee        0x2 
 .text.Button_ClockEnable
                0x080007f0       0x34 ./Core/Src/Button_Driver.o
                0x080007f0                Button_ClockEnable
 .text.Button_InterruptInit
                0x08000824       0x40 ./Core/Src/Button_Driver.o
                0x08000824                Button_InterruptInit
 .text.IRQ_EnableInterrupt
                0x08000864       0x1c ./Core/Src/InterruptControl.o
                0x08000864                IRQ_EnableInterrupt
 .text.IRQ_DisableInterrupt
                0x08000880       0x1c ./Core/Src/InterruptControl.o
                0x08000880                IRQ_DisableInterrupt
 .text.ClearPendingEXTIInterrupt
                0x0800089c       0x20 ./Core/Src/InterruptControl.o
                0x0800089c                ClearPendingEXTIInterrupt
 .text.LCD_GPIO_Init
                0x080008bc      0x190 ./Core/Src/LCD_Driver.o
                0x080008bc                LCD_GPIO_Init
 .text.LTCD_Layer_Init
                0x08000a4c       0x80 ./Core/Src/LCD_Driver.o
                0x08000a4c                LTCD_Layer_Init
 .text.clearScreen
                0x08000acc       0x12 ./Core/Src/LCD_Driver.o
                0x08000acc                clearScreen
 *fill*         0x08000ade        0x2 
 .text.LTCD__Init
                0x08000ae0       0xbc ./Core/Src/LCD_Driver.o
                0x08000ae0                LTCD__Init
 .text.LCD_Draw_Pixel
                0x08000b9c       0x3c ./Core/Src/LCD_Driver.o
                0x08000b9c                LCD_Draw_Pixel
 .text.LCD_Draw_Vertical_Line
                0x08000bd8       0x4e ./Core/Src/LCD_Driver.o
                0x08000bd8                LCD_Draw_Vertical_Line
 .text.LCD_Draw_Horizontal_Line
                0x08000c26       0x4e ./Core/Src/LCD_Driver.o
                0x08000c26                LCD_Draw_Horizontal_Line
 .text.LCD_Clear
                0x08000c74       0x44 ./Core/Src/LCD_Driver.o
                0x08000c74                LCD_Clear
 .text.LCD_Draw_Rectangle_Empty
                0x08000cb8       0x62 ./Core/Src/LCD_Driver.o
                0x08000cb8                LCD_Draw_Rectangle_Empty
 .text.LCD_Draw_Rectangle_Fill
                0x08000d1a       0x50 ./Core/Src/LCD_Driver.o
                0x08000d1a                LCD_Draw_Rectangle_Fill
 .text.LCD_Draw_OBlock
                0x08000d6a       0x2a ./Core/Src/LCD_Driver.o
                0x08000d6a                LCD_Draw_OBlock
 .text.LCD_Draw_IBlock
                0x08000d94       0x2a ./Core/Src/LCD_Driver.o
                0x08000d94                LCD_Draw_IBlock
 .text.LCD_Draw_SBlock
                0x08000dbe       0x44 ./Core/Src/LCD_Driver.o
                0x08000dbe                LCD_Draw_SBlock
 .text.LCD_Draw_ZBlock
                0x08000e02       0x44 ./Core/Src/LCD_Driver.o
                0x08000e02                LCD_Draw_ZBlock
 .text.LCD_Draw_LBlock
                0x08000e46       0x44 ./Core/Src/LCD_Driver.o
                0x08000e46                LCD_Draw_LBlock
 .text.LCD_Draw_JBlock
                0x08000e8a       0x44 ./Core/Src/LCD_Driver.o
                0x08000e8a                LCD_Draw_JBlock
 .text.LCD_Draw_TBlock
                0x08000ece       0x44 ./Core/Src/LCD_Driver.o
                0x08000ece                LCD_Draw_TBlock
 *fill*         0x08000f12        0x2 
 .text.LCD_SetTextColor
                0x08000f14       0x20 ./Core/Src/LCD_Driver.o
                0x08000f14                LCD_SetTextColor
 .text.LCD_SetFont
                0x08000f34       0x20 ./Core/Src/LCD_Driver.o
                0x08000f34                LCD_SetFont
 .text.LCD_Draw_Char
                0x08000f54       0xdc ./Core/Src/LCD_Driver.o
                0x08000f54                LCD_Draw_Char
 .text.LCD_DisplayChar
                0x08001030       0x44 ./Core/Src/LCD_Driver.o
                0x08001030                LCD_DisplayChar
 .text.screen1  0x08001074       0xd8 ./Core/Src/LCD_Driver.o
                0x08001074                screen1
 .text.screen2  0x0800114c       0x3c ./Core/Src/LCD_Driver.o
                0x0800114c                screen2
 .text.LCD_Error_Handler
                0x08001188        0xc ./Core/Src/LCD_Driver.o
                0x08001188                LCD_Error_Handler
 .text.InitializeLCDTouch
                0x08001194       0x16 ./Core/Src/LCD_Driver.o
                0x08001194                InitializeLCDTouch
 .text.DetermineTouchPosition
                0x080011aa       0x16 ./Core/Src/LCD_Driver.o
                0x080011aa                DetermineTouchPosition
 .text.ReadRegisterFromTouchModule
                0x080011c0       0x1c ./Core/Src/LCD_Driver.o
                0x080011c0                ReadRegisterFromTouchModule
 .text.WriteDataToTouchModule
                0x080011dc       0x24 ./Core/Src/LCD_Driver.o
                0x080011dc                WriteDataToTouchModule
 .text.addSchedulerEvent
                0x08001200       0x24 ./Core/Src/Scheduler.o
                0x08001200                addSchedulerEvent
 .text.Timer_Init
                0x08001224       0x18 ./Core/Src/Timer_Driver.o
                0x08001224                Timer_Init
 .text.Timer_StartInterrupt
                0x0800123c       0x14 ./Core/Src/Timer_Driver.o
                0x0800123c                Timer_StartInterrupt
 .text.Timer_Reset
                0x08001250       0x1c ./Core/Src/Timer_Driver.o
                0x08001250                Timer_Reset
 .text.ili9341_Init
                0x0800126c      0x294 ./Core/Src/ili9341.o
                0x0800126c                ili9341_Init
 .text.ili9341_Write_Reg
                0x08001500       0x1a ./Core/Src/ili9341.o
                0x08001500                ili9341_Write_Reg
 .text.ili9341_Send_Data
                0x0800151a       0x1a ./Core/Src/ili9341.o
                0x0800151a                ili9341_Send_Data
 .text.SPI_Init
                0x08001534       0x74 ./Core/Src/ili9341.o
 .text.SPI_Write
                0x080015a8       0x3c ./Core/Src/ili9341.o
 .text.SPI_Error
                0x080015e4       0x18 ./Core/Src/ili9341.o
 .text.SPI_MspInit
                0x080015fc       0x74 ./Core/Src/ili9341.o
 .text.LCD_IO_Init
                0x08001670       0xf0 ./Core/Src/ili9341.o
                0x08001670                LCD_IO_Init
 .text.LCD_IO_WriteData
                0x08001760       0x44 ./Core/Src/ili9341.o
                0x08001760                LCD_IO_WriteData
 .text.LCD_IO_WriteReg
                0x080017a4       0x44 ./Core/Src/ili9341.o
                0x080017a4                LCD_IO_WriteReg
 .text.LCD_Delay
                0x080017e8       0x16 ./Core/Src/ili9341.o
                0x080017e8                LCD_Delay
 .text.main     0x080017fe       0x24 ./Core/Src/main.o
                0x080017fe                main
 *fill*         0x08001822        0x2 
 .text.SystemClockOverride
                0x08001824       0x80 ./Core/Src/main.o
                0x08001824                SystemClockOverride
 .text.Error_Handler
                0x080018a4        0xc ./Core/Src/main.o
                0x080018a4                Error_Handler
 .text.HAL_MspInit
                0x080018b0       0x50 ./Core/Src/stm32f4xx_hal_msp.o
                0x080018b0                HAL_MspInit
 .text.HAL_I2C_MspInit
                0x08001900       0xd4 ./Core/Src/stm32f4xx_hal_msp.o
                0x08001900                HAL_I2C_MspInit
 .text.HAL_LTDC_MspInit
                0x080019d4      0x250 ./Core/Src/stm32f4xx_hal_msp.o
                0x080019d4                HAL_LTDC_MspInit
 .text.HAL_SPI_MspInit
                0x08001c24       0x90 ./Core/Src/stm32f4xx_hal_msp.o
                0x08001c24                HAL_SPI_MspInit
 .text.HAL_SPI_MspDeInit
                0x08001cb4       0x3c ./Core/Src/stm32f4xx_hal_msp.o
                0x08001cb4                HAL_SPI_MspDeInit
 .text.HAL_TIM_Base_MspInit
                0x08001cf0       0x50 ./Core/Src/stm32f4xx_hal_msp.o
                0x08001cf0                HAL_TIM_Base_MspInit
 .text.NMI_Handler
                0x08001d40        0x8 ./Core/Src/stm32f4xx_it.o
                0x08001d40                NMI_Handler
 .text.HardFault_Handler
                0x08001d48        0x8 ./Core/Src/stm32f4xx_it.o
                0x08001d48                HardFault_Handler
 .text.MemManage_Handler
                0x08001d50        0x8 ./Core/Src/stm32f4xx_it.o
                0x08001d50                MemManage_Handler
 .text.BusFault_Handler
                0x08001d58        0x8 ./Core/Src/stm32f4xx_it.o
                0x08001d58                BusFault_Handler
 .text.UsageFault_Handler
                0x08001d60        0x8 ./Core/Src/stm32f4xx_it.o
                0x08001d60                UsageFault_Handler
 .text.SVC_Handler
                0x08001d68        0xe ./Core/Src/stm32f4xx_it.o
                0x08001d68                SVC_Handler
 .text.DebugMon_Handler
                0x08001d76        0xe ./Core/Src/stm32f4xx_it.o
                0x08001d76                DebugMon_Handler
 .text.PendSV_Handler
                0x08001d84        0xe ./Core/Src/stm32f4xx_it.o
                0x08001d84                PendSV_Handler
 .text.SysTick_Handler
                0x08001d92        0xc ./Core/Src/stm32f4xx_it.o
                0x08001d92                SysTick_Handler
 .text.TIM6_DAC_IRQHandler
                0x08001d9e        0xe ./Core/Src/stm32f4xx_it.o
                0x08001d9e                TIM6_DAC_IRQHandler
 .text.__NVIC_EnableIRQ
                0x08001dac       0x3c ./Core/Src/stmpe811.o
 .text.STMPE811_Init
                0x08001de8      0x18e ./Core/Src/stmpe811.o
                0x08001de8                STMPE811_Init
 .text.STMPE811_Read
                0x08001f76       0x22 ./Core/Src/stmpe811.o
                0x08001f76                STMPE811_Read
 .text.STMPE811_Write
                0x08001f98       0x24 ./Core/Src/stmpe811.o
                0x08001f98                STMPE811_Write
 .text.STMPE811_DetermineTouchPosition
                0x08001fbc       0xee ./Core/Src/stmpe811.o
                0x08001fbc                STMPE811_DetermineTouchPosition
 *fill*         0x080020aa        0x2 
 .text.enableInterruptSupportForTouch
                0x080020ac       0x64 ./Core/Src/stmpe811.o
                0x080020ac                enableInterruptSupportForTouch
 .text.verifyHAL_I2C_IS_OKAY
                0x08002110       0x20 ./Core/Src/stmpe811.o
                0x08002110                verifyHAL_I2C_IS_OKAY
 .text.I2C3_Init
                0x08002130       0x7c ./Core/Src/stmpe811.o
 .text.I2C3_MspInit
                0x080021ac       0xa8 ./Core/Src/stmpe811.o
 .text.I2C3_Write
                0x08002254       0x54 ./Core/Src/stmpe811.o
                0x08002254                I2C3_Write
 .text.I2C3_Read
                0x080022a8       0x4c ./Core/Src/stmpe811.o
                0x080022a8                I2C3_Read
 .text.I2C3_MulitByteRead
                0x080022f4       0x44 ./Core/Src/stmpe811.o
                0x080022f4                I2C3_MulitByteRead
 .text.TM_STMPE811_ReadX
                0x08002338       0xbc ./Core/Src/stmpe811.o
                0x08002338                TM_STMPE811_ReadX
 .text.TM_STMPE811_ReadY
                0x080023f4       0xa4 ./Core/Src/stmpe811.o
                0x080023f4                TM_STMPE811_ReadY
 .text.initialise_monitor_handles
                0x08002498        0xe ./Core/Src/syscalls.o
                0x08002498                initialise_monitor_handles
 .text._read    0x080024a6       0x3a ./Core/Src/syscalls.o
                0x080024a6                _read
 .text._write   0x080024e0       0x38 ./Core/Src/syscalls.o
                0x080024e0                _write
 .text._close   0x08002518       0x18 ./Core/Src/syscalls.o
                0x08002518                _close
 .text._fstat   0x08002530       0x20 ./Core/Src/syscalls.o
                0x08002530                _fstat
 .text._isatty  0x08002550       0x16 ./Core/Src/syscalls.o
                0x08002550                _isatty
 .text._lseek   0x08002566       0x1a ./Core/Src/syscalls.o
                0x08002566                _lseek
 .text._sbrk    0x08002580       0x6c ./Core/Src/sysmem.o
                0x08002580                _sbrk
 .text.SystemInit
                0x080025ec       0x24 ./Core/Src/system_stm32f4xx.o
                0x080025ec                SystemInit
 .text.Reset_Handler
                0x08002610       0x50 ./Core/Startup/startup_stm32f429zitx.o
                0x08002610                Reset_Handler
 .text.Default_Handler
                0x08002660        0x2 ./Core/Startup/startup_stm32f429zitx.o
                0x08002660                RTC_Alarm_IRQHandler
                0x08002660                HASH_RNG_IRQHandler
                0x08002660                EXTI2_IRQHandler
                0x08002660                TIM8_CC_IRQHandler
                0x08002660                UART8_IRQHandler
                0x08002660                SPI4_IRQHandler
                0x08002660                TIM1_CC_IRQHandler
                0x08002660                DMA2_Stream5_IRQHandler
                0x08002660                DMA1_Stream5_IRQHandler
                0x08002660                PVD_IRQHandler
                0x08002660                SDIO_IRQHandler
                0x08002660                TAMP_STAMP_IRQHandler
                0x08002660                CAN2_RX1_IRQHandler
                0x08002660                EXTI3_IRQHandler
                0x08002660                TIM8_TRG_COM_TIM14_IRQHandler
                0x08002660                TIM1_UP_TIM10_IRQHandler
                0x08002660                TIM8_UP_TIM13_IRQHandler
                0x08002660                I2C3_ER_IRQHandler
                0x08002660                I2C2_EV_IRQHandler
                0x08002660                DMA1_Stream2_IRQHandler
                0x08002660                CAN1_RX0_IRQHandler
                0x08002660                FPU_IRQHandler
                0x08002660                OTG_HS_WKUP_IRQHandler
                0x08002660                LTDC_ER_IRQHandler
                0x08002660                CAN2_SCE_IRQHandler
                0x08002660                DMA2_Stream2_IRQHandler
                0x08002660                SPI1_IRQHandler
                0x08002660                TIM1_BRK_TIM9_IRQHandler
                0x08002660                DCMI_IRQHandler
                0x08002660                CAN2_RX0_IRQHandler
                0x08002660                DMA2_Stream3_IRQHandler
                0x08002660                USART6_IRQHandler
                0x08002660                USART3_IRQHandler
                0x08002660                CAN1_RX1_IRQHandler
                0x08002660                UART5_IRQHandler
                0x08002660                DMA2_Stream0_IRQHandler
                0x08002660                TIM4_IRQHandler
                0x08002660                I2C1_EV_IRQHandler
                0x08002660                DMA1_Stream6_IRQHandler
                0x08002660                DMA1_Stream1_IRQHandler
                0x08002660                UART4_IRQHandler
                0x08002660                TIM3_IRQHandler
                0x08002660                RCC_IRQHandler
                0x08002660                TIM8_BRK_TIM12_IRQHandler
                0x08002660                Default_Handler
                0x08002660                ADC_IRQHandler
                0x08002660                DMA1_Stream7_IRQHandler
                0x08002660                SPI5_IRQHandler
                0x08002660                TIM7_IRQHandler
                0x08002660                CAN2_TX_IRQHandler
                0x08002660                TIM5_IRQHandler
                0x08002660                DMA2_Stream7_IRQHandler
                0x08002660                I2C3_EV_IRQHandler
                0x08002660                EXTI9_5_IRQHandler
                0x08002660                RTC_WKUP_IRQHandler
                0x08002660                LTDC_IRQHandler
                0x08002660                ETH_WKUP_IRQHandler
                0x08002660                SPI2_IRQHandler
                0x08002660                OTG_HS_EP1_IN_IRQHandler
                0x08002660                DMA1_Stream0_IRQHandler
                0x08002660                CAN1_TX_IRQHandler
                0x08002660                EXTI4_IRQHandler
                0x08002660                ETH_IRQHandler
                0x08002660                OTG_HS_EP1_OUT_IRQHandler
                0x08002660                WWDG_IRQHandler
                0x08002660                SPI6_IRQHandler
                0x08002660                TIM2_IRQHandler
                0x08002660                OTG_FS_WKUP_IRQHandler
                0x08002660                TIM1_TRG_COM_TIM11_IRQHandler
                0x08002660                OTG_HS_IRQHandler
                0x08002660                DMA2D_IRQHandler
                0x08002660                EXTI1_IRQHandler
                0x08002660                UART7_IRQHandler
                0x08002660                USART2_IRQHandler
                0x08002660                I2C2_ER_IRQHandler
                0x08002660                DMA2_Stream1_IRQHandler
                0x08002660                CAN1_SCE_IRQHandler
                0x08002660                FLASH_IRQHandler
                0x08002660                DMA2_Stream4_IRQHandler
                0x08002660                USART1_IRQHandler
                0x08002660                OTG_FS_IRQHandler
                0x08002660                SPI3_IRQHandler
                0x08002660                DMA1_Stream4_IRQHandler
                0x08002660                I2C1_ER_IRQHandler
                0x08002660                FMC_IRQHandler
                0x08002660                DMA2_Stream6_IRQHandler
                0x08002660                SAI1_IRQHandler
                0x08002660                DMA1_Stream3_IRQHandler
 *fill*         0x08002662        0x2 
 .text.HAL_Init
                0x08002664       0x44 ./Drivers/STM32F4xx_HAL_Driver/Src/stm32f4xx_hal.o
                0x08002664                HAL_Init
 .text.HAL_InitTick
                0x080026a8       0x60 ./Drivers/STM32F4xx_HAL_Driver/Src/stm32f4xx_hal.o
                0x080026a8                HAL_InitTick
 .text.HAL_IncTick
                0x08002708       0x28 ./Drivers/STM32F4xx_HAL_Driver/Src/stm32f4xx_hal.o
                0x08002708                HAL_IncTick
 .text.HAL_GetTick
                0x08002730       0x18 ./Drivers/STM32F4xx_HAL_Driver/Src/stm32f4xx_hal.o
                0x08002730                HAL_GetTick
 .text.HAL_Delay
                0x08002748       0x48 ./Drivers/STM32F4xx_HAL_Driver/Src/stm32f4xx_hal.o
                0x08002748                HAL_Delay
 .text.__NVIC_SetPriorityGrouping
                0x08002790       0x48 ./Drivers/STM32F4xx_HAL_Driver/Src/stm32f4xx_hal_cortex.o
 .text.__NVIC_GetPriorityGrouping
                0x080027d8       0x1c ./Drivers/STM32F4xx_HAL_Driver/Src/stm32f4xx_hal_cortex.o
 .text.__NVIC_EnableIRQ
                0x080027f4       0x3c ./Drivers/STM32F4xx_HAL_Driver/Src/stm32f4xx_hal_cortex.o
 .text.__NVIC_DisableIRQ
                0x08002830       0x48 ./Drivers/STM32F4xx_HAL_Driver/Src/stm32f4xx_hal_cortex.o
 .text.__NVIC_ClearPendingIRQ
                0x08002878       0x3c ./Drivers/STM32F4xx_HAL_Driver/Src/stm32f4xx_hal_cortex.o
 .text.__NVIC_SetPriority
                0x080028b4       0x54 ./Drivers/STM32F4xx_HAL_Driver/Src/stm32f4xx_hal_cortex.o
 .text.NVIC_EncodePriority
                0x08002908       0x66 ./Drivers/STM32F4xx_HAL_Driver/Src/stm32f4xx_hal_cortex.o
 *fill*         0x0800296e        0x2 
 .text.SysTick_Config
                0x08002970       0x44 ./Drivers/STM32F4xx_HAL_Driver/Src/stm32f4xx_hal_cortex.o
 .text.HAL_NVIC_SetPriorityGrouping
                0x080029b4       0x16 ./Drivers/STM32F4xx_HAL_Driver/Src/stm32f4xx_hal_cortex.o
                0x080029b4                HAL_NVIC_SetPriorityGrouping
 .text.HAL_NVIC_SetPriority
                0x080029ca       0x38 ./Drivers/STM32F4xx_HAL_Driver/Src/stm32f4xx_hal_cortex.o
                0x080029ca                HAL_NVIC_SetPriority
 .text.HAL_NVIC_EnableIRQ
                0x08002a02       0x1c ./Drivers/STM32F4xx_HAL_Driver/Src/stm32f4xx_hal_cortex.o
                0x08002a02                HAL_NVIC_EnableIRQ
 .text.HAL_NVIC_DisableIRQ
                0x08002a1e       0x1c ./Drivers/STM32F4xx_HAL_Driver/Src/stm32f4xx_hal_cortex.o
                0x08002a1e                HAL_NVIC_DisableIRQ
 .text.HAL_SYSTICK_Config
                0x08002a3a       0x18 ./Drivers/STM32F4xx_HAL_Driver/Src/stm32f4xx_hal_cortex.o
                0x08002a3a                HAL_SYSTICK_Config
 .text.HAL_NVIC_ClearPendingIRQ
                0x08002a52       0x1c ./Drivers/STM32F4xx_HAL_Driver/Src/stm32f4xx_hal_cortex.o
                0x08002a52                HAL_NVIC_ClearPendingIRQ
 *fill*         0x08002a6e        0x2 
 .text.HAL_EXTI_ClearPending
                0x08002a70       0x30 ./Drivers/STM32F4xx_HAL_Driver/Src/stm32f4xx_hal_exti.o
                0x08002a70                HAL_EXTI_ClearPending
 .text.HAL_GPIO_Init
                0x08002aa0      0x358 ./Drivers/STM32F4xx_HAL_Driver/Src/stm32f4xx_hal_gpio.o
                0x08002aa0                HAL_GPIO_Init
 .text.HAL_GPIO_DeInit
                0x08002df8      0x218 ./Drivers/STM32F4xx_HAL_Driver/Src/stm32f4xx_hal_gpio.o
                0x08002df8                HAL_GPIO_DeInit
 .text.HAL_GPIO_WritePin
                0x08003010       0x32 ./Drivers/STM32F4xx_HAL_Driver/Src/stm32f4xx_hal_gpio.o
                0x08003010                HAL_GPIO_WritePin
 *fill*         0x08003042        0x2 
 .text.HAL_I2C_Init
                0x08003044      0x288 ./Drivers/STM32F4xx_HAL_Driver/Src/stm32f4xx_hal_i2c.o
                0x08003044                HAL_I2C_Init
 .text.HAL_I2C_Mem_Write
                0x080032cc      0x1f4 ./Drivers/STM32F4xx_HAL_Driver/Src/stm32f4xx_hal_i2c.o
                0x080032cc                HAL_I2C_Mem_Write
 .text.HAL_I2C_Mem_Read
                0x080034c0      0x464 ./Drivers/STM32F4xx_HAL_Driver/Src/stm32f4xx_hal_i2c.o
                0x080034c0                HAL_I2C_Mem_Read
 .text.I2C_RequestMemoryWrite
                0x08003924      0x12c ./Drivers/STM32F4xx_HAL_Driver/Src/stm32f4xx_hal_i2c.o
 .text.I2C_RequestMemoryRead
                0x08003a50      0x1d0 ./Drivers/STM32F4xx_HAL_Driver/Src/stm32f4xx_hal_i2c.o
 .text.I2C_WaitOnFlagUntilTimeout
                0x08003c20       0xf4 ./Drivers/STM32F4xx_HAL_Driver/Src/stm32f4xx_hal_i2c.o
 .text.I2C_WaitOnMasterAddressFlagUntilTimeout
                0x08003d14      0x140 ./Drivers/STM32F4xx_HAL_Driver/Src/stm32f4xx_hal_i2c.o
 .text.I2C_WaitOnTXEFlagUntilTimeout
                0x08003e54       0x90 ./Drivers/STM32F4xx_HAL_Driver/Src/stm32f4xx_hal_i2c.o
 .text.I2C_WaitOnBTFFlagUntilTimeout
                0x08003ee4       0x90 ./Drivers/STM32F4xx_HAL_Driver/Src/stm32f4xx_hal_i2c.o
 .text.I2C_WaitOnRXNEFlagUntilTimeout
                0x08003f74       0xba ./Drivers/STM32F4xx_HAL_Driver/Src/stm32f4xx_hal_i2c.o
 .text.I2C_IsAcknowledgeFailed
                0x0800402e       0x5e ./Drivers/STM32F4xx_HAL_Driver/Src/stm32f4xx_hal_i2c.o
 .text.HAL_LTDC_Init
                0x0800408c      0x1a0 ./Drivers/STM32F4xx_HAL_Driver/Src/stm32f4xx_hal_ltdc.o
                0x0800408c                HAL_LTDC_Init
 .text.HAL_LTDC_ConfigLayer
                0x0800422c       0x7c ./Drivers/STM32F4xx_HAL_Driver/Src/stm32f4xx_hal_ltdc.o
                0x0800422c                HAL_LTDC_ConfigLayer
 .text.LTDC_SetConfig
                0x080042a8      0x32e ./Drivers/STM32F4xx_HAL_Driver/Src/stm32f4xx_hal_ltdc.o
 *fill*         0x080045d6        0x2 
 .text.HAL_RCC_OscConfig
                0x080045d8      0x4f0 ./Drivers/STM32F4xx_HAL_Driver/Src/stm32f4xx_hal_rcc.o
                0x080045d8                HAL_RCC_OscConfig
 .text.HAL_RCC_ClockConfig
                0x08004ac8      0x1cc ./Drivers/STM32F4xx_HAL_Driver/Src/stm32f4xx_hal_rcc.o
                0x08004ac8                HAL_RCC_ClockConfig
 .text.HAL_RCC_GetSysClockFreq
                0x08004c94      0x20c ./Drivers/STM32F4xx_HAL_Driver/Src/stm32f4xx_hal_rcc.o
                0x08004c94                HAL_RCC_GetSysClockFreq
 .text.HAL_RCC_GetHCLKFreq
                0x08004ea0       0x18 ./Drivers/STM32F4xx_HAL_Driver/Src/stm32f4xx_hal_rcc.o
                0x08004ea0                HAL_RCC_GetHCLKFreq
 .text.HAL_RCC_GetPCLK1Freq
                0x08004eb8       0x28 ./Drivers/STM32F4xx_HAL_Driver/Src/stm32f4xx_hal_rcc.o
                0x08004eb8                HAL_RCC_GetPCLK1Freq
 .text.HAL_RCCEx_PeriphCLKConfig
                0x08004ee0      0x380 ./Drivers/STM32F4xx_HAL_Driver/Src/stm32f4xx_hal_rcc_ex.o
                0x08004ee0                HAL_RCCEx_PeriphCLKConfig
 .text.HAL_SPI_Init
                0x08005260      0x112 ./Drivers/STM32F4xx_HAL_Driver/Src/stm32f4xx_hal_spi.o
                0x08005260                HAL_SPI_Init
 .text.HAL_SPI_DeInit
                0x08005372       0x50 ./Drivers/STM32F4xx_HAL_Driver/Src/stm32f4xx_hal_spi.o
                0x08005372                HAL_SPI_DeInit
 .text.HAL_SPI_Transmit
                0x080053c2      0x288 ./Drivers/STM32F4xx_HAL_Driver/Src/stm32f4xx_hal_spi.o
                0x080053c2                HAL_SPI_Transmit
 .text.HAL_SPI_GetState
                0x0800564a       0x1c ./Drivers/STM32F4xx_HAL_Driver/Src/stm32f4xx_hal_spi.o
                0x0800564a                HAL_SPI_GetState
 *fill*         0x08005666        0x2 
 .text.SPI_WaitFlagStateUntilTimeout
                0x08005668      0x110 ./Drivers/STM32F4xx_HAL_Driver/Src/stm32f4xx_hal_spi.o
 .text.SPI_EndRxTxTransaction
                0x08005778       0xa8 ./Drivers/STM32F4xx_HAL_Driver/Src/stm32f4xx_hal_spi.o
 .text.HAL_TIM_Base_Init
                0x08005820       0x9e ./Drivers/STM32F4xx_HAL_Driver/Src/stm32f4xx_hal_tim.o
                0x08005820                HAL_TIM_Base_Init
 *fill*         0x080058be        0x2 
 .text.HAL_TIM_Base_Start_IT
                0x080058c0       0xe0 ./Drivers/STM32F4xx_HAL_Driver/Src/stm32f4xx_hal_tim.o
                0x080058c0                HAL_TIM_Base_Start_IT
 .text.TIM_Base_SetConfig
                0x080059a0      0x158 ./Drivers/STM32F4xx_HAL_Driver/Src/stm32f4xx_hal_tim.o
                0x080059a0                TIM_Base_SetConfig
 .text.std      0x08005af8       0x6c /opt/st/stm32cubeide_1.16.0/plugins/com.st.stm32cube.ide.mcu.externaltools.gnu-tools-for-stm32.12.3.rel1.linux64_1.0.200.202406132123/tools/bin/../lib/gcc/arm-none-eabi/12.3.1/../../../../arm-none-eabi/lib/thumb/v7e-m+fp/hard/libc_nano.a(libc_a-findfp.o)
 .text.stdio_exit_handler
                0x08005b64       0x18 /opt/st/stm32cubeide_1.16.0/plugins/com.st.stm32cube.ide.mcu.externaltools.gnu-tools-for-stm32.12.3.rel1.linux64_1.0.200.202406132123/tools/bin/../lib/gcc/arm-none-eabi/12.3.1/../../../../arm-none-eabi/lib/thumb/v7e-m+fp/hard/libc_nano.a(libc_a-findfp.o)
 .text.cleanup_stdio
                0x08005b7c       0x40 /opt/st/stm32cubeide_1.16.0/plugins/com.st.stm32cube.ide.mcu.externaltools.gnu-tools-for-stm32.12.3.rel1.linux64_1.0.200.202406132123/tools/bin/../lib/gcc/arm-none-eabi/12.3.1/../../../../arm-none-eabi/lib/thumb/v7e-m+fp/hard/libc_nano.a(libc_a-findfp.o)
 .text.global_stdio_init.part.0
                0x08005bbc       0x3c /opt/st/stm32cubeide_1.16.0/plugins/com.st.stm32cube.ide.mcu.externaltools.gnu-tools-for-stm32.12.3.rel1.linux64_1.0.200.202406132123/tools/bin/../lib/gcc/arm-none-eabi/12.3.1/../../../../arm-none-eabi/lib/thumb/v7e-m+fp/hard/libc_nano.a(libc_a-findfp.o)
 .text.__sfp_lock_acquire
                0x08005bf8        0xc /opt/st/stm32cubeide_1.16.0/plugins/com.st.stm32cube.ide.mcu.externaltools.gnu-tools-for-stm32.12.3.rel1.linux64_1.0.200.202406132123/tools/bin/../lib/gcc/arm-none-eabi/12.3.1/../../../../arm-none-eabi/lib/thumb/v7e-m+fp/hard/libc_nano.a(libc_a-findfp.o)
                0x08005bf8                __sfp_lock_acquire
 .text.__sfp_lock_release
                0x08005c04        0xc /opt/st/stm32cubeide_1.16.0/plugins/com.st.stm32cube.ide.mcu.externaltools.gnu-tools-for-stm32.12.3.rel1.linux64_1.0.200.202406132123/tools/bin/../lib/gcc/arm-none-eabi/12.3.1/../../../../arm-none-eabi/lib/thumb/v7e-m+fp/hard/libc_nano.a(libc_a-findfp.o)
                0x08005c04                __sfp_lock_release
 .text.__sinit  0x08005c10       0x30 /opt/st/stm32cubeide_1.16.0/plugins/com.st.stm32cube.ide.mcu.externaltools.gnu-tools-for-stm32.12.3.rel1.linux64_1.0.200.202406132123/tools/bin/../lib/gcc/arm-none-eabi/12.3.1/../../../../arm-none-eabi/lib/thumb/v7e-m+fp/hard/libc_nano.a(libc_a-findfp.o)
                0x08005c10                __sinit
 .text._fwalk_sglue
                0x08005c40       0x3c /opt/st/stm32cubeide_1.16.0/plugins/com.st.stm32cube.ide.mcu.externaltools.gnu-tools-for-stm32.12.3.rel1.linux64_1.0.200.202406132123/tools/bin/../lib/gcc/arm-none-eabi/12.3.1/../../../../arm-none-eabi/lib/thumb/v7e-m+fp/hard/libc_nano.a(libc_a-fwalk.o)
                0x08005c40                _fwalk_sglue
 .text.printf   0x08005c7c       0x24 /opt/st/stm32cubeide_1.16.0/plugins/com.st.stm32cube.ide.mcu.externaltools.gnu-tools-for-stm32.12.3.rel1.linux64_1.0.200.202406132123/tools/bin/../lib/gcc/arm-none-eabi/12.3.1/../../../../arm-none-eabi/lib/thumb/v7e-m+fp/hard/libc_nano.a(libc_a-printf.o)
                0x08005c7c                printf
                0x08005c7c                iprintf
 .text._puts_r  0x08005ca0       0xaa /opt/st/stm32cubeide_1.16.0/plugins/com.st.stm32cube.ide.mcu.externaltools.gnu-tools-for-stm32.12.3.rel1.linux64_1.0.200.202406132123/tools/bin/../lib/gcc/arm-none-eabi/12.3.1/../../../../arm-none-eabi/lib/thumb/v7e-m+fp/hard/libc_nano.a(libc_a-puts.o)
                0x08005ca0                _puts_r
 *fill*         0x08005d4a        0x2 
 .text.puts     0x08005d4c       0x10 /opt/st/stm32cubeide_1.16.0/plugins/com.st.stm32cube.ide.mcu.externaltools.gnu-tools-for-stm32.12.3.rel1.linux64_1.0.200.202406132123/tools/bin/../lib/gcc/arm-none-eabi/12.3.1/../../../../arm-none-eabi/lib/thumb/v7e-m+fp/hard/libc_nano.a(libc_a-puts.o)
                0x08005d4c                puts
 .text.__sread  0x08005d5c       0x22 /opt/st/stm32cubeide_1.16.0/plugins/com.st.stm32cube.ide.mcu.externaltools.gnu-tools-for-stm32.12.3.rel1.linux64_1.0.200.202406132123/tools/bin/../lib/gcc/arm-none-eabi/12.3.1/../../../../arm-none-eabi/lib/thumb/v7e-m+fp/hard/libc_nano.a(libc_a-stdio.o)
                0x08005d5c                __sread
 .text.__swrite
                0x08005d7e       0x38 /opt/st/stm32cubeide_1.16.0/plugins/com.st.stm32cube.ide.mcu.externaltools.gnu-tools-for-stm32.12.3.rel1.linux64_1.0.200.202406132123/tools/bin/../lib/gcc/arm-none-eabi/12.3.1/../../../../arm-none-eabi/lib/thumb/v7e-m+fp/hard/libc_nano.a(libc_a-stdio.o)
                0x08005d7e                __swrite
 .text.__sseek  0x08005db6       0x24 /opt/st/stm32cubeide_1.16.0/plugins/com.st.stm32cube.ide.mcu.externaltools.gnu-tools-for-stm32.12.3.rel1.linux64_1.0.200.202406132123/tools/bin/../lib/gcc/arm-none-eabi/12.3.1/../../../../arm-none-eabi/lib/thumb/v7e-m+fp/hard/libc_nano.a(libc_a-stdio.o)
                0x08005db6                __sseek
 .text.__sclose
                0x08005dda        0x8 /opt/st/stm32cubeide_1.16.0/plugins/com.st.stm32cube.ide.mcu.externaltools.gnu-tools-for-stm32.12.3.rel1.linux64_1.0.200.202406132123/tools/bin/../lib/gcc/arm-none-eabi/12.3.1/../../../../arm-none-eabi/lib/thumb/v7e-m+fp/hard/libc_nano.a(libc_a-stdio.o)
                0x08005dda                __sclose
 .text.__swbuf_r
                0x08005de2       0x7c /opt/st/stm32cubeide_1.16.0/plugins/com.st.stm32cube.ide.mcu.externaltools.gnu-tools-for-stm32.12.3.rel1.linux64_1.0.200.202406132123/tools/bin/../lib/gcc/arm-none-eabi/12.3.1/../../../../arm-none-eabi/lib/thumb/v7e-m+fp/hard/libc_nano.a(libc_a-wbuf.o)
                0x08005de2                __swbuf_r
 *fill*         0x08005e5e        0x2 
 .text.__swsetup_r
                0x08005e60       0xac /opt/st/stm32cubeide_1.16.0/plugins/com.st.stm32cube.ide.mcu.externaltools.gnu-tools-for-stm32.12.3.rel1.linux64_1.0.200.202406132123/tools/bin/../lib/gcc/arm-none-eabi/12.3.1/../../../../arm-none-eabi/lib/thumb/v7e-m+fp/hard/libc_nano.a(libc_a-wsetup.o)
                0x08005e60                __swsetup_r
 .text.memset   0x08005f0c       0x10 /opt/st/stm32cubeide_1.16.0/plugins/com.st.stm32cube.ide.mcu.externaltools.gnu-tools-for-stm32.12.3.rel1.linux64_1.0.200.202406132123/tools/bin/../lib/gcc/arm-none-eabi/12.3.1/../../../../arm-none-eabi/lib/thumb/v7e-m+fp/hard/libc_nano.a(libc_a-memset.o)
                0x08005f0c                memset
 .text._close_r
                0x08005f1c       0x20 /opt/st/stm32cubeide_1.16.0/plugins/com.st.stm32cube.ide.mcu.externaltools.gnu-tools-for-stm32.12.3.rel1.linux64_1.0.200.202406132123/tools/bin/../lib/gcc/arm-none-eabi/12.3.1/../../../../arm-none-eabi/lib/thumb/v7e-m+fp/hard/libc_nano.a(libc_a-closer.o)
                0x08005f1c                _close_r
 .text._lseek_r
                0x08005f3c       0x24 /opt/st/stm32cubeide_1.16.0/plugins/com.st.stm32cube.ide.mcu.externaltools.gnu-tools-for-stm32.12.3.rel1.linux64_1.0.200.202406132123/tools/bin/../lib/gcc/arm-none-eabi/12.3.1/../../../../arm-none-eabi/lib/thumb/v7e-m+fp/hard/libc_nano.a(libc_a-lseekr.o)
                0x08005f3c                _lseek_r
 .text._read_r  0x08005f60       0x24 /opt/st/stm32cubeide_1.16.0/plugins/com.st.stm32cube.ide.mcu.externaltools.gnu-tools-for-stm32.12.3.rel1.linux64_1.0.200.202406132123/tools/bin/../lib/gcc/arm-none-eabi/12.3.1/../../../../arm-none-eabi/lib/thumb/v7e-m+fp/hard/libc_nano.a(libc_a-readr.o)
                0x08005f60                _read_r
 .text._write_r
                0x08005f84       0x24 /opt/st/stm32cubeide_1.16.0/plugins/com.st.stm32cube.ide.mcu.externaltools.gnu-tools-for-stm32.12.3.rel1.linux64_1.0.200.202406132123/tools/bin/../lib/gcc/arm-none-eabi/12.3.1/../../../../arm-none-eabi/lib/thumb/v7e-m+fp/hard/libc_nano.a(libc_a-writer.o)
                0x08005f84                _write_r
 .text.__errno  0x08005fa8        0xc /opt/st/stm32cubeide_1.16.0/plugins/com.st.stm32cube.ide.mcu.externaltools.gnu-tools-for-stm32.12.3.rel1.linux64_1.0.200.202406132123/tools/bin/../lib/gcc/arm-none-eabi/12.3.1/../../../../arm-none-eabi/lib/thumb/v7e-m+fp/hard/libc_nano.a(libc_a-errno.o)
                0x08005fa8                __errno
 .text.__libc_init_array
                0x08005fb4       0x48 /opt/st/stm32cubeide_1.16.0/plugins/com.st.stm32cube.ide.mcu.externaltools.gnu-tools-for-stm32.12.3.rel1.linux64_1.0.200.202406132123/tools/bin/../lib/gcc/arm-none-eabi/12.3.1/../../../../arm-none-eabi/lib/thumb/v7e-m+fp/hard/libc_nano.a(libc_a-init.o)
                0x08005fb4                __libc_init_array
 .text.__retarget_lock_init_recursive
                0x08005ffc        0x2 /opt/st/stm32cubeide_1.16.0/plugins/com.st.stm32cube.ide.mcu.externaltools.gnu-tools-for-stm32.12.3.rel1.linux64_1.0.200.202406132123/tools/bin/../lib/gcc/arm-none-eabi/12.3.1/../../../../arm-none-eabi/lib/thumb/v7e-m+fp/hard/libc_nano.a(libc_a-lock.o)
                0x08005ffc                __retarget_lock_init_recursive
 .text.__retarget_lock_acquire_recursive
                0x08005ffe        0x2 /opt/st/stm32cubeide_1.16.0/plugins/com.st.stm32cube.ide.mcu.externaltools.gnu-tools-for-stm32.12.3.rel1.linux64_1.0.200.202406132123/tools/bin/../lib/gcc/arm-none-eabi/12.3.1/../../../../arm-none-eabi/lib/thumb/v7e-m+fp/hard/libc_nano.a(libc_a-lock.o)
                0x08005ffe                __retarget_lock_acquire_recursive
 .text.__retarget_lock_release_recursive
                0x08006000        0x2 /opt/st/stm32cubeide_1.16.0/plugins/com.st.stm32cube.ide.mcu.externaltools.gnu-tools-for-stm32.12.3.rel1.linux64_1.0.200.202406132123/tools/bin/../lib/gcc/arm-none-eabi/12.3.1/../../../../arm-none-eabi/lib/thumb/v7e-m+fp/hard/libc_nano.a(libc_a-lock.o)
                0x08006000                __retarget_lock_release_recursive
 *fill*         0x08006002        0x2 
 .text._free_r  0x08006004       0x94 /opt/st/stm32cubeide_1.16.0/plugins/com.st.stm32cube.ide.mcu.externaltools.gnu-tools-for-stm32.12.3.rel1.linux64_1.0.200.202406132123/tools/bin/../lib/gcc/arm-none-eabi/12.3.1/../../../../arm-none-eabi/lib/thumb/v7e-m+fp/hard/libc_nano.a(libc_a-freer.o)
                0x08006004                _free_r
 .text.sbrk_aligned
                0x08006098       0x44 /opt/st/stm32cubeide_1.16.0/plugins/com.st.stm32cube.ide.mcu.externaltools.gnu-tools-for-stm32.12.3.rel1.linux64_1.0.200.202406132123/tools/bin/../lib/gcc/arm-none-eabi/12.3.1/../../../../arm-none-eabi/lib/thumb/v7e-m+fp/hard/libc_nano.a(libc_a-mallocr.o)
 .text._malloc_r
                0x080060dc      0x100 /opt/st/stm32cubeide_1.16.0/plugins/com.st.stm32cube.ide.mcu.externaltools.gnu-tools-for-stm32.12.3.rel1.linux64_1.0.200.202406132123/tools/bin/../lib/gcc/arm-none-eabi/12.3.1/../../../../arm-none-eabi/lib/thumb/v7e-m+fp/hard/libc_nano.a(libc_a-mallocr.o)
                0x080060dc                _malloc_r
 .text.__malloc_lock
                0x080061dc        0xc /opt/st/stm32cubeide_1.16.0/plugins/com.st.stm32cube.ide.mcu.externaltools.gnu-tools-for-stm32.12.3.rel1.linux64_1.0.200.202406132123/tools/bin/../lib/gcc/arm-none-eabi/12.3.1/../../../../arm-none-eabi/lib/thumb/v7e-m+fp/hard/libc_nano.a(libc_a-mlock.o)
                0x080061dc                __malloc_lock
 .text.__malloc_unlock
                0x080061e8        0xc /opt/st/stm32cubeide_1.16.0/plugins/com.st.stm32cube.ide.mcu.externaltools.gnu-tools-for-stm32.12.3.rel1.linux64_1.0.200.202406132123/tools/bin/../lib/gcc/arm-none-eabi/12.3.1/../../../../arm-none-eabi/lib/thumb/v7e-m+fp/hard/libc_nano.a(libc_a-mlock.o)
                0x080061e8                __malloc_unlock
 .text.__sfputc_r
                0x080061f4       0x2e /opt/st/stm32cubeide_1.16.0/plugins/com.st.stm32cube.ide.mcu.externaltools.gnu-tools-for-stm32.12.3.rel1.linux64_1.0.200.202406132123/tools/bin/../lib/gcc/arm-none-eabi/12.3.1/../../../../arm-none-eabi/lib/thumb/v7e-m+fp/hard/libc_nano.a(libc_a-nano-vfprintf.o)
 .text.__sfputs_r
                0x08006222       0x24 /opt/st/stm32cubeide_1.16.0/plugins/com.st.stm32cube.ide.mcu.externaltools.gnu-tools-for-stm32.12.3.rel1.linux64_1.0.200.202406132123/tools/bin/../lib/gcc/arm-none-eabi/12.3.1/../../../../arm-none-eabi/lib/thumb/v7e-m+fp/hard/libc_nano.a(libc_a-nano-vfprintf.o)
                0x08006222                __sfputs_r
 *fill*         0x08006246        0x2 
 .text._vfprintf_r
                0x08006248      0x230 /opt/st/stm32cubeide_1.16.0/plugins/com.st.stm32cube.ide.mcu.externaltools.gnu-tools-for-stm32.12.3.rel1.linux64_1.0.200.202406132123/tools/bin/../lib/gcc/arm-none-eabi/12.3.1/../../../../arm-none-eabi/lib/thumb/v7e-m+fp/hard/libc_nano.a(libc_a-nano-vfprintf.o)
                0x08006248                _vfiprintf_r
                0x08006248                _vfprintf_r
 .text._printf_common
                0x08006478       0xda /opt/st/stm32cubeide_1.16.0/plugins/com.st.stm32cube.ide.mcu.externaltools.gnu-tools-for-stm32.12.3.rel1.linux64_1.0.200.202406132123/tools/bin/../lib/gcc/arm-none-eabi/12.3.1/../../../../arm-none-eabi/lib/thumb/v7e-m+fp/hard/libc_nano.a(libc_a-nano-vfprintf_i.o)
                0x08006478                _printf_common
 *fill*         0x08006552        0x2 
 .text._printf_i
                0x08006554      0x240 /opt/st/stm32cubeide_1.16.0/plugins/com.st.stm32cube.ide.mcu.externaltools.gnu-tools-for-stm32.12.3.rel1.linux64_1.0.200.202406132123/tools/bin/../lib/gcc/arm-none-eabi/12.3.1/../../../../arm-none-eabi/lib/thumb/v7e-m+fp/hard/libc_nano.a(libc_a-nano-vfprintf_i.o)
                0x08006554                _printf_i
 .text.__sflush_r
                0x08006794      0x108 /opt/st/stm32cubeide_1.16.0/plugins/com.st.stm32cube.ide.mcu.externaltools.gnu-tools-for-stm32.12.3.rel1.linux64_1.0.200.202406132123/tools/bin/../lib/gcc/arm-none-eabi/12.3.1/../../../../arm-none-eabi/lib/thumb/v7e-m+fp/hard/libc_nano.a(libc_a-fflush.o)
                0x08006794                __sflush_r
 .text._fflush_r
                0x0800689c       0x50 /opt/st/stm32cubeide_1.16.0/plugins/com.st.stm32cube.ide.mcu.externaltools.gnu-tools-for-stm32.12.3.rel1.linux64_1.0.200.202406132123/tools/bin/../lib/gcc/arm-none-eabi/12.3.1/../../../../arm-none-eabi/lib/thumb/v7e-m+fp/hard/libc_nano.a(libc_a-fflush.o)
                0x0800689c                _fflush_r
 .text.__swhatbuf_r
                0x080068ec       0x4c /opt/st/stm32cubeide_1.16.0/plugins/com.st.stm32cube.ide.mcu.externaltools.gnu-tools-for-stm32.12.3.rel1.linux64_1.0.200.202406132123/tools/bin/../lib/gcc/arm-none-eabi/12.3.1/../../../../arm-none-eabi/lib/thumb/v7e-m+fp/hard/libc_nano.a(libc_a-makebuf.o)
                0x080068ec                __swhatbuf_r
 .text.__smakebuf_r
                0x08006938       0x78 /opt/st/stm32cubeide_1.16.0/plugins/com.st.stm32cube.ide.mcu.externaltools.gnu-tools-for-stm32.12.3.rel1.linux64_1.0.200.202406132123/tools/bin/../lib/gcc/arm-none-eabi/12.3.1/../../../../arm-none-eabi/lib/thumb/v7e-m+fp/hard/libc_nano.a(libc_a-makebuf.o)
                0x08006938                __smakebuf_r
 .text._fstat_r
                0x080069b0       0x24 /opt/st/stm32cubeide_1.16.0/plugins/com.st.stm32cube.ide.mcu.externaltools.gnu-tools-for-stm32.12.3.rel1.linux64_1.0.200.202406132123/tools/bin/../lib/gcc/arm-none-eabi/12.3.1/../../../../arm-none-eabi/lib/thumb/v7e-m+fp/hard/libc_nano.a(libc_a-fstatr.o)
                0x080069b0                _fstat_r
 .text._isatty_r
                0x080069d4       0x20 /opt/st/stm32cubeide_1.16.0/plugins/com.st.stm32cube.ide.mcu.externaltools.gnu-tools-for-stm32.12.3.rel1.linux64_1.0.200.202406132123/tools/bin/../lib/gcc/arm-none-eabi/12.3.1/../../../../arm-none-eabi/lib/thumb/v7e-m+fp/hard/libc_nano.a(libc_a-isattyr.o)
                0x080069d4                _isatty_r
 .text._sbrk_r  0x080069f4       0x20 /opt/st/stm32cubeide_1.16.0/plugins/com.st.stm32cube.ide.mcu.externaltools.gnu-tools-for-stm32.12.3.rel1.linux64_1.0.200.202406132123/tools/bin/../lib/gcc/arm-none-eabi/12.3.1/../../../../arm-none-eabi/lib/thumb/v7e-m+fp/hard/libc_nano.a(libc_a-sbrkr.o)
                0x080069f4                _sbrk_r
 *(.glue_7)
 .glue_7        0x08006a14        0x0 linker stubs
 *(.glue_7t)
 .glue_7t       0x08006a14        0x0 linker stubs
 *(.eh_frame)
 .eh_frame      0x08006a14        0x0 /opt/st/stm32cubeide_1.16.0/plugins/com.st.stm32cube.ide.mcu.externaltools.gnu-tools-for-stm32.12.3.rel1.linux64_1.0.200.202406132123/tools/bin/../lib/gcc/arm-none-eabi/12.3.1/thumb/v7e-m+fp/hard/crtbegin.o
 *(.init)
 .init          0x08006a14        0x4 /opt/st/stm32cubeide_1.16.0/plugins/com.st.stm32cube.ide.mcu.externaltools.gnu-tools-for-stm32.12.3.rel1.linux64_1.0.200.202406132123/tools/bin/../lib/gcc/arm-none-eabi/12.3.1/thumb/v7e-m+fp/hard/crti.o
                0x08006a14                _init
 .init          0x08006a18        0x8 /opt/st/stm32cubeide_1.16.0/plugins/com.st.stm32cube.ide.mcu.externaltools.gnu-tools-for-stm32.12.3.rel1.linux64_1.0.200.202406132123/tools/bin/../lib/gcc/arm-none-eabi/12.3.1/thumb/v7e-m+fp/hard/crtn.o
 *(.fini)
 .fini          0x08006a20        0x4 /opt/st/stm32cubeide_1.16.0/plugins/com.st.stm32cube.ide.mcu.externaltools.gnu-tools-for-stm32.12.3.rel1.linux64_1.0.200.202406132123/tools/bin/../lib/gcc/arm-none-eabi/12.3.1/thumb/v7e-m+fp/hard/crti.o
                0x08006a20                _fini
 .fini          0x08006a24        0x8 /opt/st/stm32cubeide_1.16.0/plugins/com.st.stm32cube.ide.mcu.externaltools.gnu-tools-for-stm32.12.3.rel1.linux64_1.0.200.202406132123/tools/bin/../lib/gcc/arm-none-eabi/12.3.1/thumb/v7e-m+fp/hard/crtn.o
                0x08006a2c                        . = ALIGN (0x4)
                0x08006a2c                        _etext = .

.vfp11_veneer   0x08006a2c        0x0
 .vfp11_veneer  0x08006a2c        0x0 linker stubs

.v4_bx          0x08006a2c        0x0
 .v4_bx         0x08006a2c        0x0 linker stubs

.iplt           0x08006a2c        0x0
 .iplt          0x08006a2c        0x0 /opt/st/stm32cubeide_1.16.0/plugins/com.st.stm32cube.ide.mcu.externaltools.gnu-tools-for-stm32.12.3.rel1.linux64_1.0.200.202406132123/tools/bin/../lib/gcc/arm-none-eabi/12.3.1/thumb/v7e-m+fp/hard/crtbegin.o

.rodata         0x08006a2c     0x1270
                0x08006a2c                        . = ALIGN (0x4)
 *(.rodata)
 .rodata        0x08006a2c       0x52 ./Core/Src/ApplicationCode.o
 *(.rodata*)
 *fill*         0x08006a7e        0x2 
 .rodata.ASCII16x24_Table
                0x08006a80     0x11d0 ./Core/Src/fonts.o
                0x08006a80                ASCII16x24_Table
 .rodata.AHBPrescTable
                0x08007c50       0x10 ./Core/Src/system_stm32f4xx.o
                0x08007c50                AHBPrescTable
 .rodata.APBPrescTable
                0x08007c60        0x8 ./Core/Src/system_stm32f4xx.o
                0x08007c60                APBPrescTable
 .rodata._vfprintf_r.str1.1
                0x08007c68       0x11 /opt/st/stm32cubeide_1.16.0/plugins/com.st.stm32cube.ide.mcu.externaltools.gnu-tools-for-stm32.12.3.rel1.linux64_1.0.200.202406132123/tools/bin/../lib/gcc/arm-none-eabi/12.3.1/../../../../arm-none-eabi/lib/thumb/v7e-m+fp/hard/libc_nano.a(libc_a-nano-vfprintf.o)
 .rodata._printf_i.str1.1
                0x08007c79       0x22 /opt/st/stm32cubeide_1.16.0/plugins/com.st.stm32cube.ide.mcu.externaltools.gnu-tools-for-stm32.12.3.rel1.linux64_1.0.200.202406132123/tools/bin/../lib/gcc/arm-none-eabi/12.3.1/../../../../arm-none-eabi/lib/thumb/v7e-m+fp/hard/libc_nano.a(libc_a-nano-vfprintf_i.o)
                0x08007c9c                        . = ALIGN (0x4)
 *fill*         0x08007c9b        0x1 

.ARM.extab      0x08007c9c        0x0
                0x08007c9c                        . = ALIGN (0x4)
 *(.ARM.extab* .gnu.linkonce.armextab.*)
                0x08007c9c                        . = ALIGN (0x4)

.ARM            0x08007c9c        0x8
                0x08007c9c                        . = ALIGN (0x4)
                0x08007c9c                        __exidx_start = .
 *(.ARM.exidx*)
 .ARM.exidx     0x08007c9c        0x8 /opt/st/stm32cubeide_1.16.0/plugins/com.st.stm32cube.ide.mcu.externaltools.gnu-tools-for-stm32.12.3.rel1.linux64_1.0.200.202406132123/tools/bin/../lib/gcc/arm-none-eabi/12.3.1/../../../../arm-none-eabi/lib/thumb/v7e-m+fp/hard/libc_nano.a(libc_a-memchr.o)
 .ARM.exidx     0x08007ca4        0x0 /opt/st/stm32cubeide_1.16.0/plugins/com.st.stm32cube.ide.mcu.externaltools.gnu-tools-for-stm32.12.3.rel1.linux64_1.0.200.202406132123/tools/bin/../lib/gcc/arm-none-eabi/12.3.1/thumb/v7e-m+fp/hard/libgcc.a(_udivmoddi4.o)
                                  0x8 (size before relaxing)
                0x08007ca4                        __exidx_end = .
                0x08007ca4                        . = ALIGN (0x4)

.preinit_array  0x08007ca4        0x0
                0x08007ca4                        . = ALIGN (0x4)
                0x08007ca4                        PROVIDE (__preinit_array_start = .)
 *(.preinit_array*)
                0x08007ca4                        PROVIDE (__preinit_array_end = .)
                0x08007ca4                        . = ALIGN (0x4)

.init_array     0x08007ca4        0x4
                0x08007ca4                        . = ALIGN (0x4)
                0x08007ca4                        PROVIDE (__init_array_start = .)
 *(SORT_BY_NAME(.init_array.*))
 *(.init_array*)
 .init_array    0x08007ca4        0x4 /opt/st/stm32cubeide_1.16.0/plugins/com.st.stm32cube.ide.mcu.externaltools.gnu-tools-for-stm32.12.3.rel1.linux64_1.0.200.202406132123/tools/bin/../lib/gcc/arm-none-eabi/12.3.1/thumb/v7e-m+fp/hard/crtbegin.o
                0x08007ca8                        PROVIDE (__init_array_end = .)
                0x08007ca8                        . = ALIGN (0x4)

.fini_array     0x08007ca8        0x4
                0x08007ca8                        . = ALIGN (0x4)
                [!provide]                        PROVIDE (__fini_array_start = .)
 *(SORT_BY_NAME(.fini_array.*))
 *(.fini_array*)
 .fini_array    0x08007ca8        0x4 /opt/st/stm32cubeide_1.16.0/plugins/com.st.stm32cube.ide.mcu.externaltools.gnu-tools-for-stm32.12.3.rel1.linux64_1.0.200.202406132123/tools/bin/../lib/gcc/arm-none-eabi/12.3.1/thumb/v7e-m+fp/hard/crtbegin.o
                [!provide]                        PROVIDE (__fini_array_end = .)
                0x08007cac                        . = ALIGN (0x4)
                0x08007cac                        _sidata = LOADADDR (.data)

.rel.dyn        0x08007cac        0x0
 .rel.iplt      0x08007cac        0x0 /opt/st/stm32cubeide_1.16.0/plugins/com.st.stm32cube.ide.mcu.externaltools.gnu-tools-for-stm32.12.3.rel1.linux64_1.0.200.202406132123/tools/bin/../lib/gcc/arm-none-eabi/12.3.1/thumb/v7e-m+fp/hard/crtbegin.o

.data           0x20000000       0x78 load address 0x08007cac
                0x20000000                        . = ALIGN (0x4)
                0x20000000                        _sdata = .
 *(.data)
 *(.data*)
 .data.CurrentTextColor
                0x20000000        0x2 ./Core/Src/LCD_Driver.o
 *fill*         0x20000002        0x2 
 .data.Font16x24
                0x20000004        0x8 ./Core/Src/fonts.o
                0x20000004                Font16x24
 .data.SpiTimeout
                0x2000000c        0x4 ./Core/Src/ili9341.o
                0x2000000c                SpiTimeout
 .data.SystemCoreClock
                0x20000010        0x4 ./Core/Src/system_stm32f4xx.o
                0x20000010                SystemCoreClock
 .data.uwTickPrio
                0x20000014        0x4 ./Drivers/STM32F4xx_HAL_Driver/Src/stm32f4xx_hal.o
                0x20000014                uwTickPrio
 .data.uwTickFreq
                0x20000018        0x1 ./Drivers/STM32F4xx_HAL_Driver/Src/stm32f4xx_hal.o
                0x20000018                uwTickFreq
 *fill*         0x20000019        0x3 
 .data.__sglue  0x2000001c        0xc /opt/st/stm32cubeide_1.16.0/plugins/com.st.stm32cube.ide.mcu.externaltools.gnu-tools-for-stm32.12.3.rel1.linux64_1.0.200.202406132123/tools/bin/../lib/gcc/arm-none-eabi/12.3.1/../../../../arm-none-eabi/lib/thumb/v7e-m+fp/hard/libc_nano.a(libc_a-findfp.o)
                0x2000001c                __sglue
 .data._impure_ptr
                0x20000028        0x4 /opt/st/stm32cubeide_1.16.0/plugins/com.st.stm32cube.ide.mcu.externaltools.gnu-tools-for-stm32.12.3.rel1.linux64_1.0.200.202406132123/tools/bin/../lib/gcc/arm-none-eabi/12.3.1/../../../../arm-none-eabi/lib/thumb/v7e-m+fp/hard/libc_nano.a(libc_a-impure.o)
                0x20000028                _impure_ptr
 .data._impure_data
                0x2000002c       0x4c /opt/st/stm32cubeide_1.16.0/plugins/com.st.stm32cube.ide.mcu.externaltools.gnu-tools-for-stm32.12.3.rel1.linux64_1.0.200.202406132123/tools/bin/../lib/gcc/arm-none-eabi/12.3.1/../../../../arm-none-eabi/lib/thumb/v7e-m+fp/hard/libc_nano.a(libc_a-impure.o)
                0x2000002c                _impure_data
 *(.RamFunc)
 *(.RamFunc*)
                0x20000078                        . = ALIGN (0x4)
                0x20000078                        _edata = .
                0x08007d24                        _siccmram = LOADADDR (.ccmram)

.igot.plt       0x20000078        0x0 load address 0x08007d24
 .igot.plt      0x20000078        0x0 /opt/st/stm32cubeide_1.16.0/plugins/com.st.stm32cube.ide.mcu.externaltools.gnu-tools-for-stm32.12.3.rel1.linux64_1.0.200.202406132123/tools/bin/../lib/gcc/arm-none-eabi/12.3.1/thumb/v7e-m+fp/hard/crtbegin.o

.ccmram         0x10000000        0x0 load address 0x08007d24
                0x10000000                        . = ALIGN (0x4)
                0x10000000                        _sccmram = .
 *(.ccmram)
 *(.ccmram*)
                0x10000000                        . = ALIGN (0x4)
                0x10000000                        _eccmram = .
                0x10000000                        . = ALIGN (0x4)

.bss            0x20000078    0x25b20
                0x20000078                        _sbss = .
                0x20000078                        __bss_start__ = _sbss
 *(.bss)
 .bss           0x20000078       0x1c /opt/st/stm32cubeide_1.16.0/plugins/com.st.stm32cube.ide.mcu.externaltools.gnu-tools-for-stm32.12.3.rel1.linux64_1.0.200.202406132123/tools/bin/../lib/gcc/arm-none-eabi/12.3.1/thumb/v7e-m+fp/hard/crtbegin.o
 *(.bss*)
 .bss.screenCount
                0x20000094        0x1 ./Core/Src/ApplicationCode.o
                0x20000094                screenCount
 *fill*         0x20000095        0x3 
 .bss.StaticTouchData
                0x20000098        0x8 ./Core/Src/ApplicationCode.o
 .bss.LCDTouchIRQ
                0x200000a0        0x8 ./Core/Src/ApplicationCode.o
 .bss.statusFlag
                0x200000a8        0x1 ./Core/Src/ApplicationCode.o
 *fill*         0x200000a9        0x3 
 .bss.count.0   0x200000ac        0x4 ./Core/Src/ApplicationCode.o
 .bss.hltdc     0x200000b0       0xa8 ./Core/Src/LCD_Driver.o
 .bss.PeriphClkInitStruct
                0x20000158       0x30 ./Core/Src/LCD_Driver.o
 .bss.LCD_Currentfonts
                0x20000188        0x4 ./Core/Src/LCD_Driver.o
 .bss.frameBuffer
                0x2000018c    0x25800 ./Core/Src/LCD_Driver.o
                0x2000018c                frameBuffer
 .bss.scheduledEvents
                0x2002598c        0x4 ./Core/Src/Scheduler.o
 .bss.SpiHandle
                0x20025990       0x58 ./Core/Src/ili9341.o
 .bss.Is_LCD_IO_Initialized
                0x200259e8        0x1 ./Core/Src/ili9341.o
 *fill*         0x200259e9        0x3 
 .bss.hI2C3     0x200259ec       0x54 ./Core/Src/stmpe811.o
 .bss.HAL_status
                0x20025a40        0x1 ./Core/Src/stmpe811.o
 *fill*         0x20025a41        0x3 
 .bss.__sbrk_heap_end
                0x20025a44        0x4 ./Core/Src/sysmem.o
 .bss.uwTick    0x20025a48        0x4 ./Drivers/STM32F4xx_HAL_Driver/Src/stm32f4xx_hal.o
                0x20025a48                uwTick
 .bss.__sf      0x20025a4c      0x138 /opt/st/stm32cubeide_1.16.0/plugins/com.st.stm32cube.ide.mcu.externaltools.gnu-tools-for-stm32.12.3.rel1.linux64_1.0.200.202406132123/tools/bin/../lib/gcc/arm-none-eabi/12.3.1/../../../../arm-none-eabi/lib/thumb/v7e-m+fp/hard/libc_nano.a(libc_a-findfp.o)
                0x20025a4c                __sf
 .bss.__stdio_exit_handler
                0x20025b84        0x4 /opt/st/stm32cubeide_1.16.0/plugins/com.st.stm32cube.ide.mcu.externaltools.gnu-tools-for-stm32.12.3.rel1.linux64_1.0.200.202406132123/tools/bin/../lib/gcc/arm-none-eabi/12.3.1/../../../../arm-none-eabi/lib/thumb/v7e-m+fp/hard/libc_nano.a(libc_a-findfp.o)
                0x20025b84                __stdio_exit_handler
 .bss.errno     0x20025b88        0x4 /opt/st/stm32cubeide_1.16.0/plugins/com.st.stm32cube.ide.mcu.externaltools.gnu-tools-for-stm32.12.3.rel1.linux64_1.0.200.202406132123/tools/bin/../lib/gcc/arm-none-eabi/12.3.1/../../../../arm-none-eabi/lib/thumb/v7e-m+fp/hard/libc_nano.a(libc_a-reent.o)
                0x20025b88                errno
 .bss.__lock___malloc_recursive_mutex
                0x20025b8c        0x1 /opt/st/stm32cubeide_1.16.0/plugins/com.st.stm32cube.ide.mcu.externaltools.gnu-tools-for-stm32.12.3.rel1.linux64_1.0.200.202406132123/tools/bin/../lib/gcc/arm-none-eabi/12.3.1/../../../../arm-none-eabi/lib/thumb/v7e-m+fp/hard/libc_nano.a(libc_a-lock.o)
                0x20025b8c                __lock___malloc_recursive_mutex
 .bss.__lock___sfp_recursive_mutex
                0x20025b8d        0x1 /opt/st/stm32cubeide_1.16.0/plugins/com.st.stm32cube.ide.mcu.externaltools.gnu-tools-for-stm32.12.3.rel1.linux64_1.0.200.202406132123/tools/bin/../lib/gcc/arm-none-eabi/12.3.1/../../../../arm-none-eabi/lib/thumb/v7e-m+fp/hard/libc_nano.a(libc_a-lock.o)
                0x20025b8d                __lock___sfp_recursive_mutex
 *fill*         0x20025b8e        0x2 
 .bss.__malloc_sbrk_start
                0x20025b90        0x4 /opt/st/stm32cubeide_1.16.0/plugins/com.st.stm32cube.ide.mcu.externaltools.gnu-tools-for-stm32.12.3.rel1.linux64_1.0.200.202406132123/tools/bin/../lib/gcc/arm-none-eabi/12.3.1/../../../../arm-none-eabi/lib/thumb/v7e-m+fp/hard/libc_nano.a(libc_a-mallocr.o)
                0x20025b90                __malloc_sbrk_start
 .bss.__malloc_free_list
                0x20025b94        0x4 /opt/st/stm32cubeide_1.16.0/plugins/com.st.stm32cube.ide.mcu.externaltools.gnu-tools-for-stm32.12.3.rel1.linux64_1.0.200.202406132123/tools/bin/../lib/gcc/arm-none-eabi/12.3.1/../../../../arm-none-eabi/lib/thumb/v7e-m+fp/hard/libc_nano.a(libc_a-mallocr.o)
                0x20025b94                __malloc_free_list
 *(COMMON)
                0x20025b98                        . = ALIGN (0x4)
                0x20025b98                        _ebss = .
                0x20025b98                        __bss_end__ = _ebss

._user_heap_stack
                0x20025b98      0x600
                0x20025b98                        . = ALIGN (0x8)
                [!provide]                        PROVIDE (end = .)
                0x20025b98                        PROVIDE (_end = .)
                0x20025d98                        . = (. + _Min_Heap_Size)
 *fill*         0x20025b98      0x200 
                0x20026198                        . = (. + _Min_Stack_Size)
 *fill*         0x20025d98      0x400 
                0x20026198                        . = ALIGN (0x8)

/DISCARD/
 libc.a(*)
 libm.a(*)
 libgcc.a(*)

.ARM.attributes
                0x00000000       0x30
 *(.ARM.attributes)
 .ARM.attributes
                0x00000000       0x22 /opt/st/stm32cubeide_1.16.0/plugins/com.st.stm32cube.ide.mcu.externaltools.gnu-tools-for-stm32.12.3.rel1.linux64_1.0.200.202406132123/tools/bin/../lib/gcc/arm-none-eabi/12.3.1/thumb/v7e-m+fp/hard/crti.o
 .ARM.attributes
                0x00000022       0x34 /opt/st/stm32cubeide_1.16.0/plugins/com.st.stm32cube.ide.mcu.externaltools.gnu-tools-for-stm32.12.3.rel1.linux64_1.0.200.202406132123/tools/bin/../lib/gcc/arm-none-eabi/12.3.1/thumb/v7e-m+fp/hard/crtbegin.o
 .ARM.attributes
                0x00000056       0x34 ./Core/Src/ApplicationCode.o
 .ARM.attributes
                0x0000008a       0x34 ./Core/Src/Button_Driver.o
 .ARM.attributes
                0x000000be       0x34 ./Core/Src/InterruptControl.o
 .ARM.attributes
                0x000000f2       0x34 ./Core/Src/LCD_Driver.o
 .ARM.attributes
                0x00000126       0x34 ./Core/Src/Scheduler.o
 .ARM.attributes
                0x0000015a       0x34 ./Core/Src/Timer_Driver.o
 .ARM.attributes
                0x0000018e       0x34 ./Core/Src/fonts.o
 .ARM.attributes
                0x000001c2       0x34 ./Core/Src/ili9341.o
 .ARM.attributes
                0x000001f6       0x34 ./Core/Src/main.o
 .ARM.attributes
                0x0000022a       0x34 ./Core/Src/stm32f4xx_hal_msp.o
 .ARM.attributes
                0x0000025e       0x34 ./Core/Src/stm32f4xx_it.o
 .ARM.attributes
                0x00000292       0x34 ./Core/Src/stmpe811.o
 .ARM.attributes
                0x000002c6       0x34 ./Core/Src/syscalls.o
 .ARM.attributes
                0x000002fa       0x34 ./Core/Src/sysmem.o
 .ARM.attributes
                0x0000032e       0x34 ./Core/Src/system_stm32f4xx.o
 .ARM.attributes
                0x00000362       0x21 ./Core/Startup/startup_stm32f429zitx.o
 .ARM.attributes
                0x00000383       0x34 ./Drivers/STM32F4xx_HAL_Driver/Src/stm32f4xx_hal.o
 .ARM.attributes
                0x000003b7       0x34 ./Drivers/STM32F4xx_HAL_Driver/Src/stm32f4xx_hal_cortex.o
 .ARM.attributes
                0x000003eb       0x34 ./Drivers/STM32F4xx_HAL_Driver/Src/stm32f4xx_hal_exti.o
 .ARM.attributes
                0x0000041f       0x34 ./Drivers/STM32F4xx_HAL_Driver/Src/stm32f4xx_hal_gpio.o
 .ARM.attributes
                0x00000453       0x34 ./Drivers/STM32F4xx_HAL_Driver/Src/stm32f4xx_hal_i2c.o
 .ARM.attributes
                0x00000487       0x34 ./Drivers/STM32F4xx_HAL_Driver/Src/stm32f4xx_hal_ltdc.o
 .ARM.attributes
                0x000004bb       0x34 ./Drivers/STM32F4xx_HAL_Driver/Src/stm32f4xx_hal_rcc.o
 .ARM.attributes
                0x000004ef       0x34 ./Drivers/STM32F4xx_HAL_Driver/Src/stm32f4xx_hal_rcc_ex.o
 .ARM.attributes
                0x00000523       0x34 ./Drivers/STM32F4xx_HAL_Driver/Src/stm32f4xx_hal_spi.o
 .ARM.attributes
                0x00000557       0x34 ./Drivers/STM32F4xx_HAL_Driver/Src/stm32f4xx_hal_tim.o
 .ARM.attributes
                0x0000058b       0x34 /opt/st/stm32cubeide_1.16.0/plugins/com.st.stm32cube.ide.mcu.externaltools.gnu-tools-for-stm32.12.3.rel1.linux64_1.0.200.202406132123/tools/bin/../lib/gcc/arm-none-eabi/12.3.1/../../../../arm-none-eabi/lib/thumb/v7e-m+fp/hard/libc_nano.a(libc_a-findfp.o)
 .ARM.attributes
                0x000005bf       0x34 /opt/st/stm32cubeide_1.16.0/plugins/com.st.stm32cube.ide.mcu.externaltools.gnu-tools-for-stm32.12.3.rel1.linux64_1.0.200.202406132123/tools/bin/../lib/gcc/arm-none-eabi/12.3.1/../../../../arm-none-eabi/lib/thumb/v7e-m+fp/hard/libc_nano.a(libc_a-fwalk.o)
 .ARM.attributes
                0x000005f3       0x34 /opt/st/stm32cubeide_1.16.0/plugins/com.st.stm32cube.ide.mcu.externaltools.gnu-tools-for-stm32.12.3.rel1.linux64_1.0.200.202406132123/tools/bin/../lib/gcc/arm-none-eabi/12.3.1/../../../../arm-none-eabi/lib/thumb/v7e-m+fp/hard/libc_nano.a(libc_a-printf.o)
 .ARM.attributes
                0x00000627       0x34 /opt/st/stm32cubeide_1.16.0/plugins/com.st.stm32cube.ide.mcu.externaltools.gnu-tools-for-stm32.12.3.rel1.linux64_1.0.200.202406132123/tools/bin/../lib/gcc/arm-none-eabi/12.3.1/../../../../arm-none-eabi/lib/thumb/v7e-m+fp/hard/libc_nano.a(libc_a-puts.o)
 .ARM.attributes
                0x0000065b       0x34 /opt/st/stm32cubeide_1.16.0/plugins/com.st.stm32cube.ide.mcu.externaltools.gnu-tools-for-stm32.12.3.rel1.linux64_1.0.200.202406132123/tools/bin/../lib/gcc/arm-none-eabi/12.3.1/../../../../arm-none-eabi/lib/thumb/v7e-m+fp/hard/libc_nano.a(libc_a-stdio.o)
 .ARM.attributes
                0x0000068f       0x34 /opt/st/stm32cubeide_1.16.0/plugins/com.st.stm32cube.ide.mcu.externaltools.gnu-tools-for-stm32.12.3.rel1.linux64_1.0.200.202406132123/tools/bin/../lib/gcc/arm-none-eabi/12.3.1/../../../../arm-none-eabi/lib/thumb/v7e-m+fp/hard/libc_nano.a(libc_a-wbuf.o)
 .ARM.attributes
                0x000006c3       0x34 /opt/st/stm32cubeide_1.16.0/plugins/com.st.stm32cube.ide.mcu.externaltools.gnu-tools-for-stm32.12.3.rel1.linux64_1.0.200.202406132123/tools/bin/../lib/gcc/arm-none-eabi/12.3.1/../../../../arm-none-eabi/lib/thumb/v7e-m+fp/hard/libc_nano.a(libc_a-wsetup.o)
 .ARM.attributes
                0x000006f7       0x34 /opt/st/stm32cubeide_1.16.0/plugins/com.st.stm32cube.ide.mcu.externaltools.gnu-tools-for-stm32.12.3.rel1.linux64_1.0.200.202406132123/tools/bin/../lib/gcc/arm-none-eabi/12.3.1/../../../../arm-none-eabi/lib/thumb/v7e-m+fp/hard/libc_nano.a(libc_a-memset.o)
 .ARM.attributes
                0x0000072b       0x34 /opt/st/stm32cubeide_1.16.0/plugins/com.st.stm32cube.ide.mcu.externaltools.gnu-tools-for-stm32.12.3.rel1.linux64_1.0.200.202406132123/tools/bin/../lib/gcc/arm-none-eabi/12.3.1/../../../../arm-none-eabi/lib/thumb/v7e-m+fp/hard/libc_nano.a(libc_a-closer.o)
 .ARM.attributes
                0x0000075f       0x34 /opt/st/stm32cubeide_1.16.0/plugins/com.st.stm32cube.ide.mcu.externaltools.gnu-tools-for-stm32.12.3.rel1.linux64_1.0.200.202406132123/tools/bin/../lib/gcc/arm-none-eabi/12.3.1/../../../../arm-none-eabi/lib/thumb/v7e-m+fp/hard/libc_nano.a(libc_a-reent.o)
 .ARM.attributes
                0x00000793       0x34 /opt/st/stm32cubeide_1.16.0/plugins/com.st.stm32cube.ide.mcu.externaltools.gnu-tools-for-stm32.12.3.rel1.linux64_1.0.200.202406132123/tools/bin/../lib/gcc/arm-none-eabi/12.3.1/../../../../arm-none-eabi/lib/thumb/v7e-m+fp/hard/libc_nano.a(libc_a-impure.o)
 .ARM.attributes
                0x000007c7       0x34 /opt/st/stm32cubeide_1.16.0/plugins/com.st.stm32cube.ide.mcu.externaltools.gnu-tools-for-stm32.12.3.rel1.linux64_1.0.200.202406132123/tools/bin/../lib/gcc/arm-none-eabi/12.3.1/../../../../arm-none-eabi/lib/thumb/v7e-m+fp/hard/libc_nano.a(libc_a-lseekr.o)
 .ARM.attributes
                0x000007fb       0x34 /opt/st/stm32cubeide_1.16.0/plugins/com.st.stm32cube.ide.mcu.externaltools.gnu-tools-for-stm32.12.3.rel1.linux64_1.0.200.202406132123/tools/bin/../lib/gcc/arm-none-eabi/12.3.1/../../../../arm-none-eabi/lib/thumb/v7e-m+fp/hard/libc_nano.a(libc_a-readr.o)
 .ARM.attributes
                0x0000082f       0x34 /opt/st/stm32cubeide_1.16.0/plugins/com.st.stm32cube.ide.mcu.externaltools.gnu-tools-for-stm32.12.3.rel1.linux64_1.0.200.202406132123/tools/bin/../lib/gcc/arm-none-eabi/12.3.1/../../../../arm-none-eabi/lib/thumb/v7e-m+fp/hard/libc_nano.a(libc_a-writer.o)
 .ARM.attributes
                0x00000863       0x34 /opt/st/stm32cubeide_1.16.0/plugins/com.st.stm32cube.ide.mcu.externaltools.gnu-tools-for-stm32.12.3.rel1.linux64_1.0.200.202406132123/tools/bin/../lib/gcc/arm-none-eabi/12.3.1/../../../../arm-none-eabi/lib/thumb/v7e-m+fp/hard/libc_nano.a(libc_a-errno.o)
 .ARM.attributes
                0x00000897       0x34 /opt/st/stm32cubeide_1.16.0/plugins/com.st.stm32cube.ide.mcu.externaltools.gnu-tools-for-stm32.12.3.rel1.linux64_1.0.200.202406132123/tools/bin/../lib/gcc/arm-none-eabi/12.3.1/../../../../arm-none-eabi/lib/thumb/v7e-m+fp/hard/libc_nano.a(libc_a-init.o)
 .ARM.attributes
                0x000008cb       0x34 /opt/st/stm32cubeide_1.16.0/plugins/com.st.stm32cube.ide.mcu.externaltools.gnu-tools-for-stm32.12.3.rel1.linux64_1.0.200.202406132123/tools/bin/../lib/gcc/arm-none-eabi/12.3.1/../../../../arm-none-eabi/lib/thumb/v7e-m+fp/hard/libc_nano.a(libc_a-lock.o)
 .ARM.attributes
                0x000008ff       0x34 /opt/st/stm32cubeide_1.16.0/plugins/com.st.stm32cube.ide.mcu.externaltools.gnu-tools-for-stm32.12.3.rel1.linux64_1.0.200.202406132123/tools/bin/../lib/gcc/arm-none-eabi/12.3.1/../../../../arm-none-eabi/lib/thumb/v7e-m+fp/hard/libc_nano.a(libc_a-freer.o)
 .ARM.attributes
                0x00000933       0x34 /opt/st/stm32cubeide_1.16.0/plugins/com.st.stm32cube.ide.mcu.externaltools.gnu-tools-for-stm32.12.3.rel1.linux64_1.0.200.202406132123/tools/bin/../lib/gcc/arm-none-eabi/12.3.1/../../../../arm-none-eabi/lib/thumb/v7e-m+fp/hard/libc_nano.a(libc_a-mallocr.o)
 .ARM.attributes
                0x00000967       0x34 /opt/st/stm32cubeide_1.16.0/plugins/com.st.stm32cube.ide.mcu.externaltools.gnu-tools-for-stm32.12.3.rel1.linux64_1.0.200.202406132123/tools/bin/../lib/gcc/arm-none-eabi/12.3.1/../../../../arm-none-eabi/lib/thumb/v7e-m+fp/hard/libc_nano.a(libc_a-mlock.o)
 .ARM.attributes
                0x0000099b       0x34 /opt/st/stm32cubeide_1.16.0/plugins/com.st.stm32cube.ide.mcu.externaltools.gnu-tools-for-stm32.12.3.rel1.linux64_1.0.200.202406132123/tools/bin/../lib/gcc/arm-none-eabi/12.3.1/../../../../arm-none-eabi/lib/thumb/v7e-m+fp/hard/libc_nano.a(libc_a-nano-vfprintf.o)
 .ARM.attributes
                0x000009cf       0x34 /opt/st/stm32cubeide_1.16.0/plugins/com.st.stm32cube.ide.mcu.externaltools.gnu-tools-for-stm32.12.3.rel1.linux64_1.0.200.202406132123/tools/bin/../lib/gcc/arm-none-eabi/12.3.1/../../../../arm-none-eabi/lib/thumb/v7e-m+fp/hard/libc_nano.a(libc_a-nano-vfprintf_i.o)
 .ARM.attributes
                0x00000a03       0x34 /opt/st/stm32cubeide_1.16.0/plugins/com.st.stm32cube.ide.mcu.externaltools.gnu-tools-for-stm32.12.3.rel1.linux64_1.0.200.202406132123/tools/bin/../lib/gcc/arm-none-eabi/12.3.1/../../../../arm-none-eabi/lib/thumb/v7e-m+fp/hard/libc_nano.a(libc_a-fflush.o)
 .ARM.attributes
                0x00000a37       0x34 /opt/st/stm32cubeide_1.16.0/plugins/com.st.stm32cube.ide.mcu.externaltools.gnu-tools-for-stm32.12.3.rel1.linux64_1.0.200.202406132123/tools/bin/../lib/gcc/arm-none-eabi/12.3.1/../../../../arm-none-eabi/lib/thumb/v7e-m+fp/hard/libc_nano.a(libc_a-makebuf.o)
 .ARM.attributes
                0x00000a6b       0x34 /opt/st/stm32cubeide_1.16.0/plugins/com.st.stm32cube.ide.mcu.externaltools.gnu-tools-for-stm32.12.3.rel1.linux64_1.0.200.202406132123/tools/bin/../lib/gcc/arm-none-eabi/12.3.1/../../../../arm-none-eabi/lib/thumb/v7e-m+fp/hard/libc_nano.a(libc_a-fstatr.o)
 .ARM.attributes
                0x00000a9f       0x34 /opt/st/stm32cubeide_1.16.0/plugins/com.st.stm32cube.ide.mcu.externaltools.gnu-tools-for-stm32.12.3.rel1.linux64_1.0.200.202406132123/tools/bin/../lib/gcc/arm-none-eabi/12.3.1/../../../../arm-none-eabi/lib/thumb/v7e-m+fp/hard/libc_nano.a(libc_a-isattyr.o)
 .ARM.attributes
                0x00000ad3       0x34 /opt/st/stm32cubeide_1.16.0/plugins/com.st.stm32cube.ide.mcu.externaltools.gnu-tools-for-stm32.12.3.rel1.linux64_1.0.200.202406132123/tools/bin/../lib/gcc/arm-none-eabi/12.3.1/../../../../arm-none-eabi/lib/thumb/v7e-m+fp/hard/libc_nano.a(libc_a-sbrkr.o)
 .ARM.attributes
                0x00000b07       0x1c /opt/st/stm32cubeide_1.16.0/plugins/com.st.stm32cube.ide.mcu.externaltools.gnu-tools-for-stm32.12.3.rel1.linux64_1.0.200.202406132123/tools/bin/../lib/gcc/arm-none-eabi/12.3.1/../../../../arm-none-eabi/lib/thumb/v7e-m+fp/hard/libc_nano.a(libc_a-memchr.o)
 .ARM.attributes
                0x00000b23       0x22 /opt/st/stm32cubeide_1.16.0/plugins/com.st.stm32cube.ide.mcu.externaltools.gnu-tools-for-stm32.12.3.rel1.linux64_1.0.200.202406132123/tools/bin/../lib/gcc/arm-none-eabi/12.3.1/thumb/v7e-m+fp/hard/libgcc.a(_aeabi_uldivmod.o)
 .ARM.attributes
                0x00000b45       0x34 /opt/st/stm32cubeide_1.16.0/plugins/com.st.stm32cube.ide.mcu.externaltools.gnu-tools-for-stm32.12.3.rel1.linux64_1.0.200.202406132123/tools/bin/../lib/gcc/arm-none-eabi/12.3.1/thumb/v7e-m+fp/hard/libgcc.a(_udivmoddi4.o)
 .ARM.attributes
                0x00000b79       0x22 /opt/st/stm32cubeide_1.16.0/plugins/com.st.stm32cube.ide.mcu.externaltools.gnu-tools-for-stm32.12.3.rel1.linux64_1.0.200.202406132123/tools/bin/../lib/gcc/arm-none-eabi/12.3.1/thumb/v7e-m+fp/hard/libgcc.a(_dvmd_tls.o)
 .ARM.attributes
                0x00000b9b       0x22 /opt/st/stm32cubeide_1.16.0/plugins/com.st.stm32cube.ide.mcu.externaltools.gnu-tools-for-stm32.12.3.rel1.linux64_1.0.200.202406132123/tools/bin/../lib/gcc/arm-none-eabi/12.3.1/thumb/v7e-m+fp/hard/crtn.o
OUTPUT(EJohnsonFinalProject.elf elf32-littlearm)
LOAD linker stubs
LOAD /opt/st/stm32cubeide_1.16.0/plugins/com.st.stm32cube.ide.mcu.externaltools.gnu-tools-for-stm32.12.3.rel1.linux64_1.0.200.202406132123/tools/bin/../lib/gcc/arm-none-eabi/12.3.1/../../../../arm-none-eabi/lib/thumb/v7e-m+fp/hard/libc.a
LOAD /opt/st/stm32cubeide_1.16.0/plugins/com.st.stm32cube.ide.mcu.externaltools.gnu-tools-for-stm32.12.3.rel1.linux64_1.0.200.202406132123/tools/bin/../lib/gcc/arm-none-eabi/12.3.1/../../../../arm-none-eabi/lib/thumb/v7e-m+fp/hard/libm.a
LOAD /opt/st/stm32cubeide_1.16.0/plugins/com.st.stm32cube.ide.mcu.externaltools.gnu-tools-for-stm32.12.3.rel1.linux64_1.0.200.202406132123/tools/bin/../lib/gcc/arm-none-eabi/12.3.1/thumb/v7e-m+fp/hard/libgcc.a

.debug_info     0x00000000    0x1295e
 .debug_info    0x00000000      0xfe1 ./Core/Src/ApplicationCode.o
 .debug_info    0x00000fe1      0x68a ./Core/Src/Button_Driver.o
 .debug_info    0x0000166b      0x464 ./Core/Src/InterruptControl.o
 .debug_info    0x00001acf     0x12ea ./Core/Src/LCD_Driver.o
 .debug_info    0x00002db9       0xf7 ./Core/Src/Scheduler.o
 .debug_info    0x00002eb0      0x6ff ./Core/Src/Timer_Driver.o
 .debug_info    0x000035af      0x145 ./Core/Src/fonts.o
 .debug_info    0x000036f4      0xc85 ./Core/Src/ili9341.o
 .debug_info    0x00004379      0x53c ./Core/Src/main.o
 .debug_info    0x000048b5     0x1a65 ./Core/Src/stm32f4xx_hal_msp.o
 .debug_info    0x0000631a      0x129 ./Core/Src/stm32f4xx_it.o
 .debug_info    0x00006443     0x124f ./Core/Src/stmpe811.o
 .debug_info    0x00007692      0x6a3 ./Core/Src/syscalls.o
 .debug_info    0x00007d35      0x168 ./Core/Src/sysmem.o
 .debug_info    0x00007e9d      0x52e ./Core/Src/system_stm32f4xx.o
 .debug_info    0x000083cb       0x30 ./Core/Startup/startup_stm32f429zitx.o
 .debug_info    0x000083fb      0x9ba ./Drivers/STM32F4xx_HAL_Driver/Src/stm32f4xx_hal.o
 .debug_info    0x00008db5      0xdc2 ./Drivers/STM32F4xx_HAL_Driver/Src/stm32f4xx_hal_cortex.o
 .debug_info    0x00009b77      0x4f4 ./Drivers/STM32F4xx_HAL_Driver/Src/stm32f4xx_hal_exti.o
 .debug_info    0x0000a06b      0x6db ./Drivers/STM32F4xx_HAL_Driver/Src/stm32f4xx_hal_gpio.o
 .debug_info    0x0000a746     0x2421 ./Drivers/STM32F4xx_HAL_Driver/Src/stm32f4xx_hal_i2c.o
 .debug_info    0x0000cb67     0x1022 ./Drivers/STM32F4xx_HAL_Driver/Src/stm32f4xx_hal_ltdc.o
 .debug_info    0x0000db89      0x8c7 ./Drivers/STM32F4xx_HAL_Driver/Src/stm32f4xx_hal_rcc.o
 .debug_info    0x0000e450      0x64c ./Drivers/STM32F4xx_HAL_Driver/Src/stm32f4xx_hal_rcc_ex.o
 .debug_info    0x0000ea9c     0x1525 ./Drivers/STM32F4xx_HAL_Driver/Src/stm32f4xx_hal_spi.o
 .debug_info    0x0000ffc1     0x299d ./Drivers/STM32F4xx_HAL_Driver/Src/stm32f4xx_hal_tim.o

.debug_abbrev   0x00000000     0x30b8
 .debug_abbrev  0x00000000      0x25e ./Core/Src/ApplicationCode.o
 .debug_abbrev  0x0000025e      0x1c4 ./Core/Src/Button_Driver.o
 .debug_abbrev  0x00000422      0x119 ./Core/Src/InterruptControl.o
 .debug_abbrev  0x0000053b      0x32c ./Core/Src/LCD_Driver.o
 .debug_abbrev  0x00000867       0x94 ./Core/Src/Scheduler.o
 .debug_abbrev  0x000008fb      0x198 ./Core/Src/Timer_Driver.o
 .debug_abbrev  0x00000a93       0xc6 ./Core/Src/fonts.o
 .debug_abbrev  0x00000b59      0x2c9 ./Core/Src/ili9341.o
 .debug_abbrev  0x00000e22      0x206 ./Core/Src/main.o
 .debug_abbrev  0x00001028      0x266 ./Core/Src/stm32f4xx_hal_msp.o
 .debug_abbrev  0x0000128e       0x73 ./Core/Src/stm32f4xx_it.o
 .debug_abbrev  0x00001301      0x303 ./Core/Src/stmpe811.o
 .debug_abbrev  0x00001604      0x1b6 ./Core/Src/syscalls.o
 .debug_abbrev  0x000017ba       0xbc ./Core/Src/sysmem.o
 .debug_abbrev  0x00001876      0x11a ./Core/Src/system_stm32f4xx.o
 .debug_abbrev  0x00001990       0x24 ./Core/Startup/startup_stm32f429zitx.o
 .debug_abbrev  0x000019b4      0x214 ./Drivers/STM32F4xx_HAL_Driver/Src/stm32f4xx_hal.o
 .debug_abbrev  0x00001bc8      0x31d ./Drivers/STM32F4xx_HAL_Driver/Src/stm32f4xx_hal_cortex.o
 .debug_abbrev  0x00001ee5      0x1c6 ./Drivers/STM32F4xx_HAL_Driver/Src/stm32f4xx_hal_exti.o
 .debug_abbrev  0x000020ab      0x1d4 ./Drivers/STM32F4xx_HAL_Driver/Src/stm32f4xx_hal_gpio.o
 .debug_abbrev  0x0000227f      0x2ad ./Drivers/STM32F4xx_HAL_Driver/Src/stm32f4xx_hal_i2c.o
 .debug_abbrev  0x0000252c      0x233 ./Drivers/STM32F4xx_HAL_Driver/Src/stm32f4xx_hal_ltdc.o
 .debug_abbrev  0x0000275f      0x2b7 ./Drivers/STM32F4xx_HAL_Driver/Src/stm32f4xx_hal_rcc.o
 .debug_abbrev  0x00002a16      0x1b0 ./Drivers/STM32F4xx_HAL_Driver/Src/stm32f4xx_hal_rcc_ex.o
 .debug_abbrev  0x00002bc6      0x27a ./Drivers/STM32F4xx_HAL_Driver/Src/stm32f4xx_hal_spi.o
 .debug_abbrev  0x00002e40      0x278 ./Drivers/STM32F4xx_HAL_Driver/Src/stm32f4xx_hal_tim.o

.debug_aranges  0x00000000     0x1348
 .debug_aranges
                0x00000000       0x60 ./Core/Src/ApplicationCode.o
 .debug_aranges
                0x00000060       0x38 ./Core/Src/Button_Driver.o
 .debug_aranges
                0x00000098       0x40 ./Core/Src/InterruptControl.o
 .debug_aranges
                0x000000d8      0x120 ./Core/Src/LCD_Driver.o
 .debug_aranges
                0x000001f8       0x30 ./Core/Src/Scheduler.o
 .debug_aranges
                0x00000228       0x48 ./Core/Src/Timer_Driver.o
 .debug_aranges
                0x00000270       0x18 ./Core/Src/fonts.o
 .debug_aranges
                0x00000288       0x98 ./Core/Src/ili9341.o
 .debug_aranges
                0x00000320       0x38 ./Core/Src/main.o
 .debug_aranges
                0x00000358       0x70 ./Core/Src/stm32f4xx_hal_msp.o
 .debug_aranges
                0x000003c8       0x68 ./Core/Src/stm32f4xx_it.o
 .debug_aranges
                0x00000430       0x98 ./Core/Src/stmpe811.o
 .debug_aranges
                0x000004c8       0xa8 ./Core/Src/syscalls.o
 .debug_aranges
                0x00000570       0x20 ./Core/Src/sysmem.o
 .debug_aranges
                0x00000590       0x28 ./Core/Src/system_stm32f4xx.o
 .debug_aranges
                0x000005b8       0x28 ./Core/Startup/startup_stm32f429zitx.o
 .debug_aranges
                0x000005e0      0x100 ./Drivers/STM32F4xx_HAL_Driver/Src/stm32f4xx_hal.o
 .debug_aranges
                0x000006e0      0x130 ./Drivers/STM32F4xx_HAL_Driver/Src/stm32f4xx_hal_cortex.o
 .debug_aranges
                0x00000810       0x60 ./Drivers/STM32F4xx_HAL_Driver/Src/stm32f4xx_hal_exti.o
 .debug_aranges
                0x00000870       0x58 ./Drivers/STM32F4xx_HAL_Driver/Src/stm32f4xx_hal_gpio.o
 .debug_aranges
                0x000008c8      0x2a8 ./Drivers/STM32F4xx_HAL_Driver/Src/stm32f4xx_hal_i2c.o
 .debug_aranges
                0x00000b70      0x158 ./Drivers/STM32F4xx_HAL_Driver/Src/stm32f4xx_hal_ltdc.o
 .debug_aranges
                0x00000cc8       0x88 ./Drivers/STM32F4xx_HAL_Driver/Src/stm32f4xx_hal_rcc.o
 .debug_aranges
                0x00000d50       0x58 ./Drivers/STM32F4xx_HAL_Driver/Src/stm32f4xx_hal_rcc_ex.o
 .debug_aranges
                0x00000da8      0x1d0 ./Drivers/STM32F4xx_HAL_Driver/Src/stm32f4xx_hal_spi.o
 .debug_aranges
                0x00000f78      0x3d0 ./Drivers/STM32F4xx_HAL_Driver/Src/stm32f4xx_hal_tim.o

.debug_rnglists
                0x00000000      0xebb
 .debug_rnglists
                0x00000000       0x44 ./Core/Src/ApplicationCode.o
 .debug_rnglists
                0x00000044       0x25 ./Core/Src/Button_Driver.o
 .debug_rnglists
                0x00000069       0x2b ./Core/Src/InterruptControl.o
 .debug_rnglists
                0x00000094       0xdb ./Core/Src/LCD_Driver.o
 .debug_rnglists
                0x0000016f       0x1f ./Core/Src/Scheduler.o
 .debug_rnglists
                0x0000018e       0x31 ./Core/Src/Timer_Driver.o
 .debug_rnglists
                0x000001bf       0x6f ./Core/Src/ili9341.o
 .debug_rnglists
                0x0000022e       0x27 ./Core/Src/main.o
 .debug_rnglists
                0x00000255       0x53 ./Core/Src/stm32f4xx_hal_msp.o
 .debug_rnglists
                0x000002a8       0x49 ./Core/Src/stm32f4xx_it.o
 .debug_rnglists
                0x000002f1       0x73 ./Core/Src/stmpe811.o
 .debug_rnglists
                0x00000364       0x79 ./Core/Src/syscalls.o
 .debug_rnglists
                0x000003dd       0x13 ./Core/Src/sysmem.o
 .debug_rnglists
                0x000003f0       0x1a ./Core/Src/system_stm32f4xx.o
 .debug_rnglists
                0x0000040a       0x19 ./Core/Startup/startup_stm32f429zitx.o
 .debug_rnglists
                0x00000423       0xbb ./Drivers/STM32F4xx_HAL_Driver/Src/stm32f4xx_hal.o
 .debug_rnglists
                0x000004de       0xe0 ./Drivers/STM32F4xx_HAL_Driver/Src/stm32f4xx_hal_cortex.o
 .debug_rnglists
                0x000005be       0x46 ./Drivers/STM32F4xx_HAL_Driver/Src/stm32f4xx_hal_exti.o
 .debug_rnglists
                0x00000604       0x3f ./Drivers/STM32F4xx_HAL_Driver/Src/stm32f4xx_hal_gpio.o
 .debug_rnglists
                0x00000643      0x23c ./Drivers/STM32F4xx_HAL_Driver/Src/stm32f4xx_hal_i2c.o
 .debug_rnglists
                0x0000087f      0x10a ./Drivers/STM32F4xx_HAL_Driver/Src/stm32f4xx_hal_ltdc.o
 .debug_rnglists
                0x00000989       0x66 ./Drivers/STM32F4xx_HAL_Driver/Src/stm32f4xx_hal_rcc.o
 .debug_rnglists
                0x000009ef       0x43 ./Drivers/STM32F4xx_HAL_Driver/Src/stm32f4xx_hal_rcc_ex.o
 .debug_rnglists
                0x00000a32      0x16f ./Drivers/STM32F4xx_HAL_Driver/Src/stm32f4xx_hal_spi.o
 .debug_rnglists
                0x00000ba1      0x31a ./Drivers/STM32F4xx_HAL_Driver/Src/stm32f4xx_hal_tim.o

.debug_macro    0x00000000    0x2728e
 .debug_macro   0x00000000      0x351 ./Core/Src/ApplicationCode.o
 .debug_macro   0x00000351      0xab4 ./Core/Src/ApplicationCode.o
 .debug_macro   0x00000e05      0x2ad ./Core/Src/ApplicationCode.o
 .debug_macro   0x000010b2       0x2e ./Core/Src/ApplicationCode.o
 .debug_macro   0x000010e0       0x28 ./Core/Src/ApplicationCode.o
 .debug_macro   0x00001108       0x22 ./Core/Src/ApplicationCode.o
 .debug_macro   0x0000112a       0x8e ./Core/Src/ApplicationCode.o
 .debug_macro   0x000011b8       0x51 ./Core/Src/ApplicationCode.o
 .debug_macro   0x00001209      0x103 ./Core/Src/ApplicationCode.o
 .debug_macro   0x0000130c       0x6a ./Core/Src/ApplicationCode.o
 .debug_macro   0x00001376      0x1df ./Core/Src/ApplicationCode.o
 .debug_macro   0x00001555       0x1c ./Core/Src/ApplicationCode.o
 .debug_macro   0x00001571       0x22 ./Core/Src/ApplicationCode.o
 .debug_macro   0x00001593       0xfb ./Core/Src/ApplicationCode.o
 .debug_macro   0x0000168e     0x1011 ./Core/Src/ApplicationCode.o
 .debug_macro   0x0000269f      0x11f ./Core/Src/ApplicationCode.o
 .debug_macro   0x000027be    0x17fd8 ./Core/Src/ApplicationCode.o
 .debug_macro   0x0001a796       0x6d ./Core/Src/ApplicationCode.o
 .debug_macro   0x0001a803     0x3711 ./Core/Src/ApplicationCode.o
 .debug_macro   0x0001df14      0x189 ./Core/Src/ApplicationCode.o
 .debug_macro   0x0001e09d       0x5c ./Core/Src/ApplicationCode.o
 .debug_macro   0x0001e0f9      0xcba ./Core/Src/ApplicationCode.o
 .debug_macro   0x0001edb3      0x9e9 ./Core/Src/ApplicationCode.o
 .debug_macro   0x0001f79c      0x115 ./Core/Src/ApplicationCode.o
 .debug_macro   0x0001f8b1      0x156 ./Core/Src/ApplicationCode.o
 .debug_macro   0x0001fa07       0xa5 ./Core/Src/ApplicationCode.o
 .debug_macro   0x0001faac      0x182 ./Core/Src/ApplicationCode.o
 .debug_macro   0x0001fc2e      0x287 ./Core/Src/ApplicationCode.o
 .debug_macro   0x0001feb5       0x5f ./Core/Src/ApplicationCode.o
 .debug_macro   0x0001ff14      0x236 ./Core/Src/ApplicationCode.o
 .debug_macro   0x0002014a      0x132 ./Core/Src/ApplicationCode.o
 .debug_macro   0x0002027c      0x41d ./Core/Src/ApplicationCode.o
 .debug_macro   0x00020699       0x2e ./Core/Src/ApplicationCode.o
 .debug_macro   0x000206c7      0x1b5 ./Core/Src/ApplicationCode.o
 .debug_macro   0x0002087c       0x22 ./Core/Src/ApplicationCode.o
 .debug_macro   0x0002089e       0xd6 ./Core/Src/ApplicationCode.o
 .debug_macro   0x00020974      0x198 ./Core/Src/ApplicationCode.o
 .debug_macro   0x00020b0c       0xd6 ./Core/Src/ApplicationCode.o
 .debug_macro   0x00020be2      0x127 ./Core/Src/ApplicationCode.o
 .debug_macro   0x00020d09       0xe2 ./Core/Src/ApplicationCode.o
 .debug_macro   0x00020deb       0x89 ./Core/Src/ApplicationCode.o
 .debug_macro   0x00020e74       0xa4 ./Core/Src/ApplicationCode.o
 .debug_macro   0x00020f18      0x225 ./Core/Src/ApplicationCode.o
 .debug_macro   0x0002113d      0x8ed ./Core/Src/ApplicationCode.o
 .debug_macro   0x00021a2a       0x4d ./Core/Src/ApplicationCode.o
 .debug_macro   0x00021a77      0x134 ./Core/Src/ApplicationCode.o
 .debug_macro   0x00021bab      0x332 ./Core/Src/ApplicationCode.o
 .debug_macro   0x00021edd       0x22 ./Core/Src/ApplicationCode.o
 .debug_macro   0x00021eff      0x179 ./Core/Src/ApplicationCode.o
 .debug_macro   0x00022078       0x28 ./Core/Src/ApplicationCode.o
 .debug_macro   0x000220a0       0x10 ./Core/Src/ApplicationCode.o
 .debug_macro   0x000220b0       0x8e ./Core/Src/ApplicationCode.o
 .debug_macro   0x0002213e       0x28 ./Core/Src/ApplicationCode.o
 .debug_macro   0x00022166       0x16 ./Core/Src/ApplicationCode.o
 .debug_macro   0x0002217c       0x61 ./Core/Src/ApplicationCode.o
 .debug_macro   0x000221dd       0x2a ./Core/Src/ApplicationCode.o
 .debug_macro   0x00022207       0x43 ./Core/Src/ApplicationCode.o
 .debug_macro   0x0002224a       0x34 ./Core/Src/ApplicationCode.o
 .debug_macro   0x0002227e       0x16 ./Core/Src/ApplicationCode.o
 .debug_macro   0x00022294       0x35 ./Core/Src/ApplicationCode.o
 .debug_macro   0x000222c9      0x369 ./Core/Src/ApplicationCode.o
 .debug_macro   0x00022632       0x10 ./Core/Src/ApplicationCode.o
 .debug_macro   0x00022642       0x16 ./Core/Src/ApplicationCode.o
 .debug_macro   0x00022658       0x43 ./Core/Src/ApplicationCode.o
 .debug_macro   0x0002269b       0x34 ./Core/Src/ApplicationCode.o
 .debug_macro   0x000226cf       0x10 ./Core/Src/ApplicationCode.o
 .debug_macro   0x000226df       0x58 ./Core/Src/ApplicationCode.o
 .debug_macro   0x00022737       0x8e ./Core/Src/ApplicationCode.o
 .debug_macro   0x000227c5       0x1c ./Core/Src/ApplicationCode.o
 .debug_macro   0x000227e1      0x177 ./Core/Src/ApplicationCode.o
 .debug_macro   0x00022958       0x16 ./Core/Src/ApplicationCode.o
 .debug_macro   0x0002296e       0x16 ./Core/Src/ApplicationCode.o
 .debug_macro   0x00022984      0x146 ./Core/Src/ApplicationCode.o
 .debug_macro   0x00022aca      0x233 ./Core/Src/Button_Driver.o
 .debug_macro   0x00022cfd       0x22 ./Core/Src/Button_Driver.o
 .debug_macro   0x00022d1f      0x21b ./Core/Src/InterruptControl.o
 .debug_macro   0x00022f3a      0x257 ./Core/Src/LCD_Driver.o
 .debug_macro   0x00023191       0x72 ./Core/Src/Scheduler.o
 .debug_macro   0x00023203       0x22 ./Core/Src/Scheduler.o
 .debug_macro   0x00023225      0x233 ./Core/Src/Timer_Driver.o
 .debug_macro   0x00023458       0x10 ./Core/Src/Timer_Driver.o
 .debug_macro   0x00023468       0x6d ./Core/Src/fonts.o
 .debug_macro   0x000234d5      0x21a ./Core/Src/ili9341.o
 .debug_macro   0x000236ef      0x32c ./Core/Src/ili9341.o
 .debug_macro   0x00023a1b      0x35e ./Core/Src/main.o
 .debug_macro   0x00023d79      0x4c8 ./Core/Src/main.o
 .debug_macro   0x00024241      0x35a ./Core/Src/stm32f4xx_hal_msp.o
 .debug_macro   0x0002459b      0x364 ./Core/Src/stm32f4xx_it.o