Archive member included to satisfy reference by file (symbol)

/opt/st/stm32cubeide_1.16.0/plugins/com.st.stm32cube.ide.mcu.externaltools.gnu-tools-for-stm32.12.3.rel1.linux64_1.0.200.202406132123/tools/bin/../lib/gcc/arm-none-eabi/12.3.1/../../../../arm-none-eabi/lib/thumb/v7e-m+fp/hard/libc_nano.a(libc_a-exit.o)
                              /opt/st/stm32cubeide_1.16.0/plugins/com.st.stm32cube.ide.mcu.externaltools.gnu-tools-for-stm32.12.3.rel1.linux64_1.0.200.202406132123/tools/bin/../lib/gcc/arm-none-eabi/12.3.1/../../../../arm-none-eabi/lib/thumb/v7e-m+fp/hard/crt0.o (exit)
/opt/st/stm32cubeide_1.16.0/plugins/com.st.stm32cube.ide.mcu.externaltools.gnu-tools-for-stm32.12.3.rel1.linux64_1.0.200.202406132123/tools/bin/../lib/gcc/arm-none-eabi/12.3.1/../../../../arm-none-eabi/lib/thumb/v7e-m+fp/hard/libc_nano.a(libc_a-findfp.o)
                              /opt/st/stm32cubeide_1.16.0/plugins/com.st.stm32cube.ide.mcu.externaltools.gnu-tools-for-stm32.12.3.rel1.linux64_1.0.200.202406132123/tools/bin/../lib/gcc/arm-none-eabi/12.3.1/../../../../arm-none-eabi/lib/thumb/v7e-m+fp/hard/libc_nano.a(libc_a-exit.o) (__stdio_exit_handler)
/opt/st/stm32cubeide_1.16.0/plugins/com.st.stm32cube.ide.mcu.externaltools.gnu-tools-for-stm32.12.3.rel1.linux64_1.0.200.202406132123/tools/bin/../lib/gcc/arm-none-eabi/12.3.1/../../../../arm-none-eabi/lib/thumb/v7e-m+fp/hard/libc_nano.a(libc_a-fwalk.o)
                              /opt/st/stm32cubeide_1.16.0/plugins/com.st.stm32cube.ide.mcu.externaltools.gnu-tools-for-stm32.12.3.rel1.linux64_1.0.200.202406132123/tools/bin/../lib/gcc/arm-none-eabi/12.3.1/../../../../arm-none-eabi/lib/thumb/v7e-m+fp/hard/libc_nano.a(libc_a-findfp.o) (_fwalk_sglue)
/opt/st/stm32cubeide_1.16.0/plugins/com.st.stm32cube.ide.mcu.externaltools.gnu-tools-for-stm32.12.3.rel1.linux64_1.0.200.202406132123/tools/bin/../lib/gcc/arm-none-eabi/12.3.1/../../../../arm-none-eabi/lib/thumb/v7e-m+fp/hard/libc_nano.a(libc_a-printf.o)
                              ./Core/Src/ApplicationCode.o (printf)
/opt/st/stm32cubeide_1.16.0/plugins/com.st.stm32cube.ide.mcu.externaltools.gnu-tools-for-stm32.12.3.rel1.linux64_1.0.200.202406132123/tools/bin/../lib/gcc/arm-none-eabi/12.3.1/../../../../arm-none-eabi/lib/thumb/v7e-m+fp/hard/libc_nano.a(libc_a-puts.o)
                              ./Core/Src/ApplicationCode.o (puts)
/opt/st/stm32cubeide_1.16.0/plugins/com.st.stm32cube.ide.mcu.externaltools.gnu-tools-for-stm32.12.3.rel1.linux64_1.0.200.202406132123/tools/bin/../lib/gcc/arm-none-eabi/12.3.1/../../../../arm-none-eabi/lib/thumb/v7e-m+fp/hard/libc_nano.a(libc_a-stdio.o)
                              /opt/st/stm32cubeide_1.16.0/plugins/com.st.stm32cube.ide.mcu.externaltools.gnu-tools-for-stm32.12.3.rel1.linux64_1.0.200.202406132123/tools/bin/../lib/gcc/arm-none-eabi/12.3.1/../../../../arm-none-eabi/lib/thumb/v7e-m+fp/hard/libc_nano.a(libc_a-findfp.o) (__sread)
/opt/st/stm32cubeide_1.16.0/plugins/com.st.stm32cube.ide.mcu.externaltools.gnu-tools-for-stm32.12.3.rel1.linux64_1.0.200.202406132123/tools/bin/../lib/gcc/arm-none-eabi/12.3.1/../../../../arm-none-eabi/lib/thumb/v7e-m+fp/hard/libc_nano.a(libc_a-wbuf.o)
                              /opt/st/stm32cubeide_1.16.0/plugins/com.st.stm32cube.ide.mcu.externaltools.gnu-tools-for-stm32.12.3.rel1.linux64_1.0.200.202406132123/tools/bin/../lib/gcc/arm-none-eabi/12.3.1/../../../../arm-none-eabi/lib/thumb/v7e-m+fp/hard/libc_nano.a(libc_a-puts.o) (__swbuf_r)
/opt/st/stm32cubeide_1.16.0/plugins/com.st.stm32cube.ide.mcu.externaltools.gnu-tools-for-stm32.12.3.rel1.linux64_1.0.200.202406132123/tools/bin/../lib/gcc/arm-none-eabi/12.3.1/../../../../arm-none-eabi/lib/thumb/v7e-m+fp/hard/libc_nano.a(libc_a-wsetup.o)
                              /opt/st/stm32cubeide_1.16.0/plugins/com.st.stm32cube.ide.mcu.externaltools.gnu-tools-for-stm32.12.3.rel1.linux64_1.0.200.202406132123/tools/bin/../lib/gcc/arm-none-eabi/12.3.1/../../../../arm-none-eabi/lib/thumb/v7e-m+fp/hard/libc_nano.a(libc_a-puts.o) (__swsetup_r)
/opt/st/stm32cubeide_1.16.0/plugins/com.st.stm32cube.ide.mcu.externaltools.gnu-tools-for-stm32.12.3.rel1.linux64_1.0.200.202406132123/tools/bin/../lib/gcc/arm-none-eabi/12.3.1/../../../../arm-none-eabi/lib/thumb/v7e-m+fp/hard/libc_nano.a(libc_a-memset.o)
                              /opt/st/stm32cubeide_1.16.0/plugins/com.st.stm32cube.ide.mcu.externaltools.gnu-tools-for-stm32.12.3.rel1.linux64_1.0.200.202406132123/tools/bin/../lib/gcc/arm-none-eabi/12.3.1/../../../../arm-none-eabi/lib/thumb/v7e-m+fp/hard/crt0.o (memset)
/opt/st/stm32cubeide_1.16.0/plugins/com.st.stm32cube.ide.mcu.externaltools.gnu-tools-for-stm32.12.3.rel1.linux64_1.0.200.202406132123/tools/bin/../lib/gcc/arm-none-eabi/12.3.1/../../../../arm-none-eabi/lib/thumb/v7e-m+fp/hard/libc_nano.a(libc_a-closer.o)
[...]
Memory Configuration

Name             Origin             Length             Attributes
CCMRAM           0x10000000         0x00010000         xrw
RAM              0x20000000         0x00030000         xrw
FLASH            0x08000000         0x00200000         xr
*default*        0x00000000         0xffffffff

Linker script and memory map

LOAD /opt/st/stm32cubeide_1.16.0/plugins/com.st.stm32cube.ide.mcu.externaltools.gnu-tools-for-stm32.12.3.rel1.linux64_1.0.200.202406132123/tools/bin/../lib/gcc/arm-none-eabi/12.3.1/thumb/v7e-m+fp/hard/crti.o
LOAD /opt/st/stm32cubeide_1.16.0/plugins/com.st.stm32cube.ide.mcu.externaltools.gnu-tools-for-stm32.12.3.rel1.linux64_1.0.200.202406132123/tools/bin/../lib/gcc/arm-none-eabi/12.3.1/thumb/v7e-m+fp/hard/crtbegin.o
LOAD /opt/st/stm32cubeide_1.16.0/plugins/com.st.stm32cube.ide.mcu.externaltools.gnu-tools-for-stm32.12.3.rel1.linux64_1.0.200.202406132123/tools/bin/../lib/gcc/arm-none-eabi/12.3.1/../../../../arm-none-eabi/lib/thumb/v7e-m+fp/hard/crt0.o
LOAD ./Core/Src/ApplicationCode.o
LOAD ./Core/Src/Button_Driver.o
LOAD ./Core/Src/Gameplay.o
LOAD ./Core/Src/LCD_Driver.o
LOAD ./Core/Src/RNG_Driver.o
LOAD ./Core/Src/Scheduler.o
LOAD ./Core/Src/Testing.o
LOAD ./Core/Src/Timer_Driver.o
LOAD ./Core/Src/fonts.o
LOAD ./Core/Src/ili9341.o
LOAD ./Core/Src/main.o
LOAD ./Core/Src/stm32f4xx_hal_msp.o
LOAD ./Core/Src/stm32f4xx_it.o
LOAD ./Core/Src/stmpe811.o
LOAD ./Core/Src/syscalls.o
LOAD ./Core/Src/sysmem.o
LOAD ./Core/Src/system_stm32f4xx.o
LOAD ./Core/Startup/startup_stm32f429zitx.o
LOAD ./Drivers/STM32F4xx_HAL_Driver/Src/stm32f4xx_hal.o
LOAD ./Drivers/STM32F4xx_HAL_Driver/Src/stm32f4xx_hal_cortex.o
LOAD ./Drivers/STM32F4xx_HAL_Driver/Src/stm32f4xx_hal_dma.o
LOAD ./Drivers/STM32F4xx_HAL_Driver/Src/stm32f4xx_hal_dma_ex.o
LOAD ./Drivers/STM32F4xx_HAL_Driver/Src/stm32f4xx_hal_dsi.o
LOAD ./Drivers/STM32F4xx_HAL_Driver/Src/stm32f4xx_hal_exti.o
LOAD ./Drivers/STM32F4xx_HAL_Driver/Src/stm32f4xx_hal_flash.o
LOAD ./Drivers/STM32F4xx_HAL_Driver/Src/stm32f4xx_hal_flash_ex.o
LOAD ./Drivers/STM32F4xx_HAL_Driver/Src/stm32f4xx_hal_flash_ramfunc.o
LOAD ./Drivers/STM32F4xx_HAL_Driver/Src/stm32f4xx_hal_gpio.o
LOAD ./Drivers/STM32F4xx_HAL_Driver/Src/stm32f4xx_hal_i2c.o
LOAD ./Drivers/STM32F4xx_HAL_Driver/Src/stm32f4xx_hal_i2c_ex.o
LOAD ./Drivers/STM32F4xx_HAL_Driver/Src/stm32f4xx_hal_ltdc.o
LOAD ./Drivers/STM32F4xx_HAL_Driver/Src/stm32f4xx_hal_ltdc_ex.o
LOAD ./Drivers/STM32F4xx_HAL_Driver/Src/stm32f4xx_hal_pwr.o
LOAD ./Drivers/STM32F4xx_HAL_Driver/Src/stm32f4xx_hal_pwr_ex.o
LOAD ./Drivers/STM32F4xx_HAL_Driver/Src/stm32f4xx_hal_rcc.o
LOAD ./Drivers/STM32F4xx_HAL_Driver/Src/stm32f4xx_hal_rcc_ex.o
LOAD ./Drivers/STM32F4xx_HAL_Driver/Src/stm32f4xx_hal_rng.o
LOAD ./Drivers/STM32F4xx_HAL_Driver/Src/stm32f4xx_hal_spi.o
LOAD ./Drivers/STM32F4xx_HAL_Driver/Src/stm32f4xx_hal_tim.o
LOAD ./Drivers/STM32F4xx_HAL_Driver/Src/stm32f4xx_hal_tim_ex.o
START GROUP
LOAD /opt/st/stm32cubeide_1.16.0/plugins/com.st.stm32cube.ide.mcu.externaltools.gnu-tools-for-stm32.12.3.rel1.linux64_1.0.200.202406132123/tools/bin/../lib/gcc/arm-none-eabi/12.3.1/../../../../arm-none-eabi/lib/thumb/v7e-m+fp/hard/libc_nano.a
LOAD /opt/st/stm32cubeide_1.16.0/plugins/com.st.stm32cube.ide.mcu.externaltools.gnu-tools-for-stm32.12.3.rel1.linux64_1.0.200.202406132123/tools/bin/../lib/gcc/arm-none-eabi/12.3.1/../../../../arm-none-eabi/lib/thumb/v7e-m+fp/hard/libm.a
END GROUP
START GROUP
LOAD /opt/st/stm32cubeide_1.16.0/plugins/com.st.stm32cube.ide.mcu.externaltools.gnu-tools-for-stm32.12.3.rel1.linux64_1.0.200.202406132123/tools/bin/../lib/gcc/arm-none-eabi/12.3.1/thumb/v7e-m+fp/hard/libgcc.a
LOAD /opt/st/stm32cubeide_1.16.0/plugins/com.st.stm32cube.ide.mcu.externaltools.gnu-tools-for-stm32.12.3.rel1.linux64_1.0.200.202406132123/tools/bin/../lib/gcc/arm-none-eabi/12.3.1/../../../../arm-none-eabi/lib/thumb/v7e-m+fp/hard/libc_nano.a
END GROUP
START GROUP
LOAD /opt/st/stm32cubeide_1.16.0/plugins/com.st.stm32cube.ide.mcu.externaltools.gnu-tools-for-stm32.12.3.rel1.linux64_1.0.200.202406132123/tools/bin/../lib/gcc/arm-none-eabi/12.3.1/thumb/v7e-m+fp/hard/libgcc.a
LOAD /opt/st/stm32cubeide_1.16.0/plugins/com.st.stm32cube.ide.mcu.externaltools.gnu-tools-for-stm32.12.3.rel1.linux64_1.0.200.202406132123/tools/bin/../lib/gcc/arm-none-eabi/12.3.1/../../../../arm-none-eabi/lib/thumb/v7e-m+fp/hard/libc_nano.a
LOAD /opt/st/stm32cubeide_1.16.0/plugins/com.st.stm32cube.ide.mcu.externaltools.gnu-tools-for-stm32.12.3.rel1.linux64_1.0.200.202406132123/tools/bin/../lib/gcc/arm-none-eabi/12.3.1/../../../../arm-none-eabi/lib/thumb/v7e-m+fp/hard/libnosys.a
END GROUP
START GROUP
LOAD /opt/st/stm32cubeide_1.16.0/plugins/com.st.stm32cube.ide.mcu.externaltools.gnu-tools-for-stm32.12.3.rel1.linux64_1.0.200.202406132123/tools/bin/../lib/gcc/arm-none-eabi/12.3.1/thumb/v7e-m+fp/hard/libgcc.a
LOAD /opt/st/stm32cubeide_1.16.0/plugins/com.st.stm32cube.ide.mcu.externaltools.gnu-tools-for-stm32.12.3.rel1.linux64_1.0.200.202406132123/tools/bin/../lib/gcc/arm-none-eabi/12.3.1/../../../../arm-none-eabi/lib/thumb/v7e-m+fp/hard/libc_nano.a
LOAD /opt/st/stm32cubeide_1.16.0/plugins/com.st.stm32cube.ide.mcu.externaltools.gnu-tools-for-stm32.12.3.rel1.linux64_1.0.200.202406132123/tools/bin/../lib/gcc/arm-none-eabi/12.3.1/../../../../arm-none-eabi/lib/thumb/v7e-m+fp/hard/libnosys.a
END GROUP
LOAD /opt/st/stm32cubeide_1.16.0/plugins/com.st.stm32cube.ide.mcu.externaltools.gnu-tools-for-stm32.12.3.rel1.linux64_1.0.200.202406132123/tools/bin/../lib/gcc/arm-none-eabi/12.3.1/thumb/v7e-m+fp/hard/crtend.o
LOAD /opt/st/stm32cubeide_1.16.0/plugins/com.st.stm32cube.ide.mcu.externaltools.gnu-tools-for-stm32.12.3.rel1.linux64_1.0.200.202406132123/tools/bin/../lib/gcc/arm-none-eabi/12.3.1/thumb/v7e-m+fp/hard/crtn.o
                0x20030000                        _estack = (ORIGIN (RAM) + LENGTH (RAM))
                0x00000200                        _Min_Heap_Size = 0x200
                0x00000400                        _Min_Stack_Size = 0x400

.isr_vector     0x08000000      0x1ac
                0x08000000                        . = ALIGN (0x4)
 *(.isr_vector)
 .isr_vector    0x08000000      0x1ac ./Core/Startup/startup_stm32f429zitx.o
                0x08000000                g_pfnVectors
                0x080001ac                        . = ALIGN (0x4)

.text           0x080001b0     0x7220
                0x080001b0                        . = ALIGN (0x4)
 *(.text)
 .text          0x080001b0       0x40 /opt/st/stm32cubeide_1.16.0/plugins/com.st.stm32cube.ide.mcu.externaltools.gnu-tools-for-stm32.12.3.rel1.linux64_1.0.200.202406132123/tools/bin/../lib/gcc/arm-none-eabi/12.3.1/thumb/v7e-m+fp/hard/crtbegin.o
 .text          0x080001f0       0xa0 /opt/st/stm32cubeide_1.16.0/plugins/com.st.stm32cube.ide.mcu.externaltools.gnu-tools-for-stm32.12.3.rel1.linux64_1.0.200.202406132123/tools/bin/../lib/gcc/arm-none-eabi/12.3.1/../../../../arm-none-eabi/lib/thumb/v7e-m+fp/hard/libc_nano.a(libc_a-memchr.o)
                0x080001f0                memchr
 .text          0x08000290       0x30 /opt/st/stm32cubeide_1.16.0/plugins/com.st.stm32cube.ide.mcu.externaltools.gnu-tools-for-stm32.12.3.rel1.linux64_1.0.200.202406132123/tools/bin/../lib/gcc/arm-none-eabi/12.3.1/thumb/v7e-m+fp/hard/libgcc.a(_aeabi_uldivmod.o)
                0x08000290                __aeabi_uldivmod
 .text          0x080002c0      0x2bc /opt/st/stm32cubeide_1.16.0/plugins/com.st.stm32cube.ide.mcu.externaltools.gnu-tools-for-stm32.12.3.rel1.linux64_1.0.200.202406132123/tools/bin/../lib/gcc/arm-none-eabi/12.3.1/thumb/v7e-m+fp/hard/libgcc.a(_udivmoddi4.o)
                0x080002c0                __udivmoddi4
 .text          0x0800057c        0x4 /opt/st/stm32cubeide_1.16.0/plugins/com.st.stm32cube.ide.mcu.externaltools.gnu-tools-for-stm32.12.3.rel1.linux64_1.0.200.202406132123/tools/bin/../lib/gcc/arm-none-eabi/12.3.1/thumb/v7e-m+fp/hard/libgcc.a(_dvmd_tls.o)
                0x0800057c                __aeabi_ldiv0
                0x0800057c                __aeabi_idiv0
 *(.text*)
 .text.ApplicationInit
                0x08000580       0x3c ./Core/Src/ApplicationCode.o
                0x08000580                ApplicationInit
 .text.LCDTouchScreenInterruptGPIOInit
                0x080005bc       0x74 ./Core/Src/ApplicationCode.o
                0x080005bc                LCDTouchScreenInterruptGPIOInit
 .text.EXTI15_10_IRQHandler
                0x08000630      0x164 ./Core/Src/ApplicationCode.o
                0x08000630                EXTI15_10_IRQHandler
 .text.buttonInitInterrupt
                0x08000794        0xc ./Core/Src/ApplicationCode.o
                0x08000794                buttonInitInterrupt
 .text.timerInit
                0x080007a0        0xc ./Core/Src/ApplicationCode.o
                0x080007a0                timerInit
 .text.Button_InterruptInit
                0x080007ac       0x50 ./Core/Src/Button_Driver.o
                0x080007ac                Button_InterruptInit
 .text.Button_ClockEnable
                0x080007fc       0x34 ./Core/Src/Button_Driver.o
                0x080007fc                Button_ClockEnable
 .text.screen1  0x08000830       0xd2 ./Core/Src/Gameplay.o
                0x08000830                screen1
 .text.screen2  0x08000902       0x2a ./Core/Src/Gameplay.o
                0x08000902                screen2
 .text.resetScreen
                0x0800092c       0x1c ./Core/Src/Gameplay.o
                0x0800092c                resetScreen
 .text.generateBlock
                0x08000948       0x40 ./Core/Src/Gameplay.o
                0x08000948                generateBlock
 .text.drawBlock
                0x08000988       0xec ./Core/Src/Gameplay.o
                0x08000988                drawBlock
 .text.LCD_GPIO_Init
                0x08000a74      0x190 ./Core/Src/LCD_Driver.o
                0x08000a74                LCD_GPIO_Init
 .text.LTCD_Layer_Init
                0x08000c04       0x80 ./Core/Src/LCD_Driver.o
                0x08000c04                LTCD_Layer_Init
 .text.clearScreen
                0x08000c84       0x12 ./Core/Src/LCD_Driver.o
                0x08000c84                clearScreen
 *fill*         0x08000c96        0x2 
 .text.LTCD__Init
                0x08000c98       0xbc ./Core/Src/LCD_Driver.o
                0x08000c98                LTCD__Init
 .text.LCD_Draw_Pixel
                0x08000d54       0x4c ./Core/Src/LCD_Driver.o
                0x08000d54                LCD_Draw_Pixel
 .text.LCD_Draw_Vertical_Line
                0x08000da0       0x4e ./Core/Src/LCD_Driver.o
                0x08000da0                LCD_Draw_Vertical_Line
 .text.LCD_Draw_Horizontal_Line
                0x08000dee       0x4e ./Core/Src/LCD_Driver.o
                0x08000dee                LCD_Draw_Horizontal_Line
 .text.LCD_Clear
                0x08000e3c       0x6c ./Core/Src/LCD_Driver.o
                0x08000e3c                LCD_Clear
 .text.LCD_Draw_Rectangle_Empty
                0x08000ea8       0x62 ./Core/Src/LCD_Driver.o
                0x08000ea8                LCD_Draw_Rectangle_Empty
 .text.LCD_Draw_Rectangle_Fill
                0x08000f0a       0x50 ./Core/Src/LCD_Driver.o
                0x08000f0a                LCD_Draw_Rectangle_Fill
 .text.LCD_Draw_OBlock
                0x08000f5a       0x2a ./Core/Src/LCD_Driver.o
                0x08000f5a                LCD_Draw_OBlock
 .text.LCD_Draw_IBlock
                0x08000f84       0x52 ./Core/Src/LCD_Driver.o
                0x08000f84                LCD_Draw_IBlock
 .text.LCD_Draw_SBlock
                0x08000fd6       0x86 ./Core/Src/LCD_Driver.o
                0x08000fd6                LCD_Draw_SBlock
 .text.LCD_Draw_ZBlock
                0x0800105c       0x86 ./Core/Src/LCD_Driver.o
                0x0800105c                LCD_Draw_ZBlock
 *fill*         0x080010e2        0x2 
 .text.LCD_Draw_LBlock
                0x080010e4       0xf4 ./Core/Src/LCD_Driver.o
                0x080010e4                LCD_Draw_LBlock
 .text.LCD_Draw_JBlock
                0x080011d8       0xf0 ./Core/Src/LCD_Driver.o
                0x080011d8                LCD_Draw_JBlock
 .text.LCD_Draw_TBlock
                0x080012c8       0xf8 ./Core/Src/LCD_Driver.o
                0x080012c8                LCD_Draw_TBlock
 .text.LCD_SetTextColor
                0x080013c0       0x20 ./Core/Src/LCD_Driver.o
                0x080013c0                LCD_SetTextColor
 .text.LCD_SetFont
                0x080013e0       0x20 ./Core/Src/LCD_Driver.o
                0x080013e0                LCD_SetFont
 .text.LCD_Draw_Char
                0x08001400       0xdc ./Core/Src/LCD_Driver.o
                0x08001400                LCD_Draw_Char
 .text.LCD_DisplayChar
                0x080014dc       0x44 ./Core/Src/LCD_Driver.o
                0x080014dc                LCD_DisplayChar
 .text.LCD_Error_Handler
                0x08001520        0xc ./Core/Src/LCD_Driver.o
                0x08001520                LCD_Error_Handler
 .text.InitializeLCDTouch
                0x0800152c       0x16 ./Core/Src/LCD_Driver.o
                0x0800152c                InitializeLCDTouch
 .text.DetermineTouchPosition
                0x08001542       0x16 ./Core/Src/LCD_Driver.o
                0x08001542                DetermineTouchPosition
 .text.ReadRegisterFromTouchModule
                0x08001558       0x1c ./Core/Src/LCD_Driver.o
                0x08001558                ReadRegisterFromTouchModule
 .text.WriteDataToTouchModule
                0x08001574       0x24 ./Core/Src/LCD_Driver.o
                0x08001574                WriteDataToTouchModule
 .text.RNG_ClockControl
                0x08001598       0x4c ./Core/Src/RNG_Driver.o
                0x08001598                RNG_ClockControl
 .text.RNG_Init
                0x080015e4       0x2c ./Core/Src/RNG_Driver.o
                0x080015e4                RNG_Init
 .text.RNG_Generate
                0x08001610       0x28 ./Core/Src/RNG_Driver.o
                0x08001610                RNG_Generate
 .text.RNG_DeInit
                0x08001638       0x20 ./Core/Src/RNG_Driver.o
                0x08001638                RNG_DeInit
 .text.RNG_Error_Handler
                0x08001658       0x20 ./Core/Src/RNG_Driver.o
                0x08001658                RNG_Error_Handler
 .text.Timer_Init
                0x08001678       0x50 ./Core/Src/Timer_Driver.o
                0x08001678                Timer_Init
 .text.Timer_ClockControl
                0x080016c8       0x4c ./Core/Src/Timer_Driver.o
                0x080016c8                Timer_ClockControl
 .text.Timer_StartInterrupt
                0x08001714       0x1c ./Core/Src/Timer_Driver.o
                0x08001714                Timer_StartInterrupt
 .text.Timer_Reset
                0x08001730       0x1c ./Core/Src/Timer_Driver.o
                0x08001730                Timer_Reset
 .text.Timer_Error_Handler
                0x0800174c       0x20 ./Core/Src/Timer_Driver.o
                0x0800174c                Timer_Error_Handler
 .text.ili9341_Init
                0x0800176c      0x294 ./Core/Src/ili9341.o
                0x0800176c                ili9341_Init
 .text.ili9341_Write_Reg
                0x08001a00       0x1a ./Core/Src/ili9341.o
                0x08001a00                ili9341_Write_Reg
 .text.ili9341_Send_Data
                0x08001a1a       0x1a ./Core/Src/ili9341.o
                0x08001a1a                ili9341_Send_Data
 .text.SPI_Init
                0x08001a34       0x74 ./Core/Src/ili9341.o
 .text.SPI_Write
                0x08001aa8       0x3c ./Core/Src/ili9341.o
 .text.SPI_Error
                0x08001ae4       0x18 ./Core/Src/ili9341.o
 .text.SPI_MspInit
                0x08001afc       0x74 ./Core/Src/ili9341.o
 .text.LCD_IO_Init
                0x08001b70       0xf0 ./Core/Src/ili9341.o
                0x08001b70                LCD_IO_Init
 .text.LCD_IO_WriteData
                0x08001c60       0x44 ./Core/Src/ili9341.o
                0x08001c60                LCD_IO_WriteData
 .text.LCD_IO_WriteReg
                0x08001ca4       0x44 ./Core/Src/ili9341.o
                0x08001ca4                LCD_IO_WriteReg
 .text.LCD_Delay
                0x08001ce8       0x16 ./Core/Src/ili9341.o
                0x08001ce8                LCD_Delay
 .text.main     0x08001cfe       0x20 ./Core/Src/main.o
                0x08001cfe                main
 *fill*         0x08001d1e        0x2 
 .text.SystemClockOverride
                0x08001d20       0x80 ./Core/Src/main.o
                0x08001d20                SystemClockOverride
 .text.Error_Handler
                0x08001da0        0xc ./Core/Src/main.o
                0x08001da0                Error_Handler
 .text.HAL_MspInit
                0x08001dac       0x50 ./Core/Src/stm32f4xx_hal_msp.o
                0x08001dac                HAL_MspInit
 .text.HAL_I2C_MspInit
                0x08001dfc       0xd4 ./Core/Src/stm32f4xx_hal_msp.o
                0x08001dfc                HAL_I2C_MspInit
 .text.HAL_LTDC_MspInit
                0x08001ed0      0x250 ./Core/Src/stm32f4xx_hal_msp.o
                0x08001ed0                HAL_LTDC_MspInit
 .text.HAL_RNG_MspInit
                0x08002120       0x44 ./Core/Src/stm32f4xx_hal_msp.o
                0x08002120                HAL_RNG_MspInit
 .text.HAL_RNG_MspDeInit
                0x08002164       0x34 ./Core/Src/stm32f4xx_hal_msp.o
                0x08002164                HAL_RNG_MspDeInit
 .text.HAL_SPI_MspInit
                0x08002198       0x90 ./Core/Src/stm32f4xx_hal_msp.o
                0x08002198                HAL_SPI_MspInit
 .text.HAL_SPI_MspDeInit
                0x08002228       0x3c ./Core/Src/stm32f4xx_hal_msp.o
                0x08002228                HAL_SPI_MspDeInit
 .text.HAL_TIM_Base_MspInit
                0x08002264       0x50 ./Core/Src/stm32f4xx_hal_msp.o
                0x08002264                HAL_TIM_Base_MspInit
 .text.NMI_Handler
                0x080022b4        0x8 ./Core/Src/stm32f4xx_it.o
                0x080022b4                NMI_Handler
 .text.HardFault_Handler
                0x080022bc        0x8 ./Core/Src/stm32f4xx_it.o
                0x080022bc                HardFault_Handler
 .text.MemManage_Handler
                0x080022c4        0x8 ./Core/Src/stm32f4xx_it.o
                0x080022c4                MemManage_Handler
 .text.BusFault_Handler
                0x080022cc        0x8 ./Core/Src/stm32f4xx_it.o
                0x080022cc                BusFault_Handler
 .text.UsageFault_Handler
                0x080022d4        0x8 ./Core/Src/stm32f4xx_it.o
                0x080022d4                UsageFault_Handler
 .text.SVC_Handler
                0x080022dc        0xe ./Core/Src/stm32f4xx_it.o
                0x080022dc                SVC_Handler
 .text.DebugMon_Handler
                0x080022ea        0xe ./Core/Src/stm32f4xx_it.o
                0x080022ea                DebugMon_Handler
 .text.PendSV_Handler
                0x080022f8        0xe ./Core/Src/stm32f4xx_it.o
                0x080022f8                PendSV_Handler
 .text.SysTick_Handler
                0x08002306        0xc ./Core/Src/stm32f4xx_it.o
                0x08002306                SysTick_Handler
 .text.EXTI0_IRQHandler
                0x08002312       0x18 ./Core/Src/stm32f4xx_it.o
                0x08002312                EXTI0_IRQHandler
 *fill*         0x0800232a        0x2 
 .text.TIM7_IRQHandler
                0x0800232c       0x1c ./Core/Src/stm32f4xx_it.o
                0x0800232c                TIM7_IRQHandler
 .text.__NVIC_EnableIRQ
                0x08002348       0x3c ./Core/Src/stmpe811.o
 .text.STMPE811_Init
                0x08002384      0x18e ./Core/Src/stmpe811.o
                0x08002384                STMPE811_Init
 .text.STMPE811_Read
                0x08002512       0x22 ./Core/Src/stmpe811.o
                0x08002512                STMPE811_Read
 .text.STMPE811_Write
                0x08002534       0x24 ./Core/Src/stmpe811.o
                0x08002534                STMPE811_Write
 .text.STMPE811_DetermineTouchPosition
                0x08002558       0xee ./Core/Src/stmpe811.o
                0x08002558                STMPE811_DetermineTouchPosition
 *fill*         0x08002646        0x2 
 .text.enableInterruptSupportForTouch
                0x08002648       0x64 ./Core/Src/stmpe811.o
                0x08002648                enableInterruptSupportForTouch
 .text.verifyHAL_I2C_IS_OKAY
                0x080026ac       0x20 ./Core/Src/stmpe811.o
                0x080026ac                verifyHAL_I2C_IS_OKAY
 .text.I2C3_Init
                0x080026cc       0x7c ./Core/Src/stmpe811.o
 .text.I2C3_MspInit
                0x08002748       0xa8 ./Core/Src/stmpe811.o
 .text.I2C3_Write
                0x080027f0       0x54 ./Core/Src/stmpe811.o
                0x080027f0                I2C3_Write
 .text.I2C3_Read
                0x08002844       0x4c ./Core/Src/stmpe811.o
                0x08002844                I2C3_Read
 .text.I2C3_MulitByteRead
                0x08002890       0x44 ./Core/Src/stmpe811.o
                0x08002890                I2C3_MulitByteRead
 .text.TM_STMPE811_ReadX
                0x080028d4       0xbc ./Core/Src/stmpe811.o
                0x080028d4                TM_STMPE811_ReadX
 .text.TM_STMPE811_ReadY
                0x08002990       0xa4 ./Core/Src/stmpe811.o
                0x08002990                TM_STMPE811_ReadY
 .text.initialise_monitor_handles
                0x08002a34        0xe ./Core/Src/syscalls.o
                0x08002a34                initialise_monitor_handles
 .text._read    0x08002a42       0x3a ./Core/Src/syscalls.o
                0x08002a42                _read
 .text._write   0x08002a7c       0x38 ./Core/Src/syscalls.o
                0x08002a7c                _write
 .text._close   0x08002ab4       0x18 ./Core/Src/syscalls.o
                0x08002ab4                _close
 .text._fstat   0x08002acc       0x20 ./Core/Src/syscalls.o
                0x08002acc                _fstat
 .text._isatty  0x08002aec       0x16 ./Core/Src/syscalls.o
                0x08002aec                _isatty
 .text._lseek   0x08002b02       0x1a ./Core/Src/syscalls.o
                0x08002b02                _lseek
 .text._sbrk    0x08002b1c       0x6c ./Core/Src/sysmem.o
                0x08002b1c                _sbrk
 .text.SystemInit
                0x08002b88       0x24 ./Core/Src/system_stm32f4xx.o
                0x08002b88                SystemInit
 .text.Reset_Handler
                0x08002bac       0x50 ./Core/Startup/startup_stm32f429zitx.o
                0x08002bac                Reset_Handler
 .text.Default_Handler
                0x08002bfc        0x2 ./Core/Startup/startup_stm32f429zitx.o
                0x08002bfc                RTC_Alarm_IRQHandler
                0x08002bfc                HASH_RNG_IRQHandler
                0x08002bfc                EXTI2_IRQHandler
                0x08002bfc                TIM8_CC_IRQHandler
                0x08002bfc                UART8_IRQHandler
                0x08002bfc                SPI4_IRQHandler
                0x08002bfc                TIM1_CC_IRQHandler
                0x08002bfc                DMA2_Stream5_IRQHandler
                0x08002bfc                DMA1_Stream5_IRQHandler
                0x08002bfc                PVD_IRQHandler
                0x08002bfc                SDIO_IRQHandler
                0x08002bfc                TAMP_STAMP_IRQHandler
                0x08002bfc                CAN2_RX1_IRQHandler
                0x08002bfc                EXTI3_IRQHandler
                0x08002bfc                TIM8_TRG_COM_TIM14_IRQHandler
                0x08002bfc                TIM1_UP_TIM10_IRQHandler
                0x08002bfc                TIM8_UP_TIM13_IRQHandler
                0x08002bfc                I2C3_ER_IRQHandler
                0x08002bfc                I2C2_EV_IRQHandler
                0x08002bfc                DMA1_Stream2_IRQHandler
                0x08002bfc                CAN1_RX0_IRQHandler
                0x08002bfc                FPU_IRQHandler
                0x08002bfc                OTG_HS_WKUP_IRQHandler
                0x08002bfc                LTDC_ER_IRQHandler
                0x08002bfc                CAN2_SCE_IRQHandler
                0x08002bfc                DMA2_Stream2_IRQHandler
                0x08002bfc                SPI1_IRQHandler
                0x08002bfc                TIM6_DAC_IRQHandler
                0x08002bfc                TIM1_BRK_TIM9_IRQHandler
                0x08002bfc                DCMI_IRQHandler
                0x08002bfc                CAN2_RX0_IRQHandler
                0x08002bfc                DMA2_Stream3_IRQHandler
                0x08002bfc                USART6_IRQHandler
                0x08002bfc                USART3_IRQHandler
                0x08002bfc                CAN1_RX1_IRQHandler
                0x08002bfc                UART5_IRQHandler
                0x08002bfc                DMA2_Stream0_IRQHandler
                0x08002bfc                TIM4_IRQHandler
                0x08002bfc                I2C1_EV_IRQHandler
                0x08002bfc                DMA1_Stream6_IRQHandler
                0x08002bfc                DMA1_Stream1_IRQHandler
                0x08002bfc                UART4_IRQHandler
                0x08002bfc                TIM3_IRQHandler
                0x08002bfc                RCC_IRQHandler
                0x08002bfc                TIM8_BRK_TIM12_IRQHandler
                0x08002bfc                Default_Handler
                0x08002bfc                ADC_IRQHandler
                0x08002bfc                DMA1_Stream7_IRQHandler
                0x08002bfc                SPI5_IRQHandler
                0x08002bfc                CAN2_TX_IRQHandler
                0x08002bfc                TIM5_IRQHandler
                0x08002bfc                DMA2_Stream7_IRQHandler
                0x08002bfc                I2C3_EV_IRQHandler
                0x08002bfc                EXTI9_5_IRQHandler
                0x08002bfc                RTC_WKUP_IRQHandler
                0x08002bfc                LTDC_IRQHandler
                0x08002bfc                ETH_WKUP_IRQHandler
                0x08002bfc                SPI2_IRQHandler
                0x08002bfc                OTG_HS_EP1_IN_IRQHandler
                0x08002bfc                DMA1_Stream0_IRQHandler
                0x08002bfc                CAN1_TX_IRQHandler
                0x08002bfc                EXTI4_IRQHandler
                0x08002bfc                ETH_IRQHandler
                0x08002bfc                OTG_HS_EP1_OUT_IRQHandler
                0x08002bfc                WWDG_IRQHandler
                0x08002bfc                SPI6_IRQHandler
                0x08002bfc                TIM2_IRQHandler
                0x08002bfc                OTG_FS_WKUP_IRQHandler
                0x08002bfc                TIM1_TRG_COM_TIM11_IRQHandler
                0x08002bfc                OTG_HS_IRQHandler
                0x08002bfc                DMA2D_IRQHandler
                0x08002bfc                EXTI1_IRQHandler
                0x08002bfc                UART7_IRQHandler
                0x08002bfc                USART2_IRQHandler
                0x08002bfc                I2C2_ER_IRQHandler
                0x08002bfc                DMA2_Stream1_IRQHandler
                0x08002bfc                CAN1_SCE_IRQHandler
                0x08002bfc                FLASH_IRQHandler
                0x08002bfc                DMA2_Stream4_IRQHandler
                0x08002bfc                USART1_IRQHandler
                0x08002bfc                OTG_FS_IRQHandler
                0x08002bfc                SPI3_IRQHandler
                0x08002bfc                DMA1_Stream4_IRQHandler
                0x08002bfc                I2C1_ER_IRQHandler
                0x08002bfc                FMC_IRQHandler
                0x08002bfc                DMA2_Stream6_IRQHandler
                0x08002bfc                SAI1_IRQHandler
                0x08002bfc                DMA1_Stream3_IRQHandler
 *fill*         0x08002bfe        0x2 
 .text.HAL_Init
                0x08002c00       0x44 ./Drivers/STM32F4xx_HAL_Driver/Src/stm32f4xx_hal.o
                0x08002c00                HAL_Init
 .text.HAL_InitTick
                0x08002c44       0x60 ./Drivers/STM32F4xx_HAL_Driver/Src/stm32f4xx_hal.o
                0x08002c44                HAL_InitTick
 .text.HAL_IncTick
                0x08002ca4       0x28 ./Drivers/STM32F4xx_HAL_Driver/Src/stm32f4xx_hal.o
                0x08002ca4                HAL_IncTick
 .text.HAL_GetTick
                0x08002ccc       0x18 ./Drivers/STM32F4xx_HAL_Driver/Src/stm32f4xx_hal.o
                0x08002ccc                HAL_GetTick
 .text.HAL_Delay
                0x08002ce4       0x48 ./Drivers/STM32F4xx_HAL_Driver/Src/stm32f4xx_hal.o
                0x08002ce4                HAL_Delay
 .text.__NVIC_SetPriorityGrouping
                0x08002d2c       0x48 ./Drivers/STM32F4xx_HAL_Driver/Src/stm32f4xx_hal_cortex.o
 .text.__NVIC_GetPriorityGrouping
                0x08002d74       0x1c ./Drivers/STM32F4xx_HAL_Driver/Src/stm32f4xx_hal_cortex.o
 .text.__NVIC_EnableIRQ
                0x08002d90       0x3c ./Drivers/STM32F4xx_HAL_Driver/Src/stm32f4xx_hal_cortex.o
 .text.__NVIC_DisableIRQ
                0x08002dcc       0x48 ./Drivers/STM32F4xx_HAL_Driver/Src/stm32f4xx_hal_cortex.o
 .text.__NVIC_ClearPendingIRQ
                0x08002e14       0x3c ./Drivers/STM32F4xx_HAL_Driver/Src/stm32f4xx_hal_cortex.o
 .text.__NVIC_SetPriority
                0x08002e50       0x54 ./Drivers/STM32F4xx_HAL_Driver/Src/stm32f4xx_hal_cortex.o
 .text.NVIC_EncodePriority
                0x08002ea4       0x66 ./Drivers/STM32F4xx_HAL_Driver/Src/stm32f4xx_hal_cortex.o
 *fill*         0x08002f0a        0x2 
 .text.SysTick_Config
                0x08002f0c       0x44 ./Drivers/STM32F4xx_HAL_Driver/Src/stm32f4xx_hal_cortex.o
 .text.HAL_NVIC_SetPriorityGrouping
                0x08002f50       0x16 ./Drivers/STM32F4xx_HAL_Driver/Src/stm32f4xx_hal_cortex.o
                0x08002f50                HAL_NVIC_SetPriorityGrouping
 .text.HAL_NVIC_SetPriority
                0x08002f66       0x38 ./Drivers/STM32F4xx_HAL_Driver/Src/stm32f4xx_hal_cortex.o
                0x08002f66                HAL_NVIC_SetPriority
 .text.HAL_NVIC_EnableIRQ
                0x08002f9e       0x1c ./Drivers/STM32F4xx_HAL_Driver/Src/stm32f4xx_hal_cortex.o
                0x08002f9e                HAL_NVIC_EnableIRQ
 .text.HAL_NVIC_DisableIRQ
                0x08002fba       0x1c ./Drivers/STM32F4xx_HAL_Driver/Src/stm32f4xx_hal_cortex.o
                0x08002fba                HAL_NVIC_DisableIRQ
 .text.HAL_SYSTICK_Config
                0x08002fd6       0x18 ./Drivers/STM32F4xx_HAL_Driver/Src/stm32f4xx_hal_cortex.o
                0x08002fd6                HAL_SYSTICK_Config
 .text.HAL_NVIC_ClearPendingIRQ
                0x08002fee       0x1c ./Drivers/STM32F4xx_HAL_Driver/Src/stm32f4xx_hal_cortex.o
                0x08002fee                HAL_NVIC_ClearPendingIRQ
 *fill*         0x0800300a        0x2 
 .text.HAL_EXTI_ClearPending
                0x0800300c       0x30 ./Drivers/STM32F4xx_HAL_Driver/Src/stm32f4xx_hal_exti.o
                0x0800300c                HAL_EXTI_ClearPending
 .text.HAL_GPIO_Init
                0x0800303c      0x358 ./Drivers/STM32F4xx_HAL_Driver/Src/stm32f4xx_hal_gpio.o
                0x0800303c                HAL_GPIO_Init
 .text.HAL_GPIO_DeInit
                0x08003394      0x218 ./Drivers/STM32F4xx_HAL_Driver/Src/stm32f4xx_hal_gpio.o
                0x08003394                HAL_GPIO_DeInit
 .text.HAL_GPIO_WritePin
                0x080035ac       0x32 ./Drivers/STM32F4xx_HAL_Driver/Src/stm32f4xx_hal_gpio.o
                0x080035ac                HAL_GPIO_WritePin
 *fill*         0x080035de        0x2 
 .text.HAL_GPIO_EXTI_IRQHandler
                0x080035e0       0x30 ./Drivers/STM32F4xx_HAL_Driver/Src/stm32f4xx_hal_gpio.o
                0x080035e0                HAL_GPIO_EXTI_IRQHandler
 .text.HAL_GPIO_EXTI_Callback
                0x08003610       0x16 ./Drivers/STM32F4xx_HAL_Driver/Src/stm32f4xx_hal_gpio.o
                0x08003610                HAL_GPIO_EXTI_Callback
 *fill*         0x08003626        0x2 
 .text.HAL_I2C_Init
                0x08003628      0x288 ./Drivers/STM32F4xx_HAL_Driver/Src/stm32f4xx_hal_i2c.o
                0x08003628                HAL_I2C_Init
 .text.HAL_I2C_Mem_Write
                0x080038b0      0x1f4 ./Drivers/STM32F4xx_HAL_Driver/Src/stm32f4xx_hal_i2c.o
                0x080038b0                HAL_I2C_Mem_Write
 .text.HAL_I2C_Mem_Read
                0x08003aa4      0x464 ./Drivers/STM32F4xx_HAL_Driver/Src/stm32f4xx_hal_i2c.o
                0x08003aa4                HAL_I2C_Mem_Read
 .text.I2C_RequestMemoryWrite
                0x08003f08      0x12c ./Drivers/STM32F4xx_HAL_Driver/Src/stm32f4xx_hal_i2c.o
 .text.I2C_RequestMemoryRead
                0x08004034      0x1d0 ./Drivers/STM32F4xx_HAL_Driver/Src/stm32f4xx_hal_i2c.o
 .text.I2C_WaitOnFlagUntilTimeout
                0x08004204       0xf4 ./Drivers/STM32F4xx_HAL_Driver/Src/stm32f4xx_hal_i2c.o
 .text.I2C_WaitOnMasterAddressFlagUntilTimeout
                0x080042f8      0x140 ./Drivers/STM32F4xx_HAL_Driver/Src/stm32f4xx_hal_i2c.o
 .text.I2C_WaitOnTXEFlagUntilTimeout
                0x08004438       0x90 ./Drivers/STM32F4xx_HAL_Driver/Src/stm32f4xx_hal_i2c.o
 .text.I2C_WaitOnBTFFlagUntilTimeout
                0x080044c8       0x90 ./Drivers/STM32F4xx_HAL_Driver/Src/stm32f4xx_hal_i2c.o
 .text.I2C_WaitOnRXNEFlagUntilTimeout
                0x08004558       0xba ./Drivers/STM32F4xx_HAL_Driver/Src/stm32f4xx_hal_i2c.o
 .text.I2C_IsAcknowledgeFailed
                0x08004612       0x5e ./Drivers/STM32F4xx_HAL_Driver/Src/stm32f4xx_hal_i2c.o
 .text.HAL_LTDC_Init
                0x08004670      0x1a0 ./Drivers/STM32F4xx_HAL_Driver/Src/stm32f4xx_hal_ltdc.o
                0x08004670                HAL_LTDC_Init
 .text.HAL_LTDC_ConfigLayer
                0x08004810       0x7c ./Drivers/STM32F4xx_HAL_Driver/Src/stm32f4xx_hal_ltdc.o
                0x08004810                HAL_LTDC_ConfigLayer
 .text.LTDC_SetConfig
                0x0800488c      0x32e ./Drivers/STM32F4xx_HAL_Driver/Src/stm32f4xx_hal_ltdc.o
 *fill*         0x08004bba        0x2 
 .text.HAL_RCC_OscConfig
                0x08004bbc      0x4f0 ./Drivers/STM32F4xx_HAL_Driver/Src/stm32f4xx_hal_rcc.o
                0x08004bbc                HAL_RCC_OscConfig
 .text.HAL_RCC_ClockConfig
                0x080050ac      0x1cc ./Drivers/STM32F4xx_HAL_Driver/Src/stm32f4xx_hal_rcc.o
                0x080050ac                HAL_RCC_ClockConfig
 .text.HAL_RCC_GetSysClockFreq
                0x08005278      0x20c ./Drivers/STM32F4xx_HAL_Driver/Src/stm32f4xx_hal_rcc.o
                0x08005278                HAL_RCC_GetSysClockFreq
 .text.HAL_RCC_GetHCLKFreq
                0x08005484       0x18 ./Drivers/STM32F4xx_HAL_Driver/Src/stm32f4xx_hal_rcc.o
                0x08005484                HAL_RCC_GetHCLKFreq
 .text.HAL_RCC_GetPCLK1Freq
                0x0800549c       0x28 ./Drivers/STM32F4xx_HAL_Driver/Src/stm32f4xx_hal_rcc.o
                0x0800549c                HAL_RCC_GetPCLK1Freq
 .text.HAL_RCCEx_PeriphCLKConfig
                0x080054c4      0x380 ./Drivers/STM32F4xx_HAL_Driver/Src/stm32f4xx_hal_rcc_ex.o
                0x080054c4                HAL_RCCEx_PeriphCLKConfig
 .text.HAL_RNG_Init
                0x08005844       0x54 ./Drivers/STM32F4xx_HAL_Driver/Src/stm32f4xx_hal_rng.o
                0x08005844                HAL_RNG_Init
 .text.HAL_RNG_DeInit
                0x08005898       0x54 ./Drivers/STM32F4xx_HAL_Driver/Src/stm32f4xx_hal_rng.o
                0x08005898                HAL_RNG_DeInit
 .text.HAL_RNG_GenerateRandomNumber
                0x080058ec       0xac ./Drivers/STM32F4xx_HAL_Driver/Src/stm32f4xx_hal_rng.o
                0x080058ec                HAL_RNG_GenerateRandomNumber
 .text.HAL_SPI_Init
                0x08005998      0x112 ./Drivers/STM32F4xx_HAL_Driver/Src/stm32f4xx_hal_spi.o
                0x08005998                HAL_SPI_Init
 .text.HAL_SPI_DeInit
                0x08005aaa       0x50 ./Drivers/STM32F4xx_HAL_Driver/Src/stm32f4xx_hal_spi.o
                0x08005aaa                HAL_SPI_DeInit
 .text.HAL_SPI_Transmit
                0x08005afa      0x288 ./Drivers/STM32F4xx_HAL_Driver/Src/stm32f4xx_hal_spi.o
                0x08005afa                HAL_SPI_Transmit
 .text.HAL_SPI_GetState
                0x08005d82       0x1c ./Drivers/STM32F4xx_HAL_Driver/Src/stm32f4xx_hal_spi.o
                0x08005d82                HAL_SPI_GetState
 *fill*         0x08005d9e        0x2 
 .text.SPI_WaitFlagStateUntilTimeout
                0x08005da0      0x110 ./Drivers/STM32F4xx_HAL_Driver/Src/stm32f4xx_hal_spi.o
 .text.SPI_EndRxTxTransaction
                0x08005eb0       0xa8 ./Drivers/STM32F4xx_HAL_Driver/Src/stm32f4xx_hal_spi.o
 .text.HAL_TIM_Base_Init
                0x08005f58       0x9e ./Drivers/STM32F4xx_HAL_Driver/Src/stm32f4xx_hal_tim.o
                0x08005f58                HAL_TIM_Base_Init
 *fill*         0x08005ff6        0x2 
 .text.HAL_TIM_Base_Start_IT
                0x08005ff8       0xe0 ./Drivers/STM32F4xx_HAL_Driver/Src/stm32f4xx_hal_tim.o
                0x08005ff8                HAL_TIM_Base_Start_IT
 .text.HAL_TIM_IRQHandler
                0x080060d8      0x1e0 ./Drivers/STM32F4xx_HAL_Driver/Src/stm32f4xx_hal_tim.o
                0x080060d8                HAL_TIM_IRQHandler
 .text.HAL_TIM_PeriodElapsedCallback
                0x080062b8       0x14 ./Drivers/STM32F4xx_HAL_Driver/Src/stm32f4xx_hal_tim.o
                0x080062b8                HAL_TIM_PeriodElapsedCallback
 .text.HAL_TIM_OC_DelayElapsedCallback
                0x080062cc       0x14 ./Drivers/STM32F4xx_HAL_Driver/Src/stm32f4xx_hal_tim.o
                0x080062cc                HAL_TIM_OC_DelayElapsedCallback
 .text.HAL_TIM_IC_CaptureCallback
                0x080062e0       0x14 ./Drivers/STM32F4xx_HAL_Driver/Src/stm32f4xx_hal_tim.o
                0x080062e0                HAL_TIM_IC_CaptureCallback
 .text.HAL_TIM_PWM_PulseFinishedCallback
                0x080062f4       0x14 ./Drivers/STM32F4xx_HAL_Driver/Src/stm32f4xx_hal_tim.o
                0x080062f4                HAL_TIM_PWM_PulseFinishedCallback
 .text.HAL_TIM_TriggerCallback
                0x08006308       0x14 ./Drivers/STM32F4xx_HAL_Driver/Src/stm32f4xx_hal_tim.o
                0x08006308                HAL_TIM_TriggerCallback
 .text.TIM_Base_SetConfig
                0x0800631c      0x158 ./Drivers/STM32F4xx_HAL_Driver/Src/stm32f4xx_hal_tim.o
                0x0800631c                TIM_Base_SetConfig
 .text.HAL_TIMEx_CommutCallback
                0x08006474       0x14 ./Drivers/STM32F4xx_HAL_Driver/Src/stm32f4xx_hal_tim_ex.o
                0x08006474                HAL_TIMEx_CommutCallback
 .text.HAL_TIMEx_BreakCallback
                0x08006488       0x14 ./Drivers/STM32F4xx_HAL_Driver/Src/stm32f4xx_hal_tim_ex.o
                0x08006488                HAL_TIMEx_BreakCallback
 .text.std      0x0800649c       0x6c /opt/st/stm32cubeide_1.16.0/plugins/com.st.stm32cube.ide.mcu.externaltools.gnu-tools-for-stm32.12.3.rel1.linux64_1.0.200.202406132123/tools/bin/../lib/gcc/arm-none-eabi/12.3.1/../../../../arm-none-eabi/lib/thumb/v7e-m+fp/hard/libc_nano.a(libc_a-findfp.o)
 .text.stdio_exit_handler
                0x08006508       0x18 /opt/st/stm32cubeide_1.16.0/plugins/com.st.stm32cube.ide.mcu.externaltools.gnu-tools-for-stm32.12.3.rel1.linux64_1.0.200.202406132123/tools/bin/../lib/gcc/arm-none-eabi/12.3.1/../../../../arm-none-eabi/lib/thumb/v7e-m+fp/hard/libc_nano.a(libc_a-findfp.o)
 .text.cleanup_stdio
                0x08006520       0x40 /opt/st/stm32cubeide_1.16.0/plugins/com.st.stm32cube.ide.mcu.externaltools.gnu-tools-for-stm32.12.3.rel1.linux64_1.0.200.202406132123/tools/bin/../lib/gcc/arm-none-eabi/12.3.1/../../../../arm-none-eabi/lib/thumb/v7e-m+fp/hard/libc_nano.a(libc_a-findfp.o)
 .text.global_stdio_init.part.0
                0x08006560       0x3c /opt/st/stm32cubeide_1.16.0/plugins/com.st.stm32cube.ide.mcu.externaltools.gnu-tools-for-stm32.12.3.rel1.linux64_1.0.200.202406132123/tools/bin/../lib/gcc/arm-none-eabi/12.3.1/../../../../arm-none-eabi/lib/thumb/v7e-m+fp/hard/libc_nano.a(libc_a-findfp.o)
 .text.__sfp_lock_acquire
                0x0800659c        0xc /opt/st/stm32cubeide_1.16.0/plugins/com.st.stm32cube.ide.mcu.externaltools.gnu-tools-for-stm32.12.3.rel1.linux64_1.0.200.202406132123/tools/bin/../lib/gcc/arm-none-eabi/12.3.1/../../../../arm-none-eabi/lib/thumb/v7e-m+fp/hard/libc_nano.a(libc_a-findfp.o)
                0x0800659c                __sfp_lock_acquire
 .text.__sfp_lock_release
                0x080065a8        0xc /opt/st/stm32cubeide_1.16.0/plugins/com.st.stm32cube.ide.mcu.externaltools.gnu-tools-for-stm32.12.3.rel1.linux64_1.0.200.202406132123/tools/bin/../lib/gcc/arm-none-eabi/12.3.1/../../../../arm-none-eabi/lib/thumb/v7e-m+fp/hard/libc_nano.a(libc_a-findfp.o)
                0x080065a8                __sfp_lock_release
 .text.__sinit  0x080065b4       0x30 /opt/st/stm32cubeide_1.16.0/plugins/com.st.stm32cube.ide.mcu.externaltools.gnu-tools-for-stm32.12.3.rel1.linux64_1.0.200.202406132123/tools/bin/../lib/gcc/arm-none-eabi/12.3.1/../../../../arm-none-eabi/lib/thumb/v7e-m+fp/hard/libc_nano.a(libc_a-findfp.o)
                0x080065b4                __sinit
 .text._fwalk_sglue
                0x080065e4       0x3c /opt/st/stm32cubeide_1.16.0/plugins/com.st.stm32cube.ide.mcu.externaltools.gnu-tools-for-stm32.12.3.rel1.linux64_1.0.200.202406132123/tools/bin/../lib/gcc/arm-none-eabi/12.3.1/../../../../arm-none-eabi/lib/thumb/v7e-m+fp/hard/libc_nano.a(libc_a-fwalk.o)
                0x080065e4                _fwalk_sglue
 .text.printf   0x08006620       0x24 /opt/st/stm32cubeide_1.16.0/plugins/com.st.stm32cube.ide.mcu.externaltools.gnu-tools-for-stm32.12.3.rel1.linux64_1.0.200.202406132123/tools/bin/../lib/gcc/arm-none-eabi/12.3.1/../../../../arm-none-eabi/lib/thumb/v7e-m+fp/hard/libc_nano.a(libc_a-printf.o)
                0x08006620                printf
                0x08006620                iprintf
 .text._puts_r  0x08006644       0xaa /opt/st/stm32cubeide_1.16.0/plugins/com.st.stm32cube.ide.mcu.externaltools.gnu-tools-for-stm32.12.3.rel1.linux64_1.0.200.202406132123/tools/bin/../lib/gcc/arm-none-eabi/12.3.1/../../../../arm-none-eabi/lib/thumb/v7e-m+fp/hard/libc_nano.a(libc_a-puts.o)
                0x08006644                _puts_r
 *fill*         0x080066ee        0x2 
 .text.puts     0x080066f0       0x10 /opt/st/stm32cubeide_1.16.0/plugins/com.st.stm32cube.ide.mcu.externaltools.gnu-tools-for-stm32.12.3.rel1.linux64_1.0.200.202406132123/tools/bin/../lib/gcc/arm-none-eabi/12.3.1/../../../../arm-none-eabi/lib/thumb/v7e-m+fp/hard/libc_nano.a(libc_a-puts.o)
                0x080066f0                puts
 .text.__sread  0x08006700       0x22 /opt/st/stm32cubeide_1.16.0/plugins/com.st.stm32cube.ide.mcu.externaltools.gnu-tools-for-stm32.12.3.rel1.linux64_1.0.200.202406132123/tools/bin/../lib/gcc/arm-none-eabi/12.3.1/../../../../arm-none-eabi/lib/thumb/v7e-m+fp/hard/libc_nano.a(libc_a-stdio.o)
                0x08006700                __sread
 .text.__swrite
                0x08006722       0x38 /opt/st/stm32cubeide_1.16.0/plugins/com.st.stm32cube.ide.mcu.externaltools.gnu-tools-for-stm32.12.3.rel1.linux64_1.0.200.202406132123/tools/bin/../lib/gcc/arm-none-eabi/12.3.1/../../../../arm-none-eabi/lib/thumb/v7e-m+fp/hard/libc_nano.a(libc_a-stdio.o)
                0x08006722                __swrite
 .text.__sseek  0x0800675a       0x24 /opt/st/stm32cubeide_1.16.0/plugins/com.st.stm32cube.ide.mcu.externaltools.gnu-tools-for-stm32.12.3.rel1.linux64_1.0.200.202406132123/tools/bin/../lib/gcc/arm-none-eabi/12.3.1/../../../../arm-none-eabi/lib/thumb/v7e-m+fp/hard/libc_nano.a(libc_a-stdio.o)
                0x0800675a                __sseek
 .text.__sclose
                0x0800677e        0x8 /opt/st/stm32cubeide_1.16.0/plugins/com.st.stm32cube.ide.mcu.externaltools.gnu-tools-for-stm32.12.3.rel1.linux64_1.0.200.202406132123/tools/bin/../lib/gcc/arm-none-eabi/12.3.1/../../../../arm-none-eabi/lib/thumb/v7e-m+fp/hard/libc_nano.a(libc_a-stdio.o)
                0x0800677e                __sclose
 .text.__swbuf_r
                0x08006786       0x7c /opt/st/stm32cubeide_1.16.0/plugins/com.st.stm32cube.ide.mcu.externaltools.gnu-tools-for-stm32.12.3.rel1.linux64_1.0.200.202406132123/tools/bin/../lib/gcc/arm-none-eabi/12.3.1/../../../../arm-none-eabi/lib/thumb/v7e-m+fp/hard/libc_nano.a(libc_a-wbuf.o)
                0x08006786                __swbuf_r
 *fill*         0x08006802        0x2 
 .text.__swsetup_r
                0x08006804       0xac /opt/st/stm32cubeide_1.16.0/plugins/com.st.stm32cube.ide.mcu.externaltools.gnu-tools-for-stm32.12.3.rel1.linux64_1.0.200.202406132123/tools/bin/../lib/gcc/arm-none-eabi/12.3.1/../../../../arm-none-eabi/lib/thumb/v7e-m+fp/hard/libc_nano.a(libc_a-wsetup.o)
                0x08006804                __swsetup_r
 .text.memset   0x080068b0       0x10 /opt/st/stm32cubeide_1.16.0/plugins/com.st.stm32cube.ide.mcu.externaltools.gnu-tools-for-stm32.12.3.rel1.linux64_1.0.200.202406132123/tools/bin/../lib/gcc/arm-none-eabi/12.3.1/../../../../arm-none-eabi/lib/thumb/v7e-m+fp/hard/libc_nano.a(libc_a-memset.o)
                0x080068b0                memset
 .text._close_r
                0x080068c0       0x20 /opt/st/stm32cubeide_1.16.0/plugins/com.st.stm32cube.ide.mcu.externaltools.gnu-tools-for-stm32.12.3.rel1.linux64_1.0.200.202406132123/tools/bin/../lib/gcc/arm-none-eabi/12.3.1/../../../../arm-none-eabi/lib/thumb/v7e-m+fp/hard/libc_nano.a(libc_a-closer.o)
                0x080068c0                _close_r
 .text._lseek_r
                0x080068e0       0x24 /opt/st/stm32cubeide_1.16.0/plugins/com.st.stm32cube.ide.mcu.externaltools.gnu-tools-for-stm32.12.3.rel1.linux64_1.0.200.202406132123/tools/bin/../lib/gcc/arm-none-eabi/12.3.1/../../../../arm-none-eabi/lib/thumb/v7e-m+fp/hard/libc_nano.a(libc_a-lseekr.o)
                0x080068e0                _lseek_r
 .text._read_r  0x08006904       0x24 /opt/st/stm32cubeide_1.16.0/plugins/com.st.stm32cube.ide.mcu.externaltools.gnu-tools-for-stm32.12.3.rel1.linux64_1.0.200.202406132123/tools/bin/../lib/gcc/arm-none-eabi/12.3.1/../../../../arm-none-eabi/lib/thumb/v7e-m+fp/hard/libc_nano.a(libc_a-readr.o)
                0x08006904                _read_r
 .text._write_r
                0x08006928       0x24 /opt/st/stm32cubeide_1.16.0/plugins/com.st.stm32cube.ide.mcu.externaltools.gnu-tools-for-stm32.12.3.rel1.linux64_1.0.200.202406132123/tools/bin/../lib/gcc/arm-none-eabi/12.3.1/../../../../arm-none-eabi/lib/thumb/v7e-m+fp/hard/libc_nano.a(libc_a-writer.o)
                0x08006928                _write_r
 .text.__errno  0x0800694c        0xc /opt/st/stm32cubeide_1.16.0/plugins/com.st.stm32cube.ide.mcu.externaltools.gnu-tools-for-stm32.12.3.rel1.linux64_1.0.200.202406132123/tools/bin/../lib/gcc/arm-none-eabi/12.3.1/../../../../arm-none-eabi/lib/thumb/v7e-m+fp/hard/libc_nano.a(libc_a-errno.o)
                0x0800694c                __errno
 .text.__libc_init_array
                0x08006958       0x48 /opt/st/stm32cubeide_1.16.0/plugins/com.st.stm32cube.ide.mcu.externaltools.gnu-tools-for-stm32.12.3.rel1.linux64_1.0.200.202406132123/tools/bin/../lib/gcc/arm-none-eabi/12.3.1/../../../../arm-none-eabi/lib/thumb/v7e-m+fp/hard/libc_nano.a(libc_a-init.o)
                0x08006958                __libc_init_array
 .text.__retarget_lock_init_recursive
                0x080069a0        0x2 /opt/st/stm32cubeide_1.16.0/plugins/com.st.stm32cube.ide.mcu.externaltools.gnu-tools-for-stm32.12.3.rel1.linux64_1.0.200.202406132123/tools/bin/../lib/gcc/arm-none-eabi/12.3.1/../../../../arm-none-eabi/lib/thumb/v7e-m+fp/hard/libc_nano.a(libc_a-lock.o)
                0x080069a0                __retarget_lock_init_recursive
 .text.__retarget_lock_acquire_recursive
                0x080069a2        0x2 /opt/st/stm32cubeide_1.16.0/plugins/com.st.stm32cube.ide.mcu.externaltools.gnu-tools-for-stm32.12.3.rel1.linux64_1.0.200.202406132123/tools/bin/../lib/gcc/arm-none-eabi/12.3.1/../../../../arm-none-eabi/lib/thumb/v7e-m+fp/hard/libc_nano.a(libc_a-lock.o)
                0x080069a2                __retarget_lock_acquire_recursive
 .text.__retarget_lock_release_recursive
                0x080069a4        0x2 /opt/st/stm32cubeide_1.16.0/plugins/com.st.stm32cube.ide.mcu.externaltools.gnu-tools-for-stm32.12.3.rel1.linux64_1.0.200.202406132123/tools/bin/../lib/gcc/arm-none-eabi/12.3.1/../../../../arm-none-eabi/lib/thumb/v7e-m+fp/hard/libc_nano.a(libc_a-lock.o)
                0x080069a4                __retarget_lock_release_recursive
 *fill*         0x080069a6        0x2 
 .text._free_r  0x080069a8       0x94 /opt/st/stm32cubeide_1.16.0/plugins/com.st.stm32cube.ide.mcu.externaltools.gnu-tools-for-stm32.12.3.rel1.linux64_1.0.200.202406132123/tools/bin/../lib/gcc/arm-none-eabi/12.3.1/../../../../arm-none-eabi/lib/thumb/v7e-m+fp/hard/libc_nano.a(libc_a-freer.o)
                0x080069a8                _free_r
 .text.sbrk_aligned
                0x08006a3c       0x44 /opt/st/stm32cubeide_1.16.0/plugins/com.st.stm32cube.ide.mcu.externaltools.gnu-tools-for-stm32.12.3.rel1.linux64_1.0.200.202406132123/tools/bin/../lib/gcc/arm-none-eabi/12.3.1/../../../../arm-none-eabi/lib/thumb/v7e-m+fp/hard/libc_nano.a(libc_a-mallocr.o)
 .text._malloc_r
                0x08006a80      0x100 /opt/st/stm32cubeide_1.16.0/plugins/com.st.stm32cube.ide.mcu.externaltools.gnu-tools-for-stm32.12.3.rel1.linux64_1.0.200.202406132123/tools/bin/../lib/gcc/arm-none-eabi/12.3.1/../../../../arm-none-eabi/lib/thumb/v7e-m+fp/hard/libc_nano.a(libc_a-mallocr.o)
                0x08006a80                _malloc_r
 .text.__malloc_lock
                0x08006b80        0xc /opt/st/stm32cubeide_1.16.0/plugins/com.st.stm32cube.ide.mcu.externaltools.gnu-tools-for-stm32.12.3.rel1.linux64_1.0.200.202406132123/tools/bin/../lib/gcc/arm-none-eabi/12.3.1/../../../../arm-none-eabi/lib/thumb/v7e-m+fp/hard/libc_nano.a(libc_a-mlock.o)
                0x08006b80                __malloc_lock
 .text.__malloc_unlock
                0x08006b8c        0xc /opt/st/stm32cubeide_1.16.0/plugins/com.st.stm32cube.ide.mcu.externaltools.gnu-tools-for-stm32.12.3.rel1.linux64_1.0.200.202406132123/tools/bin/../lib/gcc/arm-none-eabi/12.3.1/../../../../arm-none-eabi/lib/thumb/v7e-m+fp/hard/libc_nano.a(libc_a-mlock.o)
                0x08006b8c                __malloc_unlock
 .text.__sfputc_r
                0x08006b98       0x2e /opt/st/stm32cubeide_1.16.0/plugins/com.st.stm32cube.ide.mcu.externaltools.gnu-tools-for-stm32.12.3.rel1.linux64_1.0.200.202406132123/tools/bin/../lib/gcc/arm-none-eabi/12.3.1/../../../../arm-none-eabi/lib/thumb/v7e-m+fp/hard/libc_nano.a(libc_a-nano-vfprintf.o)
 .text.__sfputs_r
                0x08006bc6       0x24 /opt/st/stm32cubeide_1.16.0/plugins/com.st.stm32cube.ide.mcu.externaltools.gnu-tools-for-stm32.12.3.rel1.linux64_1.0.200.202406132123/tools/bin/../lib/gcc/arm-none-eabi/12.3.1/../../../../arm-none-eabi/lib/thumb/v7e-m+fp/hard/libc_nano.a(libc_a-nano-vfprintf.o)
                0x08006bc6                __sfputs_r
 *fill*         0x08006bea        0x2 
 .text._vfprintf_r
                0x08006bec      0x230 /opt/st/stm32cubeide_1.16.0/plugins/com.st.stm32cube.ide.mcu.externaltools.gnu-tools-for-stm32.12.3.rel1.linux64_1.0.200.202406132123/tools/bin/../lib/gcc/arm-none-eabi/12.3.1/../../../../arm-none-eabi/lib/thumb/v7e-m+fp/hard/libc_nano.a(libc_a-nano-vfprintf.o)
                0x08006bec                _vfiprintf_r
                0x08006bec                _vfprintf_r
 .text._printf_common
                0x08006e1c       0xda /opt/st/stm32cubeide_1.16.0/plugins/com.st.stm32cube.ide.mcu.externaltools.gnu-tools-for-stm32.12.3.rel1.linux64_1.0.200.202406132123/tools/bin/../lib/gcc/arm-none-eabi/12.3.1/../../../../arm-none-eabi/lib/thumb/v7e-m+fp/hard/libc_nano.a(libc_a-nano-vfprintf_i.o)
                0x08006e1c                _printf_common
 *fill*         0x08006ef6        0x2 
 .text._printf_i
                0x08006ef8      0x240 /opt/st/stm32cubeide_1.16.0/plugins/com.st.stm32cube.ide.mcu.externaltools.gnu-tools-for-stm32.12.3.rel1.linux64_1.0.200.202406132123/tools/bin/../lib/gcc/arm-none-eabi/12.3.1/../../../../arm-none-eabi/lib/thumb/v7e-m+fp/hard/libc_nano.a(libc_a-nano-vfprintf_i.o)
                0x08006ef8                _printf_i
 .text.__sflush_r
                0x08007138      0x108 /opt/st/stm32cubeide_1.16.0/plugins/com.st.stm32cube.ide.mcu.externaltools.gnu-tools-for-stm32.12.3.rel1.linux64_1.0.200.202406132123/tools/bin/../lib/gcc/arm-none-eabi/12.3.1/../../../../arm-none-eabi/lib/thumb/v7e-m+fp/hard/libc_nano.a(libc_a-fflush.o)
                0x08007138                __sflush_r
 .text._fflush_r
                0x08007240       0x50 /opt/st/stm32cubeide_1.16.0/plugins/com.st.stm32cube.ide.mcu.externaltools.gnu-tools-for-stm32.12.3.rel1.linux64_1.0.200.202406132123/tools/bin/../lib/gcc/arm-none-eabi/12.3.1/../../../../arm-none-eabi/lib/thumb/v7e-m+fp/hard/libc_nano.a(libc_a-fflush.o)
                0x08007240                _fflush_r
 .text.__swhatbuf_r
                0x08007290       0x4c /opt/st/stm32cubeide_1.16.0/plugins/com.st.stm32cube.ide.mcu.externaltools.gnu-tools-for-stm32.12.3.rel1.linux64_1.0.200.202406132123/tools/bin/../lib/gcc/arm-none-eabi/12.3.1/../../../../arm-none-eabi/lib/thumb/v7e-m+fp/hard/libc_nano.a(libc_a-makebuf.o)
                0x08007290                __swhatbuf_r
 .text.__smakebuf_r
                0x080072dc       0x78 /opt/st/stm32cubeide_1.16.0/plugins/com.st.stm32cube.ide.mcu.externaltools.gnu-tools-for-stm32.12.3.rel1.linux64_1.0.200.202406132123/tools/bin/../lib/gcc/arm-none-eabi/12.3.1/../../../../arm-none-eabi/lib/thumb/v7e-m+fp/hard/libc_nano.a(libc_a-makebuf.o)
                0x080072dc                __smakebuf_r
 .text._fstat_r
                0x08007354       0x24 /opt/st/stm32cubeide_1.16.0/plugins/com.st.stm32cube.ide.mcu.externaltools.gnu-tools-for-stm32.12.3.rel1.linux64_1.0.200.202406132123/tools/bin/../lib/gcc/arm-none-eabi/12.3.1/../../../../arm-none-eabi/lib/thumb/v7e-m+fp/hard/libc_nano.a(libc_a-fstatr.o)
                0x08007354                _fstat_r
 .text._isatty_r
                0x08007378       0x20 /opt/st/stm32cubeide_1.16.0/plugins/com.st.stm32cube.ide.mcu.externaltools.gnu-tools-for-stm32.12.3.rel1.linux64_1.0.200.202406132123/tools/bin/../lib/gcc/arm-none-eabi/12.3.1/../../../../arm-none-eabi/lib/thumb/v7e-m+fp/hard/libc_nano.a(libc_a-isattyr.o)
                0x08007378                _isatty_r
 .text._sbrk_r  0x08007398       0x20 /opt/st/stm32cubeide_1.16.0/plugins/com.st.stm32cube.ide.mcu.externaltools.gnu-tools-for-stm32.12.3.rel1.linux64_1.0.200.202406132123/tools/bin/../lib/gcc/arm-none-eabi/12.3.1/../../../../arm-none-eabi/lib/thumb/v7e-m+fp/hard/libc_nano.a(libc_a-sbrkr.o)
                0x08007398                _sbrk_r
 *(.glue_7)
 .glue_7        0x080073b8        0x0 linker stubs
 *(.glue_7t)
 .glue_7t       0x080073b8        0x0 linker stubs
 *(.eh_frame)
 .eh_frame      0x080073b8        0x0 /opt/st/stm32cubeide_1.16.0/plugins/com.st.stm32cube.ide.mcu.externaltools.gnu-tools-for-stm32.12.3.rel1.linux64_1.0.200.202406132123/tools/bin/../lib/gcc/arm-none-eabi/12.3.1/thumb/v7e-m+fp/hard/crtbegin.o
 *(.init)
 .init          0x080073b8        0x4 /opt/st/stm32cubeide_1.16.0/plugins/com.st.stm32cube.ide.mcu.externaltools.gnu-tools-for-stm32.12.3.rel1.linux64_1.0.200.202406132123/tools/bin/../lib/gcc/arm-none-eabi/12.3.1/thumb/v7e-m+fp/hard/crti.o
                0x080073b8                _init
 .init          0x080073bc        0x8 /opt/st/stm32cubeide_1.16.0/plugins/com.st.stm32cube.ide.mcu.externaltools.gnu-tools-for-stm32.12.3.rel1.linux64_1.0.200.202406132123/tools/bin/../lib/gcc/arm-none-eabi/12.3.1/thumb/v7e-m+fp/hard/crtn.o
 *(.fini)
 .fini          0x080073c4        0x4 /opt/st/stm32cubeide_1.16.0/plugins/com.st.stm32cube.ide.mcu.externaltools.gnu-tools-for-stm32.12.3.rel1.linux64_1.0.200.202406132123/tools/bin/../lib/gcc/arm-none-eabi/12.3.1/thumb/v7e-m+fp/hard/crti.o
                0x080073c4                _fini
 .fini          0x080073c8        0x8 /opt/st/stm32cubeide_1.16.0/plugins/com.st.stm32cube.ide.mcu.externaltools.gnu-tools-for-stm32.12.3.rel1.linux64_1.0.200.202406132123/tools/bin/../lib/gcc/arm-none-eabi/12.3.1/thumb/v7e-m+fp/hard/crtn.o
                0x080073d0                        . = ALIGN (0x4)
                0x080073d0                        _etext = .

.vfp11_veneer   0x080073d0        0x0
 .vfp11_veneer  0x080073d0        0x0 linker stubs

.v4_bx          0x080073d0        0x0
 .v4_bx         0x080073d0        0x0 linker stubs

.iplt           0x080073d0        0x0
 .iplt          0x080073d0        0x0 /opt/st/stm32cubeide_1.16.0/plugins/com.st.stm32cube.ide.mcu.externaltools.gnu-tools-for-stm32.12.3.rel1.linux64_1.0.200.202406132123/tools/bin/../lib/gcc/arm-none-eabi/12.3.1/thumb/v7e-m+fp/hard/crtbegin.o

.rodata         0x080073d0     0x1270
                0x080073d0                        . = ALIGN (0x4)
 *(.rodata)
 .rodata        0x080073d0       0x52 ./Core/Src/ApplicationCode.o
 *(.rodata*)
 *fill*         0x08007422        0x2 
 .rodata.ASCII16x24_Table
                0x08007424     0x11d0 ./Core/Src/fonts.o
                0x08007424                ASCII16x24_Table
 .rodata.AHBPrescTable
                0x080085f4       0x10 ./Core/Src/system_stm32f4xx.o
                0x080085f4                AHBPrescTable
 .rodata.APBPrescTable
                0x08008604        0x8 ./Core/Src/system_stm32f4xx.o
                0x08008604                APBPrescTable
 .rodata._vfprintf_r.str1.1
                0x0800860c       0x11 /opt/st/stm32cubeide_1.16.0/plugins/com.st.stm32cube.ide.mcu.externaltools.gnu-tools-for-stm32.12.3.rel1.linux64_1.0.200.202406132123/tools/bin/../lib/gcc/arm-none-eabi/12.3.1/../../../../arm-none-eabi/lib/thumb/v7e-m+fp/hard/libc_nano.a(libc_a-nano-vfprintf.o)
 .rodata._printf_i.str1.1
                0x0800861d       0x22 /opt/st/stm32cubeide_1.16.0/plugins/com.st.stm32cube.ide.mcu.externaltools.gnu-tools-for-stm32.12.3.rel1.linux64_1.0.200.202406132123/tools/bin/../lib/gcc/arm-none-eabi/12.3.1/../../../../arm-none-eabi/lib/thumb/v7e-m+fp/hard/libc_nano.a(libc_a-nano-vfprintf_i.o)
                0x08008640                        . = ALIGN (0x4)
 *fill*         0x0800863f        0x1 

.ARM.extab      0x08008640        0x0
                0x08008640                        . = ALIGN (0x4)
 *(.ARM.extab* .gnu.linkonce.armextab.*)
                0x08008640                        . = ALIGN (0x4)

.ARM            0x08008640        0x8
                0x08008640                        . = ALIGN (0x4)
                0x08008640                        __exidx_start = .
 *(.ARM.exidx*)
 .ARM.exidx     0x08008640        0x8 /opt/st/stm32cubeide_1.16.0/plugins/com.st.stm32cube.ide.mcu.externaltools.gnu-tools-for-stm32.12.3.rel1.linux64_1.0.200.202406132123/tools/bin/../lib/gcc/arm-none-eabi/12.3.1/../../../../arm-none-eabi/lib/thumb/v7e-m+fp/hard/libc_nano.a(libc_a-memchr.o)
 .ARM.exidx     0x08008648        0x0 /opt/st/stm32cubeide_1.16.0/plugins/com.st.stm32cube.ide.mcu.externaltools.gnu-tools-for-stm32.12.3.rel1.linux64_1.0.200.202406132123/tools/bin/../lib/gcc/arm-none-eabi/12.3.1/thumb/v7e-m+fp/hard/libgcc.a(_udivmoddi4.o)
                                  0x8 (size before relaxing)
                0x08008648                        __exidx_end = .
                0x08008648                        . = ALIGN (0x4)

.preinit_array  0x08008648        0x0
                0x08008648                        . = ALIGN (0x4)
                0x08008648                        PROVIDE (__preinit_array_start = .)
 *(.preinit_array*)
                0x08008648                        PROVIDE (__preinit_array_end = .)
                0x08008648                        . = ALIGN (0x4)

.init_array     0x08008648        0x4
                0x08008648                        . = ALIGN (0x4)
                0x08008648                        PROVIDE (__init_array_start = .)
 *(SORT_BY_NAME(.init_array.*))
 *(.init_array*)
 .init_array    0x08008648        0x4 /opt/st/stm32cubeide_1.16.0/plugins/com.st.stm32cube.ide.mcu.externaltools.gnu-tools-for-stm32.12.3.rel1.linux64_1.0.200.202406132123/tools/bin/../lib/gcc/arm-none-eabi/12.3.1/thumb/v7e-m+fp/hard/crtbegin.o
                0x0800864c                        PROVIDE (__init_array_end = .)
                0x0800864c                        . = ALIGN (0x4)

.fini_array     0x0800864c        0x4
                0x0800864c                        . = ALIGN (0x4)
                [!provide]                        PROVIDE (__fini_array_start = .)
 *(SORT_BY_NAME(.fini_array.*))
 *(.fini_array*)
 .fini_array    0x0800864c        0x4 /opt/st/stm32cubeide_1.16.0/plugins/com.st.stm32cube.ide.mcu.externaltools.gnu-tools-for-stm32.12.3.rel1.linux64_1.0.200.202406132123/tools/bin/../lib/gcc/arm-none-eabi/12.3.1/thumb/v7e-m+fp/hard/crtbegin.o
                [!provide]                        PROVIDE (__fini_array_end = .)
                0x08008650                        . = ALIGN (0x4)
                0x08008650                        _sidata = LOADADDR (.data)

.rel.dyn        0x08008650        0x0
 .rel.iplt      0x08008650        0x0 /opt/st/stm32cubeide_1.16.0/plugins/com.st.stm32cube.ide.mcu.externaltools.gnu-tools-for-stm32.12.3.rel1.linux64_1.0.200.202406132123/tools/bin/../lib/gcc/arm-none-eabi/12.3.1/thumb/v7e-m+fp/hard/crtbegin.o

.data           0x20000000       0x78 load address 0x08008650
                0x20000000                        . = ALIGN (0x4)
                0x20000000                        _sdata = .
 *(.data)
 *(.data*)
 .data.currentXpos
                0x20000000        0x1 ./Core/Src/Gameplay.o
                0x20000000                currentXpos
 .data.currentYpos
                0x20000001        0x1 ./Core/Src/Gameplay.o
                0x20000001                currentYpos
 .data.CurrentTextColor
                0x20000002        0x2 ./Core/Src/LCD_Driver.o
 .data.Font16x24
                0x20000004        0x8 ./Core/Src/fonts.o
                0x20000004                Font16x24
 .data.SpiTimeout
                0x2000000c        0x4 ./Core/Src/ili9341.o
                0x2000000c                SpiTimeout
 .data.SystemCoreClock
                0x20000010        0x4 ./Core/Src/system_stm32f4xx.o
                0x20000010                SystemCoreClock
 .data.uwTickPrio
                0x20000014        0x4 ./Drivers/STM32F4xx_HAL_Driver/Src/stm32f4xx_hal.o
                0x20000014                uwTickPrio
 .data.uwTickFreq
                0x20000018        0x1 ./Drivers/STM32F4xx_HAL_Driver/Src/stm32f4xx_hal.o
                0x20000018                uwTickFreq
 *fill*         0x20000019        0x3 
 .data.__sglue  0x2000001c        0xc /opt/st/stm32cubeide_1.16.0/plugins/com.st.stm32cube.ide.mcu.externaltools.gnu-tools-for-stm32.12.3.rel1.linux64_1.0.200.202406132123/tools/bin/../lib/gcc/arm-none-eabi/12.3.1/../../../../arm-none-eabi/lib/thumb/v7e-m+fp/hard/libc_nano.a(libc_a-findfp.o)
                0x2000001c                __sglue
 .data._impure_ptr
                0x20000028        0x4 /opt/st/stm32cubeide_1.16.0/plugins/com.st.stm32cube.ide.mcu.externaltools.gnu-tools-for-stm32.12.3.rel1.linux64_1.0.200.202406132123/tools/bin/../lib/gcc/arm-none-eabi/12.3.1/../../../../arm-none-eabi/lib/thumb/v7e-m+fp/hard/libc_nano.a(libc_a-impure.o)
                0x20000028                _impure_ptr
 .data._impure_data
                0x2000002c       0x4c /opt/st/stm32cubeide_1.16.0/plugins/com.st.stm32cube.ide.mcu.externaltools.gnu-tools-for-stm32.12.3.rel1.linux64_1.0.200.202406132123/tools/bin/../lib/gcc/arm-none-eabi/12.3.1/../../../../arm-none-eabi/lib/thumb/v7e-m+fp/hard/libc_nano.a(libc_a-impure.o)
                0x2000002c                _impure_data
 *(.RamFunc)
 *(.RamFunc*)
                0x20000078                        . = ALIGN (0x4)
                0x20000078                        _edata = .
                0x080086c8                        _siccmram = LOADADDR (.ccmram)

.igot.plt       0x20000078        0x0 load address 0x080086c8
 .igot.plt      0x20000078        0x0 /opt/st/stm32cubeide_1.16.0/plugins/com.st.stm32cube.ide.mcu.externaltools.gnu-tools-for-stm32.12.3.rel1.linux64_1.0.200.202406132123/tools/bin/../lib/gcc/arm-none-eabi/12.3.1/thumb/v7e-m+fp/hard/crtbegin.o

.ccmram         0x10000000        0x0 load address 0x080086c8
                0x10000000                        . = ALIGN (0x4)
                0x10000000                        _sccmram = .
 *(.ccmram)
 *(.ccmram*)
                0x10000000                        . = ALIGN (0x4)
                0x10000000                        _eccmram = .
                0x10000000                        . = ALIGN (0x4)

.bss            0x20000078    0x25b78
                0x20000078                        _sbss = .
                0x20000078                        __bss_start__ = _sbss
 *(.bss)
 .bss           0x20000078       0x1c /opt/st/stm32cubeide_1.16.0/plugins/com.st.stm32cube.ide.mcu.externaltools.gnu-tools-for-stm32.12.3.rel1.linux64_1.0.200.202406132123/tools/bin/../lib/gcc/arm-none-eabi/12.3.1/thumb/v7e-m+fp/hard/crtbegin.o
 *(.bss*)
 .bss.screenCount
                0x20000094        0x1 ./Core/Src/ApplicationCode.o
                0x20000094                screenCount
 *fill*         0x20000095        0x3 
 .bss.StaticTouchData
                0x20000098        0x8 ./Core/Src/ApplicationCode.o
 .bss.LCDTouchIRQ
                0x200000a0        0x8 ./Core/Src/ApplicationCode.o
 .bss.statusFlag
                0x200000a8        0x1 ./Core/Src/ApplicationCode.o
 *fill*         0x200000a9        0x3 
 .bss.count.0   0x200000ac        0x4 ./Core/Src/ApplicationCode.o
 .bss.currentBlock
                0x200000b0        0x1 ./Core/Src/Gameplay.o
                0x200000b0                currentBlock
 .bss.currentOrientation
                0x200000b1        0x1 ./Core/Src/Gameplay.o
                0x200000b1                currentOrientation
 *fill*         0x200000b2        0x2 
 .bss.hltdc     0x200000b4       0xa8 ./Core/Src/LCD_Driver.o
 .bss.PeriphClkInitStruct
                0x2000015c       0x30 ./Core/Src/LCD_Driver.o
 .bss.LCD_Currentfonts
                0x2000018c        0x4 ./Core/Src/LCD_Driver.o
 .bss.frameBuffer
                0x20000190    0x25800 ./Core/Src/LCD_Driver.o
                0x20000190                frameBuffer
 .bss.hrng      0x20025990       0x10 ./Core/Src/RNG_Driver.o
                0x20025990                hrng
 .bss.htim7     0x200259a0       0x48 ./Core/Src/Timer_Driver.o
                0x200259a0                htim7
 .bss.SpiHandle
                0x200259e8       0x58 ./Core/Src/ili9341.o
 .bss.Is_LCD_IO_Initialized
                0x20025a40        0x1 ./Core/Src/ili9341.o
 *fill*         0x20025a41        0x3 
 .bss.hI2C3     0x20025a44       0x54 ./Core/Src/stmpe811.o
 .bss.HAL_status
                0x20025a98        0x1 ./Core/Src/stmpe811.o
 *fill*         0x20025a99        0x3 
 .bss.__sbrk_heap_end
                0x20025a9c        0x4 ./Core/Src/sysmem.o
 .bss.uwTick    0x20025aa0        0x4 ./Drivers/STM32F4xx_HAL_Driver/Src/stm32f4xx_hal.o
                0x20025aa0                uwTick
 .bss.__sf      0x20025aa4      0x138 /opt/st/stm32cubeide_1.16.0/plugins/com.st.stm32cube.ide.mcu.externaltools.gnu-tools-for-stm32.12.3.rel1.linux64_1.0.200.202406132123/tools/bin/../lib/gcc/arm-none-eabi/12.3.1/../../../../arm-none-eabi/lib/thumb/v7e-m+fp/hard/libc_nano.a(libc_a-findfp.o)
                0x20025aa4                __sf
 .bss.__stdio_exit_handler
                0x20025bdc        0x4 /opt/st/stm32cubeide_1.16.0/plugins/com.st.stm32cube.ide.mcu.externaltools.gnu-tools-for-stm32.12.3.rel1.linux64_1.0.200.202406132123/tools/bin/../lib/gcc/arm-none-eabi/12.3.1/../../../../arm-none-eabi/lib/thumb/v7e-m+fp/hard/libc_nano.a(libc_a-findfp.o)
                0x20025bdc                __stdio_exit_handler
 .bss.errno     0x20025be0        0x4 /opt/st/stm32cubeide_1.16.0/plugins/com.st.stm32cube.ide.mcu.externaltools.gnu-tools-for-stm32.12.3.rel1.linux64_1.0.200.202406132123/tools/bin/../lib/gcc/arm-none-eabi/12.3.1/../../../../arm-none-eabi/lib/thumb/v7e-m+fp/hard/libc_nano.a(libc_a-reent.o)
                0x20025be0                errno
 .bss.__lock___malloc_recursive_mutex
                0x20025be4        0x1 /opt/st/stm32cubeide_1.16.0/plugins/com.st.stm32cube.ide.mcu.externaltools.gnu-tools-for-stm32.12.3.rel1.linux64_1.0.200.202406132123/tools/bin/../lib/gcc/arm-none-eabi/12.3.1/../../../../arm-none-eabi/lib/thumb/v7e-m+fp/hard/libc_nano.a(libc_a-lock.o)
                0x20025be4                __lock___malloc_recursive_mutex
 .bss.__lock___sfp_recursive_mutex
                0x20025be5        0x1 /opt/st/stm32cubeide_1.16.0/plugins/com.st.stm32cube.ide.mcu.externaltools.gnu-tools-for-stm32.12.3.rel1.linux64_1.0.200.202406132123/tools/bin/../lib/gcc/arm-none-eabi/12.3.1/../../../../arm-none-eabi/lib/thumb/v7e-m+fp/hard/libc_nano.a(libc_a-lock.o)
                0x20025be5                __lock___sfp_recursive_mutex
 *fill*         0x20025be6        0x2 
 .bss.__malloc_sbrk_start
                0x20025be8        0x4 /opt/st/stm32cubeide_1.16.0/plugins/com.st.stm32cube.ide.mcu.externaltools.gnu-tools-for-stm32.12.3.rel1.linux64_1.0.200.202406132123/tools/bin/../lib/gcc/arm-none-eabi/12.3.1/../../../../arm-none-eabi/lib/thumb/v7e-m+fp/hard/libc_nano.a(libc_a-mallocr.o)
                0x20025be8                __malloc_sbrk_start
 .bss.__malloc_free_list
                0x20025bec        0x4 /opt/st/stm32cubeide_1.16.0/plugins/com.st.stm32cube.ide.mcu.externaltools.gnu-tools-for-stm32.12.3.rel1.linux64_1.0.200.202406132123/tools/bin/../lib/gcc/arm-none-eabi/12.3.1/../../../../arm-none-eabi/lib/thumb/v7e-m+fp/hard/libc_nano.a(libc_a-mallocr.o)
                0x20025bec                __malloc_free_list
 *(COMMON)
                0x20025bf0                        . = ALIGN (0x4)
                0x20025bf0                        _ebss = .
                0x20025bf0                        __bss_end__ = _ebss

._user_heap_stack
                0x20025bf0      0x600
                0x20025bf0                        . = ALIGN (0x8)
                [!provide]                        PROVIDE (end = .)
                0x20025bf0                        PROVIDE (_end = .)
                0x20025df0                        . = (. + _Min_Heap_Size)
 *fill*         0x20025bf0      0x200 
                0x200261f0                        . = (. + _Min_Stack_Size)
 *fill*         0x20025df0      0x400 
                0x200261f0                        . = ALIGN (0x8)

/DISCARD/
 libc.a(*)
 libm.a(*)
 libgcc.a(*)

.ARM.attributes
                0x00000000       0x30
 *(.ARM.attributes)
 .ARM.attributes
                0x00000000       0x22 /opt/st/stm32cubeide_1.16.0/plugins/com.st.stm32cube.ide.mcu.externaltools.gnu-tools-for-stm32.12.3.rel1.linux64_1.0.200.202406132123/tools/bin/../lib/gcc/arm-none-eabi/12.3.1/thumb/v7e-m+fp/hard/crti.o
 .ARM.attributes
                0x00000022       0x34 /opt/st/stm32cubeide_1.16.0/plugins/com.st.stm32cube.ide.mcu.externaltools.gnu-tools-for-stm32.12.3.rel1.linux64_1.0.200.202406132123/tools/bin/../lib/gcc/arm-none-eabi/12.3.1/thumb/v7e-m+fp/hard/crtbegin.o
 .ARM.attributes
                0x00000056       0x34 ./Core/Src/ApplicationCode.o
 .ARM.attributes
                0x0000008a       0x34 ./Core/Src/Button_Driver.o
 .ARM.attributes
                0x000000be       0x34 ./Core/Src/Gameplay.o
 .ARM.attributes
                0x000000f2       0x34 ./Core/Src/LCD_Driver.o
 .ARM.attributes
                0x00000126       0x34 ./Core/Src/RNG_Driver.o
 .ARM.attributes
                0x0000015a       0x34 ./Core/Src/Timer_Driver.o
 .ARM.attributes
                0x0000018e       0x34 ./Core/Src/fonts.o
 .ARM.attributes
                0x000001c2       0x34 ./Core/Src/ili9341.o
 .ARM.attributes
                0x000001f6       0x34 ./Core/Src/main.o
 .ARM.attributes
                0x0000022a       0x34 ./Core/Src/stm32f4xx_hal_msp.o
 .ARM.attributes
                0x0000025e       0x34 ./Core/Src/stm32f4xx_it.o
 .ARM.attributes
                0x00000292       0x34 ./Core/Src/stmpe811.o
 .ARM.attributes
                0x000002c6       0x34 ./Core/Src/syscalls.o
 .ARM.attributes
                0x000002fa       0x34 ./Core/Src/sysmem.o
 .ARM.attributes
                0x0000032e       0x34 ./Core/Src/system_stm32f4xx.o
 .ARM.attributes
                0x00000362       0x21 ./Core/Startup/startup_stm32f429zitx.o
 .ARM.attributes
                0x00000383       0x34 ./Drivers/STM32F4xx_HAL_Driver/Src/stm32f4xx_hal.o
 .ARM.attributes
                0x000003b7       0x34 ./Drivers/STM32F4xx_HAL_Driver/Src/stm32f4xx_hal_cortex.o
 .ARM.attributes
                0x000003eb       0x34 ./Drivers/STM32F4xx_HAL_Driver/Src/stm32f4xx_hal_exti.o
 .ARM.attributes
                0x0000041f       0x34 ./Drivers/STM32F4xx_HAL_Driver/Src/stm32f4xx_hal_gpio.o
 .ARM.attributes
                0x00000453       0x34 ./Drivers/STM32F4xx_HAL_Driver/Src/stm32f4xx_hal_i2c.o
 .ARM.attributes
                0x00000487       0x34 ./Drivers/STM32F4xx_HAL_Driver/Src/stm32f4xx_hal_ltdc.o
 .ARM.attributes
                0x000004bb       0x34 ./Drivers/STM32F4xx_HAL_Driver/Src/stm32f4xx_hal_rcc.o
 .ARM.attributes
                0x000004ef       0x34 ./Drivers/STM32F4xx_HAL_Driver/Src/stm32f4xx_hal_rcc_ex.o
 .ARM.attributes
                0x00000523       0x34 ./Drivers/STM32F4xx_HAL_Driver/Src/stm32f4xx_hal_rng.o
 .ARM.attributes
                0x00000557       0x34 ./Drivers/STM32F4xx_HAL_Driver/Src/stm32f4xx_hal_spi.o
 .ARM.attributes
                0x0000058b       0x34 ./Drivers/STM32F4xx_HAL_Driver/Src/stm32f4xx_hal_tim.o
 .ARM.attributes
                0x000005bf       0x34 ./Drivers/STM32F4xx_HAL_Driver/Src/stm32f4xx_hal_tim_ex.o
 .ARM.attributes
                0x000005f3       0x34 /opt/st/stm32cubeide_1.16.0/plugins/com.st.stm32cube.ide.mcu.externaltools.gnu-tools-for-stm32.12.3.rel1.linux64_1.0.200.202406132123/tools/bin/../lib/gcc/arm-none-eabi/12.3.1/../../../../arm-none-eabi/lib/thumb/v7e-m+fp/hard/libc_nano.a(libc_a-findfp.o)
 .ARM.attributes
                0x00000627       0x34 /opt/st/stm32cubeide_1.16.0/plugins/com.st.stm32cube.ide.mcu.externaltools.gnu-tools-for-stm32.12.3.rel1.linux64_1.0.200.202406132123/tools/bin/../lib/gcc/arm-none-eabi/12.3.1/../../../../arm-none-eabi/lib/thumb/v7e-m+fp/hard/libc_nano.a(libc_a-fwalk.o)
 .ARM.attributes
                0x0000065b       0x34 /opt/st/stm32cubeide_1.16.0/plugins/com.st.stm32cube.ide.mcu.externaltools.gnu-tools-for-stm32.12.3.rel1.linux64_1.0.200.202406132123/tools/bin/../lib/gcc/arm-none-eabi/12.3.1/../../../../arm-none-eabi/lib/thumb/v7e-m+fp/hard/libc_nano.a(libc_a-printf.o)
 .ARM.attributes
                0x0000068f       0x34 /opt/st/stm32cubeide_1.16.0/plugins/com.st.stm32cube.ide.mcu.externaltools.gnu-tools-for-stm32.12.3.rel1.linux64_1.0.200.202406132123/tools/bin/../lib/gcc/arm-none-eabi/12.3.1/../../../../arm-none-eabi/lib/thumb/v7e-m+fp/hard/libc_nano.a(libc_a-puts.o)
 .ARM.attributes
                0x000006c3       0x34 /opt/st/stm32cubeide_1.16.0/plugins/com.st.stm32cube.ide.mcu.externaltools.gnu-tools-for-stm32.12.3.rel1.linux64_1.0.200.202406132123/tools/bin/../lib/gcc/arm-none-eabi/12.3.1/../../../../arm-none-eabi/lib/thumb/v7e-m+fp/hard/libc_nano.a(libc_a-stdio.o)
 .ARM.attributes
                0x000006f7       0x34 /opt/st/stm32cubeide_1.16.0/plugins/com.st.stm32cube.ide.mcu.externaltools.gnu-tools-for-stm32.12.3.rel1.linux64_1.0.200.202406132123/tools/bin/../lib/gcc/arm-none-eabi/12.3.1/../../../../arm-none-eabi/lib/thumb/v7e-m+fp/hard/libc_nano.a(libc_a-wbuf.o)
 .ARM.attributes
                0x0000072b       0x34 /opt/st/stm32cubeide_1.16.0/plugins/com.st.stm32cube.ide.mcu.externaltools.gnu-tools-for-stm32.12.3.rel1.linux64_1.0.200.202406132123/tools/bin/../lib/gcc/arm-none-eabi/12.3.1/../../../../arm-none-eabi/lib/thumb/v7e-m+fp/hard/libc_nano.a(libc_a-wsetup.o)
 .ARM.attributes
                0x0000075f       0x34 /opt/st/stm32cubeide_1.16.0/plugins/com.st.stm32cube.ide.mcu.externaltools.gnu-tools-for-stm32.12.3.rel1.linux64_1.0.200.202406132123/tools/bin/../lib/gcc/arm-none-eabi/12.3.1/../../../../arm-none-eabi/lib/thumb/v7e-m+fp/hard/libc_nano.a(libc_a-memset.o)
 .ARM.attributes
                0x00000793       0x34 /opt/st/stm32cubeide_1.16.0/plugins/com.st.stm32cube.ide.mcu.externaltools.gnu-tools-for-stm32.12.3.rel1.linux64_1.0.200.202406132123/tools/bin/../lib/gcc/arm-none-eabi/12.3.1/../../../../arm-none-eabi/lib/thumb/v7e-m+fp/hard/libc_nano.a(libc_a-closer.o)
 .ARM.attributes
                0x000007c7       0x34 /opt/st/stm32cubeide_1.16.0/plugins/com.st.stm32cube.ide.mcu.externaltools.gnu-tools-for-stm32.12.3.rel1.linux64_1.0.200.202406132123/tools/bin/../lib/gcc/arm-none-eabi/12.3.1/../../../../arm-none-eabi/lib/thumb/v7e-m+fp/hard/libc_nano.a(libc_a-reent.o)
 .ARM.attributes
                0x000007fb       0x34 /opt/st/stm32cubeide_1.16.0/plugins/com.st.stm32cube.ide.mcu.externaltools.gnu-tools-for-stm32.12.3.rel1.linux64_1.0.200.202406132123/tools/bin/../lib/gcc/arm-none-eabi/12.3.1/../../../../arm-none-eabi/lib/thumb/v7e-m+fp/hard/libc_nano.a(libc_a-impure.o)
 .ARM.attributes
                0x0000082f       0x34 /opt/st/stm32cubeide_1.16.0/plugins/com.st.stm32cube.ide.mcu.externaltools.gnu-tools-for-stm32.12.3.rel1.linux64_1.0.200.202406132123/tools/bin/../lib/gcc/arm-none-eabi/12.3.1/../../../../arm-none-eabi/lib/thumb/v7e-m+fp/hard/libc_nano.a(libc_a-lseekr.o)
 .ARM.attributes
                0x00000863       0x34 /opt/st/stm32cubeide_1.16.0/plugins/com.st.stm32cube.ide.mcu.externaltools.gnu-tools-for-stm32.12.3.rel1.linux64_1.0.200.202406132123/tools/bin/../lib/gcc/arm-none-eabi/12.3.1/../../../../arm-none-eabi/lib/thumb/v7e-m+fp/hard/libc_nano.a(libc_a-readr.o)
 .ARM.attributes
                0x00000897       0x34 /opt/st/stm32cubeide_1.16.0/plugins/com.st.stm32cube.ide.mcu.externaltools.gnu-tools-for-stm32.12.3.rel1.linux64_1.0.200.202406132123/tools/bin/../lib/gcc/arm-none-eabi/12.3.1/../../../../arm-none-eabi/lib/thumb/v7e-m+fp/hard/libc_nano.a(libc_a-writer.o)
 .ARM.attributes
                0x000008cb       0x34 /opt/st/stm32cubeide_1.16.0/plugins/com.st.stm32cube.ide.mcu.externaltools.gnu-tools-for-stm32.12.3.rel1.linux64_1.0.200.202406132123/tools/bin/../lib/gcc/arm-none-eabi/12.3.1/../../../../arm-none-eabi/lib/thumb/v7e-m+fp/hard/libc_nano.a(libc_a-errno.o)
 .ARM.attributes
                0x000008ff       0x34 /opt/st/stm32cubeide_1.16.0/plugins/com.st.stm32cube.ide.mcu.externaltools.gnu-tools-for-stm32.12.3.rel1.linux64_1.0.200.202406132123/tools/bin/../lib/gcc/arm-none-eabi/12.3.1/../../../../arm-none-eabi/lib/thumb/v7e-m+fp/hard/libc_nano.a(libc_a-init.o)
 .ARM.attributes
                0x00000933       0x34 /opt/st/stm32cubeide_1.16.0/plugins/com.st.stm32cube.ide.mcu.externaltools.gnu-tools-for-stm32.12.3.rel1.linux64_1.0.200.202406132123/tools/bin/../lib/gcc/arm-none-eabi/12.3.1/../../../../arm-none-eabi/lib/thumb/v7e-m+fp/hard/libc_nano.a(libc_a-lock.o)
 .ARM.attributes
                0x00000967       0x34 /opt/st/stm32cubeide_1.16.0/plugins/com.st.stm32cube.ide.mcu.externaltools.gnu-tools-for-stm32.12.3.rel1.linux64_1.0.200.202406132123/tools/bin/../lib/gcc/arm-none-eabi/12.3.1/../../../../arm-none-eabi/lib/thumb/v7e-m+fp/hard/libc_nano.a(libc_a-freer.o)
 .ARM.attributes
                0x0000099b       0x34 /opt/st/stm32cubeide_1.16.0/plugins/com.st.stm32cube.ide.mcu.externaltools.gnu-tools-for-stm32.12.3.rel1.linux64_1.0.200.202406132123/tools/bin/../lib/gcc/arm-none-eabi/12.3.1/../../../../arm-none-eabi/lib/thumb/v7e-m+fp/hard/libc_nano.a(libc_a-mallocr.o)
 .ARM.attributes
                0x000009cf       0x34 /opt/st/stm32cubeide_1.16.0/plugins/com.st.stm32cube.ide.mcu.externaltools.gnu-tools-for-stm32.12.3.rel1.linux64_1.0.200.202406132123/tools/bin/../lib/gcc/arm-none-eabi/12.3.1/../../../../arm-none-eabi/lib/thumb/v7e-m+fp/hard/libc_nano.a(libc_a-mlock.o)
 .ARM.attributes
                0x00000a03       0x34 /opt/st/stm32cubeide_1.16.0/plugins/com.st.stm32cube.ide.mcu.externaltools.gnu-tools-for-stm32.12.3.rel1.linux64_1.0.200.202406132123/tools/bin/../lib/gcc/arm-none-eabi/12.3.1/../../../../arm-none-eabi/lib/thumb/v7e-m+fp/hard/libc_nano.a(libc_a-nano-vfprintf.o)
 .ARM.attributes
                0x00000a37       0x34 /opt/st/stm32cubeide_1.16.0/plugins/com.st.stm32cube.ide.mcu.externaltools.gnu-tools-for-stm32.12.3.rel1.linux64_1.0.200.202406132123/tools/bin/../lib/gcc/arm-none-eabi/12.3.1/../../../../arm-none-eabi/lib/thumb/v7e-m+fp/hard/libc_nano.a(libc_a-nano-vfprintf_i.o)
 .ARM.attributes
                0x00000a6b       0x34 /opt/st/stm32cubeide_1.16.0/plugins/com.st.stm32cube.ide.mcu.externaltools.gnu-tools-for-stm32.12.3.rel1.linux64_1.0.200.202406132123/tools/bin/../lib/gcc/arm-none-eabi/12.3.1/../../../../arm-none-eabi/lib/thumb/v7e-m+fp/hard/libc_nano.a(libc_a-fflush.o)
 .ARM.attributes
                0x00000a9f       0x34 /opt/st/stm32cubeide_1.16.0/plugins/com.st.stm32cube.ide.mcu.externaltools.gnu-tools-for-stm32.12.3.rel1.linux64_1.0.200.202406132123/tools/bin/../lib/gcc/arm-none-eabi/12.3.1/../../../../arm-none-eabi/lib/thumb/v7e-m+fp/hard/libc_nano.a(libc_a-makebuf.o)
 .ARM.attributes
                0x00000ad3       0x34 /opt/st/stm32cubeide_1.16.0/plugins/com.st.stm32cube.ide.mcu.externaltools.gnu-tools-for-stm32.12.3.rel1.linux64_1.0.200.202406132123/tools/bin/../lib/gcc/arm-none-eabi/12.3.1/../../../../arm-none-eabi/lib/thumb/v7e-m+fp/hard/libc_nano.a(libc_a-fstatr.o)
 .ARM.attributes
                0x00000b07       0x34 /opt/st/stm32cubeide_1.16.0/plugins/com.st.stm32cube.ide.mcu.externaltools.gnu-tools-for-stm32.12.3.rel1.linux64_1.0.200.202406132123/tools/bin/../lib/gcc/arm-none-eabi/12.3.1/../../../../arm-none-eabi/lib/thumb/v7e-m+fp/hard/libc_nano.a(libc_a-isattyr.o)
 .ARM.attributes
                0x00000b3b       0x34 /opt/st/stm32cubeide_1.16.0/plugins/com.st.stm32cube.ide.mcu.externaltools.gnu-tools-for-stm32.12.3.rel1.linux64_1.0.200.202406132123/tools/bin/../lib/gcc/arm-none-eabi/12.3.1/../../../../arm-none-eabi/lib/thumb/v7e-m+fp/hard/libc_nano.a(libc_a-sbrkr.o)
 .ARM.attributes
                0x00000b6f       0x1c /opt/st/stm32cubeide_1.16.0/plugins/com.st.stm32cube.ide.mcu.externaltools.gnu-tools-for-stm32.12.3.rel1.linux64_1.0.200.202406132123/tools/bin/../lib/gcc/arm-none-eabi/12.3.1/../../../../arm-none-eabi/lib/thumb/v7e-m+fp/hard/libc_nano.a(libc_a-memchr.o)
 .ARM.attributes
                0x00000b8b       0x22 /opt/st/stm32cubeide_1.16.0/plugins/com.st.stm32cube.ide.mcu.externaltools.gnu-tools-for-stm32.12.3.rel1.linux64_1.0.200.202406132123/tools/bin/../lib/gcc/arm-none-eabi/12.3.1/thumb/v7e-m+fp/hard/libgcc.a(_aeabi_uldivmod.o)
 .ARM.attributes
                0x00000bad       0x34 /opt/st/stm32cubeide_1.16.0/plugins/com.st.stm32cube.ide.mcu.externaltools.gnu-tools-for-stm32.12.3.rel1.linux64_1.0.200.202406132123/tools/bin/../lib/gcc/arm-none-eabi/12.3.1/thumb/v7e-m+fp/hard/libgcc.a(_udivmoddi4.o)
 .ARM.attributes
                0x00000be1       0x22 /opt/st/stm32cubeide_1.16.0/plugins/com.st.stm32cube.ide.mcu.externaltools.gnu-tools-for-stm32.12.3.rel1.linux64_1.0.200.202406132123/tools/bin/../lib/gcc/arm-none-eabi/12.3.1/thumb/v7e-m+fp/hard/libgcc.a(_dvmd_tls.o)
 .ARM.attributes
                0x00000c03       0x22 /opt/st/stm32cubeide_1.16.0/plugins/com.st.stm32cube.ide.mcu.externaltools.gnu-tools-for-stm32.12.3.rel1.linux64_1.0.200.202406132123/tools/bin/../lib/gcc/arm-none-eabi/12.3.1/thumb/v7e-m+fp/hard/crtn.o
OUTPUT(EJohnsonFinalProject.elf elf32-littlearm)
LOAD linker stubs
LOAD /opt/st/stm32cubeide_1.16.0/plugins/com.st.stm32cube.ide.mcu.externaltools.gnu-tools-for-stm32.12.3.rel1.linux64_1.0.200.202406132123/tools/bin/../lib/gcc/arm-none-eabi/12.3.1/../../../../arm-none-eabi/lib/thumb/v7e-m+fp/hard/libc.a
LOAD /opt/st/stm32cubeide_1.16.0/plugins/com.st.stm32cube.ide.mcu.externaltools.gnu-tools-for-stm32.12.3.rel1.linux64_1.0.200.202406132123/tools/bin/../lib/gcc/arm-none-eabi/12.3.1/../../../../arm-none-eabi/lib/thumb/v7e-m+fp/hard/libm.a
LOAD /opt/st/stm32cubeide_1.16.0/plugins/com.st.stm32cube.ide.mcu.externaltools.gnu-tools-for-stm32.12.3.rel1.linux64_1.0.200.202406132123/tools/bin/../lib/gcc/arm-none-eabi/12.3.1/thumb/v7e-m+fp/hard/libgcc.a

.debug_info     0x00000000    0x14809
 .debug_info    0x00000000      0x974 ./Core/Src/ApplicationCode.o
 .debug_info    0x00000974      0x6a3 ./Core/Src/Button_Driver.o
 .debug_info    0x00001017      0x365 ./Core/Src/Gameplay.o
 .debug_info    0x0000137c     0x1359 ./Core/Src/LCD_Driver.o
 .debug_info    0x000026d5      0x48c ./Core/Src/RNG_Driver.o
 .debug_info    0x00002b61      0x973 ./Core/Src/Timer_Driver.o
 .debug_info    0x000034d4      0x145 ./Core/Src/fonts.o
 .debug_info    0x00003619      0xc85 ./Core/Src/ili9341.o
 .debug_info    0x0000429e      0x52e ./Core/Src/main.o
 .debug_info    0x000047cc     0x1a65 ./Core/Src/stm32f4xx_hal_msp.o
 .debug_info    0x00006231      0x74f ./Core/Src/stm32f4xx_it.o
 .debug_info    0x00006980     0x124f ./Core/Src/stmpe811.o
 .debug_info    0x00007bcf      0x6a3 ./Core/Src/syscalls.o
 .debug_info    0x00008272      0x168 ./Core/Src/sysmem.o
 .debug_info    0x000083da      0x52e ./Core/Src/system_stm32f4xx.o
 .debug_info    0x00008908       0x30 ./Core/Startup/startup_stm32f429zitx.o
 .debug_info    0x00008938      0x9ba ./Drivers/STM32F4xx_HAL_Driver/Src/stm32f4xx_hal.o
 .debug_info    0x000092f2      0xdc2 ./Drivers/STM32F4xx_HAL_Driver/Src/stm32f4xx_hal_cortex.o
 .debug_info    0x0000a0b4      0x4f4 ./Drivers/STM32F4xx_HAL_Driver/Src/stm32f4xx_hal_exti.o
 .debug_info    0x0000a5a8      0x6db ./Drivers/STM32F4xx_HAL_Driver/Src/stm32f4xx_hal_gpio.o
 .debug_info    0x0000ac83     0x2421 ./Drivers/STM32F4xx_HAL_Driver/Src/stm32f4xx_hal_i2c.o
 .debug_info    0x0000d0a4     0x1022 ./Drivers/STM32F4xx_HAL_Driver/Src/stm32f4xx_hal_ltdc.o
 .debug_info    0x0000e0c6      0x8c7 ./Drivers/STM32F4xx_HAL_Driver/Src/stm32f4xx_hal_rcc.o
 .debug_info    0x0000e98d      0x64c ./Drivers/STM32F4xx_HAL_Driver/Src/stm32f4xx_hal_rcc_ex.o
 .debug_info    0x0000efd9      0x493 ./Drivers/STM32F4xx_HAL_Driver/Src/stm32f4xx_hal_rng.o
 .debug_info    0x0000f46c     0x1525 ./Drivers/STM32F4xx_HAL_Driver/Src/stm32f4xx_hal_spi.o
 .debug_info    0x00010991     0x299d ./Drivers/STM32F4xx_HAL_Driver/Src/stm32f4xx_hal_tim.o
 .debug_info    0x0001332e     0x14db ./Drivers/STM32F4xx_HAL_Driver/Src/stm32f4xx_hal_tim_ex.o

.debug_abbrev   0x00000000     0x376f
 .debug_abbrev  0x00000000      0x218 ./Core/Src/ApplicationCode.o
 .debug_abbrev  0x00000218      0x1c6 ./Core/Src/Button_Driver.o
 .debug_abbrev  0x000003de      0x141 ./Core/Src/Gameplay.o
 .debug_abbrev  0x0000051f      0x328 ./Core/Src/LCD_Driver.o
 .debug_abbrev  0x00000847      0x1be ./Core/Src/RNG_Driver.o
 .debug_abbrev  0x00000a05      0x1e1 ./Core/Src/Timer_Driver.o
 .debug_abbrev  0x00000be6       0xc6 ./Core/Src/fonts.o
 .debug_abbrev  0x00000cac      0x2c9 ./Core/Src/ili9341.o
 .debug_abbrev  0x00000f75      0x1ee ./Core/Src/main.o
 .debug_abbrev  0x00001163      0x266 ./Core/Src/stm32f4xx_hal_msp.o
 .debug_abbrev  0x000013c9      0x1a8 ./Core/Src/stm32f4xx_it.o
 .debug_abbrev  0x00001571      0x303 ./Core/Src/stmpe811.o
 .debug_abbrev  0x00001874      0x1b6 ./Core/Src/syscalls.o
 .debug_abbrev  0x00001a2a       0xbc ./Core/Src/sysmem.o
 .debug_abbrev  0x00001ae6      0x11a ./Core/Src/system_stm32f4xx.o
 .debug_abbrev  0x00001c00       0x24 ./Core/Startup/startup_stm32f429zitx.o
 .debug_abbrev  0x00001c24      0x214 ./Drivers/STM32F4xx_HAL_Driver/Src/stm32f4xx_hal.o
 .debug_abbrev  0x00001e38      0x31d ./Drivers/STM32F4xx_HAL_Driver/Src/stm32f4xx_hal_cortex.o
 .debug_abbrev  0x00002155      0x1c6 ./Drivers/STM32F4xx_HAL_Driver/Src/stm32f4xx_hal_exti.o
 .debug_abbrev  0x0000231b      0x1d4 ./Drivers/STM32F4xx_HAL_Driver/Src/stm32f4xx_hal_gpio.o
 .debug_abbrev  0x000024ef      0x2ad ./Drivers/STM32F4xx_HAL_Driver/Src/stm32f4xx_hal_i2c.o
 .debug_abbrev  0x0000279c      0x233 ./Drivers/STM32F4xx_HAL_Driver/Src/stm32f4xx_hal_ltdc.o
 .debug_abbrev  0x000029cf      0x2b7 ./Drivers/STM32F4xx_HAL_Driver/Src/stm32f4xx_hal_rcc.o
 .debug_abbrev  0x00002c86      0x1b0 ./Drivers/STM32F4xx_HAL_Driver/Src/stm32f4xx_hal_rcc_ex.o
 .debug_abbrev  0x00002e36      0x1c4 ./Drivers/STM32F4xx_HAL_Driver/Src/stm32f4xx_hal_rng.o
 .debug_abbrev  0x00002ffa      0x27a ./Drivers/STM32F4xx_HAL_Driver/Src/stm32f4xx_hal_spi.o
 .debug_abbrev  0x00003274      0x278 ./Drivers/STM32F4xx_HAL_Driver/Src/stm32f4xx_hal_tim.o
 .debug_abbrev  0x000034ec      0x283 ./Drivers/STM32F4xx_HAL_Driver/Src/stm32f4xx_hal_tim_ex.o

.debug_aranges  0x00000000     0x1568
 .debug_aranges
                0x00000000       0x50 ./Core/Src/ApplicationCode.o
 .debug_aranges
                0x00000050       0x38 ./Core/Src/Button_Driver.o
 .debug_aranges
                0x00000088       0x70 ./Core/Src/Gameplay.o
 .debug_aranges
                0x000000f8      0x108 ./Core/Src/LCD_Driver.o
 .debug_aranges
                0x00000200       0x40 ./Core/Src/RNG_Driver.o
 .debug_aranges
                0x00000240       0x58 ./Core/Src/Timer_Driver.o
 .debug_aranges
                0x00000298       0x18 ./Core/Src/fonts.o
 .debug_aranges
                0x000002b0       0x98 ./Core/Src/ili9341.o
 .debug_aranges
                0x00000348       0x38 ./Core/Src/main.o
 .debug_aranges
                0x00000380       0x70 ./Core/Src/stm32f4xx_hal_msp.o
 .debug_aranges
                0x000003f0       0x70 ./Core/Src/stm32f4xx_it.o
 .debug_aranges
                0x00000460       0x98 ./Core/Src/stmpe811.o
 .debug_aranges
                0x000004f8       0xa8 ./Core/Src/syscalls.o
 .debug_aranges
                0x000005a0       0x20 ./Core/Src/sysmem.o
 .debug_aranges
                0x000005c0       0x28 ./Core/Src/system_stm32f4xx.o
 .debug_aranges
                0x000005e8       0x28 ./Core/Startup/startup_stm32f429zitx.o
 .debug_aranges
                0x00000610      0x100 ./Drivers/STM32F4xx_HAL_Driver/Src/stm32f4xx_hal.o
 .debug_aranges
                0x00000710      0x130 ./Drivers/STM32F4xx_HAL_Driver/Src/stm32f4xx_hal_cortex.o
 .debug_aranges
                0x00000840       0x60 ./Drivers/STM32F4xx_HAL_Driver/Src/stm32f4xx_hal_exti.o
 .debug_aranges
                0x000008a0       0x58 ./Drivers/STM32F4xx_HAL_Driver/Src/stm32f4xx_hal_gpio.o
 .debug_aranges
                0x000008f8      0x2a8 ./Drivers/STM32F4xx_HAL_Driver/Src/stm32f4xx_hal_i2c.o
 .debug_aranges
                0x00000ba0      0x158 ./Drivers/STM32F4xx_HAL_Driver/Src/stm32f4xx_hal_ltdc.o
 .debug_aranges
                0x00000cf8       0x88 ./Drivers/STM32F4xx_HAL_Driver/Src/stm32f4xx_hal_rcc.o
 .debug_aranges
                0x00000d80       0x58 ./Drivers/STM32F4xx_HAL_Driver/Src/stm32f4xx_hal_rcc_ex.o
 .debug_aranges
                0x00000dd8       0x88 ./Drivers/STM32F4xx_HAL_Driver/Src/stm32f4xx_hal_rng.o
 .debug_aranges
                0x00000e60      0x1d0 ./Drivers/STM32F4xx_HAL_Driver/Src/stm32f4xx_hal_spi.o
 .debug_aranges
                0x00001030      0x3d0 ./Drivers/STM32F4xx_HAL_Driver/Src/stm32f4xx_hal_tim.o
 .debug_aranges
                0x00001400      0x168 ./Drivers/STM32F4xx_HAL_Driver/Src/stm32f4xx_hal_tim_ex.o

.debug_rnglists
                0x00000000     0x106d
 .debug_rnglists
                0x00000000       0x38 ./Core/Src/ApplicationCode.o
 .debug_rnglists
                0x00000038       0x25 ./Core/Src/Button_Driver.o
 .debug_rnglists
                0x0000005d       0x51 ./Core/Src/Gameplay.o
 .debug_rnglists
                0x000000ae       0xcd ./Core/Src/LCD_Driver.o
 .debug_rnglists
                0x0000017b       0x2b ./Core/Src/RNG_Driver.o
 .debug_rnglists
                0x000001a6       0x3d ./Core/Src/Timer_Driver.o
 .debug_rnglists
                0x000001e3       0x6f ./Core/Src/ili9341.o
 .debug_rnglists
                0x00000252       0x27 ./Core/Src/main.o
 .debug_rnglists
                0x00000279       0x53 ./Core/Src/stm32f4xx_hal_msp.o
 .debug_rnglists
                0x000002cc       0x4f ./Core/Src/stm32f4xx_it.o
 .debug_rnglists
                0x0000031b       0x73 ./Core/Src/stmpe811.o
 .debug_rnglists
                0x0000038e       0x79 ./Core/Src/syscalls.o
 .debug_rnglists
                0x00000407       0x13 ./Core/Src/sysmem.o
 .debug_rnglists
                0x0000041a       0x1a ./Core/Src/system_stm32f4xx.o
 .debug_rnglists
                0x00000434       0x19 ./Core/Startup/startup_stm32f429zitx.o
 .debug_rnglists
                0x0000044d       0xbb ./Drivers/STM32F4xx_HAL_Driver/Src/stm32f4xx_hal.o
 .debug_rnglists
                0x00000508       0xe0 ./Drivers/STM32F4xx_HAL_Driver/Src/stm32f4xx_hal_cortex.o
 .debug_rnglists
                0x000005e8       0x46 ./Drivers/STM32F4xx_HAL_Driver/Src/stm32f4xx_hal_exti.o
 .debug_rnglists
                0x0000062e       0x3f ./Drivers/STM32F4xx_HAL_Driver/Src/stm32f4xx_hal_gpio.o
 .debug_rnglists
                0x0000066d      0x23c ./Drivers/STM32F4xx_HAL_Driver/Src/stm32f4xx_hal_i2c.o
 .debug_rnglists
                0x000008a9      0x10a ./Drivers/STM32F4xx_HAL_Driver/Src/stm32f4xx_hal_ltdc.o
 .debug_rnglists
                0x000009b3       0x66 ./Drivers/STM32F4xx_HAL_Driver/Src/stm32f4xx_hal_rcc.o
 .debug_rnglists
                0x00000a19       0x43 ./Drivers/STM32F4xx_HAL_Driver/Src/stm32f4xx_hal_rcc_ex.o
 .debug_rnglists
                0x00000a5c       0x63 ./Drivers/STM32F4xx_HAL_Driver/Src/stm32f4xx_hal_rng.o
 .debug_rnglists
                0x00000abf      0x16f ./Drivers/STM32F4xx_HAL_Driver/Src/stm32f4xx_hal_spi.o
 .debug_rnglists
                0x00000c2e      0x31a ./Drivers/STM32F4xx_HAL_Driver/Src/stm32f4xx_hal_tim.o
 .debug_rnglists
                0x00000f48      0x125 ./Drivers/STM32F4xx_HAL_Driver/Src/stm32f4xx_hal_tim_ex.o

.debug_macro    0x00000000    0x2790c
 .debug_macro   0x00000000      0x361 ./Core/Src/ApplicationCode.o
 .debug_macro   0x00000361      0xab4 ./Core/Src/ApplicationCode.o
 .debug_macro   0x00000e15      0x2ad ./Core/Src/ApplicationCode.o
 .debug_macro   0x000010c2       0x2e ./Core/Src/ApplicationCode.o
 .debug_macro   0x000010f0       0x28 ./Core/Src/ApplicationCode.o
 .debug_macro   0x00001118       0x22 ./Core/Src/ApplicationCode.o
 .debug_macro   0x0000113a       0x8e ./Core/Src/ApplicationCode.o
 .debug_macro   0x000011c8       0x51 ./Core/Src/ApplicationCode.o