../Core/Src/Gameplay.c:19:6:screen1	16	static
../Core/Src/Gameplay.c:48:6:screen2	8	static
../Core/Src/Gameplay.c:69:6:screen3	16	static
../Core/Src/Gameplay.c:101:6:resetScreen	8	static
../Core/Src/Gameplay.c:109:6:generateBlock	8	static
../Core/Src/Gameplay.c:118:6:drawBlock	8	static
../Core/Src/Gameplay.c:146:6:rotateBlock	4	static
../Core/Src/Gameplay.c:149:6:resetPosition	4	static
../Core/Src/Gameplay.c:153:6:moveBlockDown	4	static
../Core/Src/Gameplay.c:156:6:moveBlockRight	4	static
../Core/Src/Gameplay.c:159:6:moveBlockLeft	4	static
