../Core/Src/Gameplay.c:19:6:screen1	16	static
../Core/Src/Gameplay.c:48:6:screen2	16	static
../Core/Src/Gameplay.c:93:6:screen3	8	static
../Core/Src/Gameplay.c:103:6:resetScreen	8	static
../Core/Src/Gameplay.c:111:6:generateBlock	8	static
../Core/Src/Gameplay.c:120:6:drawBlock	8	static
../Core/Src/Gameplay.c:148:6:changeOrientation	4	static
../Core/Src/Gameplay.c:151:6:resetPosition	4	static
../Core/Src/Gameplay.c:155:6:moveBlockDown	4	static
../Core/Src/Gameplay.c:158:6:moveBlockRight	4	static
../Core/Src/Gameplay.c:161:6:moveBlockLeft	4	static
