../Core/Src/LCD_Driver.c:33:6:LCD_GPIO_Init	56	static
../Core/Src/LCD_Driver.c:116:6:LTCD_Layer_Init	72	static
../Core/Src/LCD_Driver.c:143:6:clearScreen	8	static
../Core/Src/LCD_Driver.c:148:6:LTCD__Init	8	static
../Core/Src/LCD_Driver.c:207:6:LCD_Draw_Pixel	16	static
../Core/Src/LCD_Driver.c:217:6:LCD_Draw_Circle_Fill	32	static
../Core/Src/LCD_Driver.c:231:6:LCD_Draw_Vertical_Line	32	static
../Core/Src/LCD_Driver.c:239:6:LCD_Draw_Horizontal_Line	32	static
../Core/Src/LCD_Driver.c:247:6:LCD_Clear	24	static
../Core/Src/LCD_Driver.c:257:6:LCD_Draw_Rectangle_Empty	24	static
../Core/Src/LCD_Driver.c:268:6:LCD_Draw_Rectangle_Fill	32	static
../Core/Src/LCD_Driver.c:276:6:LCD_Draw_OBlock	24	static
../Core/Src/LCD_Driver.c:281:6:LCD_Draw_IBlock	16	static
../Core/Src/LCD_Driver.c:285:6:LCD_Draw_SBlock	16	static
../Core/Src/LCD_Driver.c:289:6:LCD_Draw_ZBlock	16	static
../Core/Src/LCD_Driver.c:293:6:LCD_Draw_LBlock	16	static
../Core/Src/LCD_Driver.c:297:6:LCD_Draw_JBlock	16	static
../Core/Src/LCD_Driver.c:301:6:LCD_Draw_TBlock	16	static
../Core/Src/LCD_Driver.c:307:6:LCD_SetTextColor	16	static
../Core/Src/LCD_Driver.c:313:6:LCD_SetFont	16	static
../Core/Src/LCD_Driver.c:319:6:LCD_Draw_Char	24	static
../Core/Src/LCD_Driver.c:339:6:LCD_DisplayChar	16	static
../Core/Src/LCD_Driver.c:345:6:visualDemo	16	static
../Core/Src/LCD_Driver.c:391:6:screen1	16	static
../Core/Src/LCD_Driver.c:427:6:LCD_Error_Handler	4	static,ignoring_inline_asm
