../Core/Src/LCD_Driver.c:34:6:LCD_GPIO_Init	56	static
../Core/Src/LCD_Driver.c:117:6:LTCD_Layer_Init	72	static
../Core/Src/LCD_Driver.c:144:6:clearScreen	8	static
../Core/Src/LCD_Driver.c:148:6:LTCD__Init	8	static
../Core/Src/LCD_Driver.c:207:6:LCD_Draw_Pixel	16	static
../Core/Src/LCD_Driver.c:219:6:LCD_Draw_Circle_Fill	32	static
../Core/Src/LCD_Driver.c:233:6:LCD_Draw_Vertical_Line	32	static
../Core/Src/LCD_Driver.c:239:6:LCD_Draw_Horizontal_Line	32	static
../Core/Src/LCD_Driver.c:245:6:LCD_Clear	24	static
../Core/Src/LCD_Driver.c:260:6:LCD_Draw_Rectangle_Empty	24	static
../Core/Src/LCD_Driver.c:267:6:LCD_Draw_Rectangle_Fill	32	static
../Core/Src/LCD_Driver.c:274:6:LCD_Draw_OBlock	24	static
../Core/Src/LCD_Driver.c:277:6:LCD_Draw_IBlock	24	static
../Core/Src/LCD_Driver.c:289:6:LCD_Draw_SBlock	24	static
../Core/Src/LCD_Driver.c:303:6:LCD_Draw_ZBlock	24	static
../Core/Src/LCD_Driver.c:317:6:LCD_Draw_LBlock	24	static
../Core/Src/LCD_Driver.c:339:6:LCD_Draw_JBlock	24	static
../Core/Src/LCD_Driver.c:361:6:LCD_Draw_TBlock	24	static
../Core/Src/LCD_Driver.c:385:6:LCD_SetTextColor	16	static
../Core/Src/LCD_Driver.c:391:6:LCD_SetFont	16	static
../Core/Src/LCD_Driver.c:397:6:LCD_Draw_Char	24	static
../Core/Src/LCD_Driver.c:417:6:LCD_DisplayChar	16	static
../Core/Src/LCD_Driver.c:423:6:LCD_DisplayString	32	static
../Core/Src/LCD_Driver.c:500:6:visualDemo	16	static
../Core/Src/LCD_Driver.c:550:6:LCD_Error_Handler	4	static,ignoring_inline_asm
../Core/Src/LCD_Driver.c:565:6:InitializeLCDTouch	8	static
../Core/Src/LCD_Driver.c:573:18:returnTouchStateAndLocation	16	static
../Core/Src/LCD_Driver.c:578:6:DetermineTouchPosition	16	static
../Core/Src/LCD_Driver.c:583:9:ReadRegisterFromTouchModule	16	static
../Core/Src/LCD_Driver.c:588:6:WriteDataToTouchModule	16	static
